Archive member included to satisfy reference by file (symbol)

c:/st/stm32cubeide_1.4.0/stm32cubeide/plugins/com.st.stm32cube.ide.mcu.externaltools.gnu-tools-for-stm32.7-2018-q2-update.win32_1.4.0.202007081208/tools/bin/../lib/gcc/arm-none-eabi/7.3.1/../../../../arm-none-eabi/lib/thumb/v7e-m/fpv4-sp/hard\libc_nano.a(lib_a-errno.o)
                              Core/Src/syscalls.o (__errno)
c:/st/stm32cubeide_1.4.0/stm32cubeide/plugins/com.st.stm32cube.ide.mcu.externaltools.gnu-tools-for-stm32.7-2018-q2-update.win32_1.4.0.202007081208/tools/bin/../lib/gcc/arm-none-eabi/7.3.1/../../../../arm-none-eabi/lib/thumb/v7e-m/fpv4-sp/hard\libc_nano.a(lib_a-exit.o)
                              c:/st/stm32cubeide_1.4.0/stm32cubeide/plugins/com.st.stm32cube.ide.mcu.externaltools.gnu-tools-for-stm32.7-2018-q2-update.win32_1.4.0.202007081208/tools/bin/../lib/gcc/arm-none-eabi/7.3.1/../../../../arm-none-eabi/lib/thumb/v7e-m/fpv4-sp/hard/crt0.o (exit)
c:/st/stm32cubeide_1.4.0/stm32cubeide/plugins/com.st.stm32cube.ide.mcu.externaltools.gnu-tools-for-stm32.7-2018-q2-update.win32_1.4.0.202007081208/tools/bin/../lib/gcc/arm-none-eabi/7.3.1/../../../../arm-none-eabi/lib/thumb/v7e-m/fpv4-sp/hard\libc_nano.a(lib_a-impure.o)
                              c:/st/stm32cubeide_1.4.0/stm32cubeide/plugins/com.st.stm32cube.ide.mcu.externaltools.gnu-tools-for-stm32.7-2018-q2-update.win32_1.4.0.202007081208/tools/bin/../lib/gcc/arm-none-eabi/7.3.1/../../../../arm-none-eabi/lib/thumb/v7e-m/fpv4-sp/hard\libc_nano.a(lib_a-exit.o) (_global_impure_ptr)
c:/st/stm32cubeide_1.4.0/stm32cubeide/plugins/com.st.stm32cube.ide.mcu.externaltools.gnu-tools-for-stm32.7-2018-q2-update.win32_1.4.0.202007081208/tools/bin/../lib/gcc/arm-none-eabi/7.3.1/../../../../arm-none-eabi/lib/thumb/v7e-m/fpv4-sp/hard\libc_nano.a(lib_a-init.o)
                              c:/st/stm32cubeide_1.4.0/stm32cubeide/plugins/com.st.stm32cube.ide.mcu.externaltools.gnu-tools-for-stm32.7-2018-q2-update.win32_1.4.0.202007081208/tools/bin/../lib/gcc/arm-none-eabi/7.3.1/../../../../arm-none-eabi/lib/thumb/v7e-m/fpv4-sp/hard/crt0.o (__libc_init_array)
c:/st/stm32cubeide_1.4.0/stm32cubeide/plugins/com.st.stm32cube.ide.mcu.externaltools.gnu-tools-for-stm32.7-2018-q2-update.win32_1.4.0.202007081208/tools/bin/../lib/gcc/arm-none-eabi/7.3.1/../../../../arm-none-eabi/lib/thumb/v7e-m/fpv4-sp/hard\libc_nano.a(lib_a-memset.o)
                              c:/st/stm32cubeide_1.4.0/stm32cubeide/plugins/com.st.stm32cube.ide.mcu.externaltools.gnu-tools-for-stm32.7-2018-q2-update.win32_1.4.0.202007081208/tools/bin/../lib/gcc/arm-none-eabi/7.3.1/../../../../arm-none-eabi/lib/thumb/v7e-m/fpv4-sp/hard/crt0.o (memset)
c:/st/stm32cubeide_1.4.0/stm32cubeide/plugins/com.st.stm32cube.ide.mcu.externaltools.gnu-tools-for-stm32.7-2018-q2-update.win32_1.4.0.202007081208/tools/bin/../lib/gcc/arm-none-eabi/7.3.1/../../../../arm-none-eabi/lib/thumb/v7e-m/fpv4-sp/hard\libc_nano.a(lib_a-sprintf.o)
                              Core/Src/ESP8266.o (sprintf)
c:/st/stm32cubeide_1.4.0/stm32cubeide/plugins/com.st.stm32cube.ide.mcu.externaltools.gnu-tools-for-stm32.7-2018-q2-update.win32_1.4.0.202007081208/tools/bin/../lib/gcc/arm-none-eabi/7.3.1/../../../../arm-none-eabi/lib/thumb/v7e-m/fpv4-sp/hard\libc_nano.a(lib_a-strlen.o)
                              Core/Src/ESP8266.o (strlen)
c:/st/stm32cubeide_1.4.0/stm32cubeide/plugins/com.st.stm32cube.ide.mcu.externaltools.gnu-tools-for-stm32.7-2018-q2-update.win32_1.4.0.202007081208/tools/bin/../lib/gcc/arm-none-eabi/7.3.1/../../../../arm-none-eabi/lib/thumb/v7e-m/fpv4-sp/hard\libc_nano.a(lib_a-strstr.o)
                              Core/Src/ESP8266.o (strstr)
c:/st/stm32cubeide_1.4.0/stm32cubeide/plugins/com.st.stm32cube.ide.mcu.externaltools.gnu-tools-for-stm32.7-2018-q2-update.win32_1.4.0.202007081208/tools/bin/../lib/gcc/arm-none-eabi/7.3.1/../../../../arm-none-eabi/lib/thumb/v7e-m/fpv4-sp/hard\libc_nano.a(lib_a-nano-svfprintf.o)
                              c:/st/stm32cubeide_1.4.0/stm32cubeide/plugins/com.st.stm32cube.ide.mcu.externaltools.gnu-tools-for-stm32.7-2018-q2-update.win32_1.4.0.202007081208/tools/bin/../lib/gcc/arm-none-eabi/7.3.1/../../../../arm-none-eabi/lib/thumb/v7e-m/fpv4-sp/hard\libc_nano.a(lib_a-sprintf.o) (_svfprintf_r)
c:/st/stm32cubeide_1.4.0/stm32cubeide/plugins/com.st.stm32cube.ide.mcu.externaltools.gnu-tools-for-stm32.7-2018-q2-update.win32_1.4.0.202007081208/tools/bin/../lib/gcc/arm-none-eabi/7.3.1/../../../../arm-none-eabi/lib/thumb/v7e-m/fpv4-sp/hard\libc_nano.a(lib_a-nano-vfprintf_i.o)
                              c:/st/stm32cubeide_1.4.0/stm32cubeide/plugins/com.st.stm32cube.ide.mcu.externaltools.gnu-tools-for-stm32.7-2018-q2-update.win32_1.4.0.202007081208/tools/bin/../lib/gcc/arm-none-eabi/7.3.1/../../../../arm-none-eabi/lib/thumb/v7e-m/fpv4-sp/hard\libc_nano.a(lib_a-nano-svfprintf.o) (_printf_i)
[...]
Memory Configuration

Name             Origin             Length             Attributes
RAM              0x0000000020000000 0x0000000000018000 xrw
RAM2             0x0000000010000000 0x0000000000008000 xrw
FLASH            0x0000000008000000 0x0000000000100000 xr
*default*        0x0000000000000000 0xffffffffffffffff

Linker script and memory map

LOAD c:/st/stm32cubeide_1.4.0/stm32cubeide/plugins/com.st.stm32cube.ide.mcu.externaltools.gnu-tools-for-stm32.7-2018-q2-update.win32_1.4.0.202007081208/tools/bin/../lib/gcc/arm-none-eabi/7.3.1/thumb/v7e-m/fpv4-sp/hard/crti.o
LOAD c:/st/stm32cubeide_1.4.0/stm32cubeide/plugins/com.st.stm32cube.ide.mcu.externaltools.gnu-tools-for-stm32.7-2018-q2-update.win32_1.4.0.202007081208/tools/bin/../lib/gcc/arm-none-eabi/7.3.1/thumb/v7e-m/fpv4-sp/hard/crtbegin.o
LOAD c:/st/stm32cubeide_1.4.0/stm32cubeide/plugins/com.st.stm32cube.ide.mcu.externaltools.gnu-tools-for-stm32.7-2018-q2-update.win32_1.4.0.202007081208/tools/bin/../lib/gcc/arm-none-eabi/7.3.1/../../../../arm-none-eabi/lib/thumb/v7e-m/fpv4-sp/hard/crt0.o
LOAD Core/Src/ESP8266.o
LOAD Core/Src/gpio.o
LOAD Core/Src/main.o
LOAD Core/Src/stm32l4xx_hal_msp.o
LOAD Core/Src/stm32l4xx_it.o
LOAD Core/Src/syscalls.o
LOAD Core/Src/sysmem.o
LOAD Core/Src/system_stm32l4xx.o
LOAD Core/Src/test.o
LOAD Core/Src/usart.o
LOAD Core/Startup/startup_stm32l476rgtx.o
LOAD Drivers/STM32L4xx_HAL_Driver/Src/stm32l4xx_hal.o
LOAD Drivers/STM32L4xx_HAL_Driver/Src/stm32l4xx_hal_cortex.o
LOAD Drivers/STM32L4xx_HAL_Driver/Src/stm32l4xx_hal_dma.o
LOAD Drivers/STM32L4xx_HAL_Driver/Src/stm32l4xx_hal_dma_ex.o
LOAD Drivers/STM32L4xx_HAL_Driver/Src/stm32l4xx_hal_exti.o
LOAD Drivers/STM32L4xx_HAL_Driver/Src/stm32l4xx_hal_flash.o
LOAD Drivers/STM32L4xx_HAL_Driver/Src/stm32l4xx_hal_flash_ex.o
LOAD Drivers/STM32L4xx_HAL_Driver/Src/stm32l4xx_hal_flash_ramfunc.o
LOAD Drivers/STM32L4xx_HAL_Driver/Src/stm32l4xx_hal_gpio.o
LOAD Drivers/STM32L4xx_HAL_Driver/Src/stm32l4xx_hal_i2c.o
LOAD Drivers/STM32L4xx_HAL_Driver/Src/stm32l4xx_hal_i2c_ex.o
LOAD Drivers/STM32L4xx_HAL_Driver/Src/stm32l4xx_hal_pwr.o
LOAD Drivers/STM32L4xx_HAL_Driver/Src/stm32l4xx_hal_pwr_ex.o
LOAD Drivers/STM32L4xx_HAL_Driver/Src/stm32l4xx_hal_rcc.o
LOAD Drivers/STM32L4xx_HAL_Driver/Src/stm32l4xx_hal_rcc_ex.o
LOAD Drivers/STM32L4xx_HAL_Driver/Src/stm32l4xx_hal_tim.o
LOAD Drivers/STM32L4xx_HAL_Driver/Src/stm32l4xx_hal_tim_ex.o
LOAD Drivers/STM32L4xx_HAL_Driver/Src/stm32l4xx_hal_uart.o
LOAD Drivers/STM32L4xx_HAL_Driver/Src/stm32l4xx_hal_uart_ex.o
START GROUP
LOAD c:/st/stm32cubeide_1.4.0/stm32cubeide/plugins/com.st.stm32cube.ide.mcu.externaltools.gnu-tools-for-stm32.7-2018-q2-update.win32_1.4.0.202007081208/tools/bin/../lib/gcc/arm-none-eabi/7.3.1/../../../../arm-none-eabi/lib/thumb/v7e-m/fpv4-sp/hard\libc_nano.a
LOAD c:/st/stm32cubeide_1.4.0/stm32cubeide/plugins/com.st.stm32cube.ide.mcu.externaltools.gnu-tools-for-stm32.7-2018-q2-update.win32_1.4.0.202007081208/tools/bin/../lib/gcc/arm-none-eabi/7.3.1/../../../../arm-none-eabi/lib/thumb/v7e-m/fpv4-sp/hard\libm.a
END GROUP
START GROUP
LOAD c:/st/stm32cubeide_1.4.0/stm32cubeide/plugins/com.st.stm32cube.ide.mcu.externaltools.gnu-tools-for-stm32.7-2018-q2-update.win32_1.4.0.202007081208/tools/bin/../lib/gcc/arm-none-eabi/7.3.1/thumb/v7e-m/fpv4-sp/hard\libgcc.a
LOAD c:/st/stm32cubeide_1.4.0/stm32cubeide/plugins/com.st.stm32cube.ide.mcu.externaltools.gnu-tools-for-stm32.7-2018-q2-update.win32_1.4.0.202007081208/tools/bin/../lib/gcc/arm-none-eabi/7.3.1/../../../../arm-none-eabi/lib/thumb/v7e-m/fpv4-sp/hard\libc_nano.a
END GROUP
START GROUP
LOAD c:/st/stm32cubeide_1.4.0/stm32cubeide/plugins/com.st.stm32cube.ide.mcu.externaltools.gnu-tools-for-stm32.7-2018-q2-update.win32_1.4.0.202007081208/tools/bin/../lib/gcc/arm-none-eabi/7.3.1/thumb/v7e-m/fpv4-sp/hard\libgcc.a
LOAD c:/st/stm32cubeide_1.4.0/stm32cubeide/plugins/com.st.stm32cube.ide.mcu.externaltools.gnu-tools-for-stm32.7-2018-q2-update.win32_1.4.0.202007081208/tools/bin/../lib/gcc/arm-none-eabi/7.3.1/../../../../arm-none-eabi/lib/thumb/v7e-m/fpv4-sp/hard\libc_nano.a
LOAD c:/st/stm32cubeide_1.4.0/stm32cubeide/plugins/com.st.stm32cube.ide.mcu.externaltools.gnu-tools-for-stm32.7-2018-q2-update.win32_1.4.0.202007081208/tools/bin/../lib/gcc/arm-none-eabi/7.3.1/../../../../arm-none-eabi/lib/thumb/v7e-m/fpv4-sp/hard\libnosys.a
END GROUP
START GROUP
LOAD c:/st/stm32cubeide_1.4.0/stm32cubeide/plugins/com.st.stm32cube.ide.mcu.externaltools.gnu-tools-for-stm32.7-2018-q2-update.win32_1.4.0.202007081208/tools/bin/../lib/gcc/arm-none-eabi/7.3.1/thumb/v7e-m/fpv4-sp/hard\libgcc.a
LOAD c:/st/stm32cubeide_1.4.0/stm32cubeide/plugins/com.st.stm32cube.ide.mcu.externaltools.gnu-tools-for-stm32.7-2018-q2-update.win32_1.4.0.202007081208/tools/bin/../lib/gcc/arm-none-eabi/7.3.1/../../../../arm-none-eabi/lib/thumb/v7e-m/fpv4-sp/hard\libc_nano.a
LOAD c:/st/stm32cubeide_1.4.0/stm32cubeide/plugins/com.st.stm32cube.ide.mcu.externaltools.gnu-tools-for-stm32.7-2018-q2-update.win32_1.4.0.202007081208/tools/bin/../lib/gcc/arm-none-eabi/7.3.1/../../../../arm-none-eabi/lib/thumb/v7e-m/fpv4-sp/hard\libnosys.a
END GROUP
LOAD c:/st/stm32cubeide_1.4.0/stm32cubeide/plugins/com.st.stm32cube.ide.mcu.externaltools.gnu-tools-for-stm32.7-2018-q2-update.win32_1.4.0.202007081208/tools/bin/../lib/gcc/arm-none-eabi/7.3.1/thumb/v7e-m/fpv4-sp/hard/crtend.o
LOAD c:/st/stm32cubeide_1.4.0/stm32cubeide/plugins/com.st.stm32cube.ide.mcu.externaltools.gnu-tools-for-stm32.7-2018-q2-update.win32_1.4.0.202007081208/tools/bin/../lib/gcc/arm-none-eabi/7.3.1/thumb/v7e-m/fpv4-sp/hard/crtn.o
                0x0000000020018000                _estack = (ORIGIN (RAM) + LENGTH (RAM))
                0x0000000000000200                _Min_Heap_Size = 0x200
                0x0000000000000400                _Min_Stack_Size = 0x400

.isr_vector     0x0000000008000000      0x188
                0x0000000008000000                . = ALIGN (0x4)
 *(.isr_vector)
 .isr_vector    0x0000000008000000      0x188 Core/Startup/startup_stm32l476rgtx.o
                0x0000000008000000                g_pfnVectors
                0x0000000008000188                . = ALIGN (0x4)

.text           0x0000000008000190     0x43fc
                0x0000000008000190                . = ALIGN (0x4)
 *(.text)
 .text          0x0000000008000190       0x40 c:/st/stm32cubeide_1.4.0/stm32cubeide/plugins/com.st.stm32cube.ide.mcu.externaltools.gnu-tools-for-stm32.7-2018-q2-update.win32_1.4.0.202007081208/tools/bin/../lib/gcc/arm-none-eabi/7.3.1/thumb/v7e-m/fpv4-sp/hard/crtbegin.o
 .text          0x00000000080001d0       0x10 c:/st/stm32cubeide_1.4.0/stm32cubeide/plugins/com.st.stm32cube.ide.mcu.externaltools.gnu-tools-for-stm32.7-2018-q2-update.win32_1.4.0.202007081208/tools/bin/../lib/gcc/arm-none-eabi/7.3.1/../../../../arm-none-eabi/lib/thumb/v7e-m/fpv4-sp/hard\libc_nano.a(lib_a-strlen.o)
                0x00000000080001d0                strlen
 .text          0x00000000080001e0       0xa0 c:/st/stm32cubeide_1.4.0/stm32cubeide/plugins/com.st.stm32cube.ide.mcu.externaltools.gnu-tools-for-stm32.7-2018-q2-update.win32_1.4.0.202007081208/tools/bin/../lib/gcc/arm-none-eabi/7.3.1/../../../../arm-none-eabi/lib/thumb/v7e-m/fpv4-sp/hard\libc_nano.a(lib_a-memchr.o)
                0x00000000080001e0                memchr
 .text          0x0000000008000280       0x30 c:/st/stm32cubeide_1.4.0/stm32cubeide/plugins/com.st.stm32cube.ide.mcu.externaltools.gnu-tools-for-stm32.7-2018-q2-update.win32_1.4.0.202007081208/tools/bin/../lib/gcc/arm-none-eabi/7.3.1/thumb/v7e-m/fpv4-sp/hard\libgcc.a(_aeabi_uldivmod.o)
                0x0000000008000280                __aeabi_uldivmod
 .text          0x00000000080002b0      0x2cc c:/st/stm32cubeide_1.4.0/stm32cubeide/plugins/com.st.stm32cube.ide.mcu.externaltools.gnu-tools-for-stm32.7-2018-q2-update.win32_1.4.0.202007081208/tools/bin/../lib/gcc/arm-none-eabi/7.3.1/thumb/v7e-m/fpv4-sp/hard\libgcc.a(_udivmoddi4.o)
                0x00000000080002b0                __udivmoddi4
 .text          0x000000000800057c        0x4 c:/st/stm32cubeide_1.4.0/stm32cubeide/plugins/com.st.stm32cube.ide.mcu.externaltools.gnu-tools-for-stm32.7-2018-q2-update.win32_1.4.0.202007081208/tools/bin/../lib/gcc/arm-none-eabi/7.3.1/thumb/v7e-m/fpv4-sp/hard\libgcc.a(_dvmd_tls.o)
                0x000000000800057c                __aeabi_idiv0
                0x000000000800057c                __aeabi_ldiv0
 *(.text*)
 .text.init_uart_interrupt
                0x0000000008000580       0x1c Core/Src/ESP8266.o
                0x0000000008000580                init_uart_interrupt
 .text.HAL_UART_RxCpltCallback
                0x000000000800059c       0x50 Core/Src/ESP8266.o
                0x000000000800059c                HAL_UART_RxCpltCallback
 .text.hash     0x00000000080005ec       0x3c Core/Src/ESP8266.o
                0x00000000080005ec                hash
 .text.esp8266_send_command
                0x0000000008000628       0xa8 Core/Src/ESP8266.o
                0x0000000008000628                esp8266_send_command
 .text.esp8266_initialize
                0x00000000080006d0       0x54 Core/Src/ESP8266.o
                0x00000000080006d0                esp8266_initialize
 .text.eps8266_connection
                0x0000000008000724       0x40 Core/Src/ESP8266.o
                0x0000000008000724                eps8266_connection
 .text.get_return
                0x0000000008000764      0x294 Core/Src/ESP8266.o
                0x0000000008000764                get_return
 .text.evaluate
                0x00000000080009f8       0x34 Core/Src/ESP8266.o
                0x00000000080009f8                evaluate
 .text.MX_GPIO_Init
                0x0000000008000a2c       0xd0 Core/Src/gpio.o
                0x0000000008000a2c                MX_GPIO_Init
 .text.main     0x0000000008000afc       0x1e Core/Src/main.o
                0x0000000008000afc                main
 .text.SystemClock_Config
                0x0000000008000b1a       0xee Core/Src/main.o
                0x0000000008000b1a                SystemClock_Config
 .text.Error_Handler
                0x0000000008000c08        0xe Core/Src/main.o
                0x0000000008000c08                Error_Handler
 *fill*         0x0000000008000c16        0x2 
 .text.HAL_MspInit
                0x0000000008000c18       0x48 Core/Src/stm32l4xx_hal_msp.o
                0x0000000008000c18                HAL_MspInit
 .text.NMI_Handler
                0x0000000008000c60        0xe Core/Src/stm32l4xx_it.o
                0x0000000008000c60                NMI_Handler
 .text.HardFault_Handler
                0x0000000008000c6e        0x6 Core/Src/stm32l4xx_it.o
                0x0000000008000c6e                HardFault_Handler
 .text.MemManage_Handler
                0x0000000008000c74        0x6 Core/Src/stm32l4xx_it.o
                0x0000000008000c74                MemManage_Handler
 .text.BusFault_Handler
                0x0000000008000c7a        0x6 Core/Src/stm32l4xx_it.o
                0x0000000008000c7a                BusFault_Handler
 .text.UsageFault_Handler
                0x0000000008000c80        0x6 Core/Src/stm32l4xx_it.o
                0x0000000008000c80                UsageFault_Handler
 .text.SVC_Handler
                0x0000000008000c86        0xe Core/Src/stm32l4xx_it.o
                0x0000000008000c86                SVC_Handler
 .text.DebugMon_Handler
                0x0000000008000c94        0xe Core/Src/stm32l4xx_it.o
                0x0000000008000c94                DebugMon_Handler
 .text.PendSV_Handler
                0x0000000008000ca2        0xe Core/Src/stm32l4xx_it.o
                0x0000000008000ca2                PendSV_Handler
 .text.SysTick_Handler
                0x0000000008000cb0        0xc Core/Src/stm32l4xx_it.o
                0x0000000008000cb0                SysTick_Handler
 .text.UART4_IRQHandler
                0x0000000008000cbc       0x14 Core/Src/stm32l4xx_it.o
                0x0000000008000cbc                UART4_IRQHandler
 .text._sbrk    0x0000000008000cd0       0x6c Core/Src/sysmem.o
                0x0000000008000cd0                _sbrk
 .text.SystemInit
                0x0000000008000d3c       0x6c Core/Src/system_stm32l4xx.o
                0x0000000008000d3c                SystemInit
 .text.Test_program
                0x0000000008000da8       0x14 Core/Src/test.o
                0x0000000008000da8                Test_program
 .text.Test_wifi_connect
                0x0000000008000dbc        0xc Core/Src/test.o
                0x0000000008000dbc                Test_wifi_connect
 .text.Test_connection
                0x0000000008000dc8        0xc Core/Src/test.o
                0x0000000008000dc8                Test_connection
 .text.Test_sendData
                0x0000000008000dd4       0x38 Core/Src/test.o
                0x0000000008000dd4                Test_sendData
 .text.MX_UART4_Init
                0x0000000008000e0c       0x60 Core/Src/usart.o
                0x0000000008000e0c                MX_UART4_Init
 .text.MX_USART2_UART_Init
                0x0000000008000e6c       0x60 Core/Src/usart.o
                0x0000000008000e6c                MX_USART2_UART_Init
 .text.HAL_UART_MspInit
                0x0000000008000ecc       0xf8 Core/Src/usart.o
                0x0000000008000ecc                HAL_UART_MspInit
 .text.Reset_Handler
                0x0000000008000fc4       0x50 Core/Startup/startup_stm32l476rgtx.o
                0x0000000008000fc4                Reset_Handler
 .text.Default_Handler
                0x0000000008001014        0x2 Core/Startup/startup_stm32l476rgtx.o
                0x0000000008001014                RTC_Alarm_IRQHandler
                0x0000000008001014                EXTI2_IRQHandler
                0x0000000008001014                TIM8_TRG_COM_IRQHandler
                0x0000000008001014                TIM8_CC_IRQHandler
                0x0000000008001014                TIM1_CC_IRQHandler
                0x0000000008001014                TSC_IRQHandler
                0x0000000008001014                TAMP_STAMP_IRQHandler
                0x0000000008001014                EXTI3_IRQHandler
                0x0000000008001014                LPTIM2_IRQHandler
                0x0000000008001014                DFSDM1_FLT1_IRQHandler
                0x0000000008001014                I2C3_ER_IRQHandler
                0x0000000008001014                DFSDM1_FLT2_IRQHandler
                0x0000000008001014                EXTI0_IRQHandler
                0x0000000008001014                I2C2_EV_IRQHandler
                0x0000000008001014                CAN1_RX0_IRQHandler
                0x0000000008001014                FPU_IRQHandler
                0x0000000008001014                TIM1_UP_TIM16_IRQHandler
                0x0000000008001014                ADC1_2_IRQHandler
                0x0000000008001014                SPI1_IRQHandler
                0x0000000008001014                TIM6_DAC_IRQHandler
                0x0000000008001014                TIM8_UP_IRQHandler
                0x0000000008001014                DMA2_Channel2_IRQHandler
                0x0000000008001014                DMA1_Channel4_IRQHandler
                0x0000000008001014                SAI2_IRQHandler
                0x0000000008001014                DFSDM1_FLT3_IRQHandler
                0x0000000008001014                USART3_IRQHandler
                0x0000000008001014                DMA1_Channel7_IRQHandler
                0x0000000008001014                CAN1_RX1_IRQHandler
                0x0000000008001014                LCD_IRQHandler
                0x0000000008001014                UART5_IRQHandler
                0x0000000008001014                ADC3_IRQHandler
                0x0000000008001014                TIM4_IRQHandler
                0x0000000008001014                DMA2_Channel1_IRQHandler
                0x0000000008001014                QUADSPI_IRQHandler
                0x0000000008001014                I2C1_EV_IRQHandler
                0x0000000008001014                DMA1_Channel6_IRQHandler
                0x0000000008001014                DMA2_Channel4_IRQHandler
                0x0000000008001014                TIM3_IRQHandler
                0x0000000008001014                RCC_IRQHandler
                0x0000000008001014                DMA1_Channel1_IRQHandler
                0x0000000008001014                Default_Handler
                0x0000000008001014                DMA2_Channel7_IRQHandler
                0x0000000008001014                EXTI15_10_IRQHandler
                0x0000000008001014                TIM7_IRQHandler
                0x0000000008001014                SDMMC1_IRQHandler
                0x0000000008001014                TIM5_IRQHandler
                0x0000000008001014                I2C3_EV_IRQHandler
                0x0000000008001014                EXTI9_5_IRQHandler
                0x0000000008001014                RTC_WKUP_IRQHandler
                0x0000000008001014                PVD_PVM_IRQHandler
                0x0000000008001014                SPI2_IRQHandler
                0x0000000008001014                CAN1_TX_IRQHandler
                0x0000000008001014                DMA2_Channel5_IRQHandler
                0x0000000008001014                DMA1_Channel5_IRQHandler
                0x0000000008001014                EXTI4_IRQHandler
                0x0000000008001014                RNG_IRQHandler
                0x0000000008001014                TIM1_TRG_COM_TIM17_IRQHandler
                0x0000000008001014                DMA1_Channel3_IRQHandler
                0x0000000008001014                COMP_IRQHandler
                0x0000000008001014                WWDG_IRQHandler
                0x0000000008001014                LPUART1_IRQHandler
                0x0000000008001014                DMA2_Channel6_IRQHandler
                0x0000000008001014                TIM2_IRQHandler
                0x0000000008001014                EXTI1_IRQHandler
                0x0000000008001014                USART2_IRQHandler
                0x0000000008001014                DFSDM1_FLT0_IRQHandler
                0x0000000008001014                I2C2_ER_IRQHandler
                0x0000000008001014                DMA1_Channel2_IRQHandler
                0x0000000008001014                TIM8_BRK_IRQHandler
                0x0000000008001014                CAN1_SCE_IRQHandler
                0x0000000008001014                FLASH_IRQHandler
                0x0000000008001014                USART1_IRQHandler
                0x0000000008001014                OTG_FS_IRQHandler
                0x0000000008001014                SPI3_IRQHandler
                0x0000000008001014                I2C1_ER_IRQHandler
                0x0000000008001014                FMC_IRQHandler
                0x0000000008001014                SWPMI1_IRQHandler
                0x0000000008001014                LPTIM1_IRQHandler
                0x0000000008001014                SAI1_IRQHandler
                0x0000000008001014                DMA2_Channel3_IRQHandler
                0x0000000008001014                TIM1_BRK_TIM15_IRQHandler
 *fill*         0x0000000008001016        0x2 
 .text.HAL_Init
                0x0000000008001018       0x40 Drivers/STM32L4xx_HAL_Driver/Src/stm32l4xx_hal.o
                0x0000000008001018                HAL_Init
 .text.HAL_InitTick
                0x0000000008001058       0x78 Drivers/STM32L4xx_HAL_Driver/Src/stm32l4xx_hal.o
                0x0000000008001058                HAL_InitTick
 .text.HAL_IncTick
                0x00000000080010d0       0x28 Drivers/STM32L4xx_HAL_Driver/Src/stm32l4xx_hal.o
                0x00000000080010d0                HAL_IncTick
 .text.HAL_GetTick
                0x00000000080010f8       0x18 Drivers/STM32L4xx_HAL_Driver/Src/stm32l4xx_hal.o
                0x00000000080010f8                HAL_GetTick
 .text.__NVIC_SetPriorityGrouping
                0x0000000008001110       0x48 Drivers/STM32L4xx_HAL_Driver/Src/stm32l4xx_hal_cortex.o
 .text.__NVIC_GetPriorityGrouping
                0x0000000008001158       0x1c Drivers/STM32L4xx_HAL_Driver/Src/stm32l4xx_hal_cortex.o
 .text.__NVIC_EnableIRQ
                0x0000000008001174       0x3c Drivers/STM32L4xx_HAL_Driver/Src/stm32l4xx_hal_cortex.o
 .text.__NVIC_SetPriority
                0x00000000080011b0       0x54 Drivers/STM32L4xx_HAL_Driver/Src/stm32l4xx_hal_cortex.o
 .text.NVIC_EncodePriority
                0x0000000008001204       0x66 Drivers/STM32L4xx_HAL_Driver/Src/stm32l4xx_hal_cortex.o
 *fill*         0x000000000800126a        0x2 
 .text.SysTick_Config
                0x000000000800126c       0x44 Drivers/STM32L4xx_HAL_Driver/Src/stm32l4xx_hal_cortex.o
 .text.HAL_NVIC_SetPriorityGrouping
                0x00000000080012b0       0x16 Drivers/STM32L4xx_HAL_Driver/Src/stm32l4xx_hal_cortex.o
                0x00000000080012b0                HAL_NVIC_SetPriorityGrouping
 .text.HAL_NVIC_SetPriority
                0x00000000080012c6       0x38 Drivers/STM32L4xx_HAL_Driver/Src/stm32l4xx_hal_cortex.o
                0x00000000080012c6                HAL_NVIC_SetPriority
 .text.HAL_NVIC_EnableIRQ
                0x00000000080012fe       0x1c Drivers/STM32L4xx_HAL_Driver/Src/stm32l4xx_hal_cortex.o
                0x00000000080012fe                HAL_NVIC_EnableIRQ
 .text.HAL_SYSTICK_Config
                0x000000000800131a       0x18 Drivers/STM32L4xx_HAL_Driver/Src/stm32l4xx_hal_cortex.o
                0x000000000800131a                HAL_SYSTICK_Config
 .text.HAL_DMA_Abort_IT
                0x0000000008001332       0x82 Drivers/STM32L4xx_HAL_Driver/Src/stm32l4xx_hal_dma.o
                0x0000000008001332                HAL_DMA_Abort_IT
 .text.HAL_GPIO_Init
                0x00000000080013b4      0x350 Drivers/STM32L4xx_HAL_Driver/Src/stm32l4xx_hal_gpio.o
                0x00000000080013b4                HAL_GPIO_Init
 .text.HAL_GPIO_WritePin
                0x0000000008001704       0x30 Drivers/STM32L4xx_HAL_Driver/Src/stm32l4xx_hal_gpio.o
                0x0000000008001704                HAL_GPIO_WritePin
 .text.HAL_PWREx_GetVoltageRange
                0x0000000008001734       0x1c Drivers/STM32L4xx_HAL_Driver/Src/stm32l4xx_hal_pwr_ex.o
                0x0000000008001734                HAL_PWREx_GetVoltageRange
 .text.HAL_PWREx_ControlVoltageScaling
                0x0000000008001750       0xac Drivers/STM32L4xx_HAL_Driver/Src/stm32l4xx_hal_pwr_ex.o
                0x0000000008001750                HAL_PWREx_ControlVoltageScaling
 .text.HAL_RCC_OscConfig
                0x00000000080017fc      0x7cc Drivers/STM32L4xx_HAL_Driver/Src/stm32l4xx_hal_rcc.o
                0x00000000080017fc                HAL_RCC_OscConfig
 .text.HAL_RCC_ClockConfig
                0x0000000008001fc8      0x1c4 Drivers/STM32L4xx_HAL_Driver/Src/stm32l4xx_hal_rcc.o
                0x0000000008001fc8                HAL_RCC_ClockConfig
 .text.HAL_RCC_GetSysClockFreq
                0x000000000800218c      0x114 Drivers/STM32L4xx_HAL_Driver/Src/stm32l4xx_hal_rcc.o
                0x000000000800218c                HAL_RCC_GetSysClockFreq
 .text.HAL_RCC_GetHCLKFreq
                0x00000000080022a0       0x18 Drivers/STM32L4xx_HAL_Driver/Src/stm32l4xx_hal_rcc.o
                0x00000000080022a0                HAL_RCC_GetHCLKFreq
 .text.HAL_RCC_GetPCLK1Freq
                0x00000000080022b8       0x2c Drivers/STM32L4xx_HAL_Driver/Src/stm32l4xx_hal_rcc.o
                0x00000000080022b8                HAL_RCC_GetPCLK1Freq
 .text.HAL_RCC_GetPCLK2Freq
                0x00000000080022e4       0x2c Drivers/STM32L4xx_HAL_Driver/Src/stm32l4xx_hal_rcc.o
                0x00000000080022e4                HAL_RCC_GetPCLK2Freq
 .text.RCC_SetFlashLatencyFromMSIRange
                0x0000000008002310       0xc0 Drivers/STM32L4xx_HAL_Driver/Src/stm32l4xx_hal_rcc.o
 .text.HAL_RCCEx_PeriphCLKConfig
                0x00000000080023d0      0x5cc Drivers/STM32L4xx_HAL_Driver/Src/stm32l4xx_hal_rcc_ex.o
                0x00000000080023d0                HAL_RCCEx_PeriphCLKConfig
 .text.RCCEx_PLLSAI1_Config
                0x000000000800299c      0x1e0 Drivers/STM32L4xx_HAL_Driver/Src/stm32l4xx_hal_rcc_ex.o
 .text.RCCEx_PLLSAI2_Config
                0x0000000008002b7c      0x1b4 Drivers/STM32L4xx_HAL_Driver/Src/stm32l4xx_hal_rcc_ex.o
 .text.HAL_UART_Init
                0x0000000008002d30       0x9c Drivers/STM32L4xx_HAL_Driver/Src/stm32l4xx_hal_uart.o
                0x0000000008002d30                HAL_UART_Init
 .text.HAL_UART_Transmit
                0x0000000008002dcc      0x126 Drivers/STM32L4xx_HAL_Driver/Src/stm32l4xx_hal_uart.o
                0x0000000008002dcc                HAL_UART_Transmit
 *fill*         0x0000000008002ef2        0x2 
 .text.HAL_UART_Receive_IT
                0x0000000008002ef4      0x144 Drivers/STM32L4xx_HAL_Driver/Src/stm32l4xx_hal_uart.o
                0x0000000008002ef4                HAL_UART_Receive_IT
 .text.HAL_UART_IRQHandler
                0x0000000008003038      0x290 Drivers/STM32L4xx_HAL_Driver/Src/stm32l4xx_hal_uart.o
                0x0000000008003038                HAL_UART_IRQHandler
 .text.HAL_UART_TxCpltCallback
                0x00000000080032c8       0x14 Drivers/STM32L4xx_HAL_Driver/Src/stm32l4xx_hal_uart.o
                0x00000000080032c8                HAL_UART_TxCpltCallback
 .text.HAL_UART_ErrorCallback
                0x00000000080032dc       0x14 Drivers/STM32L4xx_HAL_Driver/Src/stm32l4xx_hal_uart.o
                0x00000000080032dc                HAL_UART_ErrorCallback
 .text.UART_SetConfig
                0x00000000080032f0      0x514 Drivers/STM32L4xx_HAL_Driver/Src/stm32l4xx_hal_uart.o
                0x00000000080032f0                UART_SetConfig
 .text.UART_AdvFeatureConfig
                0x0000000008003804      0x144 Drivers/STM32L4xx_HAL_Driver/Src/stm32l4xx_hal_uart.o
                0x0000000008003804                UART_AdvFeatureConfig
 .text.UART_CheckIdleState
                0x0000000008003948       0x8a Drivers/STM32L4xx_HAL_Driver/Src/stm32l4xx_hal_uart.o
                0x0000000008003948                UART_CheckIdleState
 .text.UART_WaitOnFlagUntilTimeout
                0x00000000080039d2       0xf6 Drivers/STM32L4xx_HAL_Driver/Src/stm32l4xx_hal_uart.o
                0x00000000080039d2                UART_WaitOnFlagUntilTimeout
 .text.UART_EndRxTransfer
                0x0000000008003ac8       0x40 Drivers/STM32L4xx_HAL_Driver/Src/stm32l4xx_hal_uart.o
 .text.UART_DMAAbortOnError
                0x0000000008003b08       0x2c Drivers/STM32L4xx_HAL_Driver/Src/stm32l4xx_hal_uart.o
 .text.UART_EndTransmit_IT
                0x0000000008003b34       0x32 Drivers/STM32L4xx_HAL_Driver/Src/stm32l4xx_hal_uart.o
 .text.UART_RxISR_8BIT
                0x0000000008003b66       0xaa Drivers/STM32L4xx_HAL_Driver/Src/stm32l4xx_hal_uart.o
 .text.UART_RxISR_16BIT
                0x0000000008003c10       0xaa Drivers/STM32L4xx_HAL_Driver/Src/stm32l4xx_hal_uart.o
 .text.HAL_UARTEx_WakeupCallback
                0x0000000008003cba       0x14 Drivers/STM32L4xx_HAL_Driver/Src/stm32l4xx_hal_uart_ex.o
                0x0000000008003cba                HAL_UARTEx_WakeupCallback
 *fill*         0x0000000008003cce        0x2 
 .text.__errno  0x0000000008003cd0        0xc c:/st/stm32cubeide_1.4.0/stm32cubeide/plugins/com.st.stm32cube.ide.mcu.externaltools.gnu-tools-for-stm32.7-2018-q2-update.win32_1.4.0.202007081208/tools/bin/../lib/gcc/arm-none-eabi/7.3.1/../../../../arm-none-eabi/lib/thumb/v7e-m/fpv4-sp/hard\libc_nano.a(lib_a-errno.o)
                0x0000000008003cd0                __errno
 .text.__libc_init_array
                0x0000000008003cdc       0x48 c:/st/stm32cubeide_1.4.0/stm32cubeide/plugins/com.st.stm32cube.ide.mcu.externaltools.gnu-tools-for-stm32.7-2018-q2-update.win32_1.4.0.202007081208/tools/bin/../lib/gcc/arm-none-eabi/7.3.1/../../../../arm-none-eabi/lib/thumb/v7e-m/fpv4-sp/hard\libc_nano.a(lib_a-init.o)
                0x0000000008003cdc                __libc_init_array
 .text.memset   0x0000000008003d24       0x10 c:/st/stm32cubeide_1.4.0/stm32cubeide/plugins/com.st.stm32cube.ide.mcu.externaltools.gnu-tools-for-stm32.7-2018-q2-update.win32_1.4.0.202007081208/tools/bin/../lib/gcc/arm-none-eabi/7.3.1/../../../../arm-none-eabi/lib/thumb/v7e-m/fpv4-sp/hard\libc_nano.a(lib_a-memset.o)
                0x0000000008003d24                memset
 .text.sprintf  0x0000000008003d34       0x40 c:/st/stm32cubeide_1.4.0/stm32cubeide/plugins/com.st.stm32cube.ide.mcu.externaltools.gnu-tools-for-stm32.7-2018-q2-update.win32_1.4.0.202007081208/tools/bin/../lib/gcc/arm-none-eabi/7.3.1/../../../../arm-none-eabi/lib/thumb/v7e-m/fpv4-sp/hard\libc_nano.a(lib_a-sprintf.o)
                0x0000000008003d34                siprintf
                0x0000000008003d34                sprintf
 .text.strstr   0x0000000008003d74       0x34 c:/st/stm32cubeide_1.4.0/stm32cubeide/plugins/com.st.stm32cube.ide.mcu.externaltools.gnu-tools-for-stm32.7-2018-q2-update.win32_1.4.0.202007081208/tools/bin/../lib/gcc/arm-none-eabi/7.3.1/../../../../arm-none-eabi/lib/thumb/v7e-m/fpv4-sp/hard\libc_nano.a(lib_a-strstr.o)
                0x0000000008003d74                strstr
 .text.__ssputs_r
                0x0000000008003da8       0xb4 c:/st/stm32cubeide_1.4.0/stm32cubeide/plugins/com.st.stm32cube.ide.mcu.externaltools.gnu-tools-for-stm32.7-2018-q2-update.win32_1.4.0.202007081208/tools/bin/../lib/gcc/arm-none-eabi/7.3.1/../../../../arm-none-eabi/lib/thumb/v7e-m/fpv4-sp/hard\libc_nano.a(lib_a-nano-svfprintf.o)
                0x0000000008003da8                __ssputs_r
 .text._svfprintf_r
                0x0000000008003e5c      0x1f0 c:/st/stm32cubeide_1.4.0/stm32cubeide/plugins/com.st.stm32cube.ide.mcu.externaltools.gnu-tools-for-stm32.7-2018-q2-update.win32_1.4.0.202007081208/tools/bin/../lib/gcc/arm-none-eabi/7.3.1/../../../../arm-none-eabi/lib/thumb/v7e-m/fpv4-sp/hard\libc_nano.a(lib_a-nano-svfprintf.o)
                0x0000000008003e5c                _svfiprintf_r
                0x0000000008003e5c                _svfprintf_r
 .text._printf_common
                0x000000000800404c       0xea c:/st/stm32cubeide_1.4.0/stm32cubeide/plugins/com.st.stm32cube.ide.mcu.externaltools.gnu-tools-for-stm32.7-2018-q2-update.win32_1.4.0.202007081208/tools/bin/../lib/gcc/arm-none-eabi/7.3.1/../../../../arm-none-eabi/lib/thumb/v7e-m/fpv4-sp/hard\libc_nano.a(lib_a-nano-vfprintf_i.o)
                0x000000000800404c                _printf_common
 *fill*         0x0000000008004136        0x2 
 .text._printf_i
                0x0000000008004138      0x224 c:/st/stm32cubeide_1.4.0/stm32cubeide/plugins/com.st.stm32cube.ide.mcu.externaltools.gnu-tools-for-stm32.7-2018-q2-update.win32_1.4.0.202007081208/tools/bin/../lib/gcc/arm-none-eabi/7.3.1/../../../../arm-none-eabi/lib/thumb/v7e-m/fpv4-sp/hard\libc_nano.a(lib_a-nano-vfprintf_i.o)
                0x0000000008004138                _printf_i
 .text.memcpy   0x000000000800435c       0x16 c:/st/stm32cubeide_1.4.0/stm32cubeide/plugins/com.st.stm32cube.ide.mcu.externaltools.gnu-tools-for-stm32.7-2018-q2-update.win32_1.4.0.202007081208/tools/bin/../lib/gcc/arm-none-eabi/7.3.1/../../../../arm-none-eabi/lib/thumb/v7e-m/fpv4-sp/hard\libc_nano.a(lib_a-memcpy-stub.o)
                0x000000000800435c                memcpy
 .text.memmove  0x0000000008004372       0x32 c:/st/stm32cubeide_1.4.0/stm32cubeide/plugins/com.st.stm32cube.ide.mcu.externaltools.gnu-tools-for-stm32.7-2018-q2-update.win32_1.4.0.202007081208/tools/bin/../lib/gcc/arm-none-eabi/7.3.1/../../../../arm-none-eabi/lib/thumb/v7e-m/fpv4-sp/hard\libc_nano.a(lib_a-memmove.o)
                0x0000000008004372                memmove
 .text._free_r  0x00000000080043a4       0x9c c:/st/stm32cubeide_1.4.0/stm32cubeide/plugins/com.st.stm32cube.ide.mcu.externaltools.gnu-tools-for-stm32.7-2018-q2-update.win32_1.4.0.202007081208/tools/bin/../lib/gcc/arm-none-eabi/7.3.1/../../../../arm-none-eabi/lib/thumb/v7e-m/fpv4-sp/hard\libc_nano.a(lib_a-nano-freer.o)
                0x00000000080043a4                _free_r
 .text._malloc_r
                0x0000000008004440       0xb4 c:/st/stm32cubeide_1.4.0/stm32cubeide/plugins/com.st.stm32cube.ide.mcu.externaltools.gnu-tools-for-stm32.7-2018-q2-update.win32_1.4.0.202007081208/tools/bin/../lib/gcc/arm-none-eabi/7.3.1/../../../../arm-none-eabi/lib/thumb/v7e-m/fpv4-sp/hard\libc_nano.a(lib_a-nano-mallocr.o)
                0x0000000008004440                _malloc_r
 .text._realloc_r
                0x00000000080044f4       0x4c c:/st/stm32cubeide_1.4.0/stm32cubeide/plugins/com.st.stm32cube.ide.mcu.externaltools.gnu-tools-for-stm32.7-2018-q2-update.win32_1.4.0.202007081208/tools/bin/../lib/gcc/arm-none-eabi/7.3.1/../../../../arm-none-eabi/lib/thumb/v7e-m/fpv4-sp/hard\libc_nano.a(lib_a-nano-reallocr.o)
                0x00000000080044f4                _realloc_r
 .text._sbrk_r  0x0000000008004540       0x20 c:/st/stm32cubeide_1.4.0/stm32cubeide/plugins/com.st.stm32cube.ide.mcu.externaltools.gnu-tools-for-stm32.7-2018-q2-update.win32_1.4.0.202007081208/tools/bin/../lib/gcc/arm-none-eabi/7.3.1/../../../../arm-none-eabi/lib/thumb/v7e-m/fpv4-sp/hard\libc_nano.a(lib_a-sbrkr.o)
                0x0000000008004540                _sbrk_r
 .text.__malloc_lock
                0x0000000008004560        0x2 c:/st/stm32cubeide_1.4.0/stm32cubeide/plugins/com.st.stm32cube.ide.mcu.externaltools.gnu-tools-for-stm32.7-2018-q2-update.win32_1.4.0.202007081208/tools/bin/../lib/gcc/arm-none-eabi/7.3.1/../../../../arm-none-eabi/lib/thumb/v7e-m/fpv4-sp/hard\libc_nano.a(lib_a-mlock.o)
                0x0000000008004560                __malloc_lock
 .text.__malloc_unlock
                0x0000000008004562        0x2 c:/st/stm32cubeide_1.4.0/stm32cubeide/plugins/com.st.stm32cube.ide.mcu.externaltools.gnu-tools-for-stm32.7-2018-q2-update.win32_1.4.0.202007081208/tools/bin/../lib/gcc/arm-none-eabi/7.3.1/../../../../arm-none-eabi/lib/thumb/v7e-m/fpv4-sp/hard\libc_nano.a(lib_a-mlock.o)
                0x0000000008004562                __malloc_unlock
 .text._malloc_usable_size_r
                0x0000000008004564       0x10 c:/st/stm32cubeide_1.4.0/stm32cubeide/plugins/com.st.stm32cube.ide.mcu.externaltools.gnu-tools-for-stm32.7-2018-q2-update.win32_1.4.0.202007081208/tools/bin/../lib/gcc/arm-none-eabi/7.3.1/../../../../arm-none-eabi/lib/thumb/v7e-m/fpv4-sp/hard\libc_nano.a(lib_a-nano-msizer.o)
                0x0000000008004564                _malloc_usable_size_r
 *(.glue_7)
 .glue_7        0x0000000008004574        0x0 linker stubs
 *(.glue_7t)
 .glue_7t       0x0000000008004574        0x0 linker stubs
 *(.eh_frame)
 .eh_frame      0x0000000008004574        0x0 c:/st/stm32cubeide_1.4.0/stm32cubeide/plugins/com.st.stm32cube.ide.mcu.externaltools.gnu-tools-for-stm32.7-2018-q2-update.win32_1.4.0.202007081208/tools/bin/../lib/gcc/arm-none-eabi/7.3.1/thumb/v7e-m/fpv4-sp/hard/crtbegin.o
 *(.init)
 .init          0x0000000008004574        0x4 c:/st/stm32cubeide_1.4.0/stm32cubeide/plugins/com.st.stm32cube.ide.mcu.externaltools.gnu-tools-for-stm32.7-2018-q2-update.win32_1.4.0.202007081208/tools/bin/../lib/gcc/arm-none-eabi/7.3.1/thumb/v7e-m/fpv4-sp/hard/crti.o
                0x0000000008004574                _init
 .init          0x0000000008004578        0x8 c:/st/stm32cubeide_1.4.0/stm32cubeide/plugins/com.st.stm32cube.ide.mcu.externaltools.gnu-tools-for-stm32.7-2018-q2-update.win32_1.4.0.202007081208/tools/bin/../lib/gcc/arm-none-eabi/7.3.1/thumb/v7e-m/fpv4-sp/hard/crtn.o
 *(.fini)
 .fini          0x0000000008004580        0x4 c:/st/stm32cubeide_1.4.0/stm32cubeide/plugins/com.st.stm32cube.ide.mcu.externaltools.gnu-tools-for-stm32.7-2018-q2-update.win32_1.4.0.202007081208/tools/bin/../lib/gcc/arm-none-eabi/7.3.1/thumb/v7e-m/fpv4-sp/hard/crti.o
                0x0000000008004580                _fini
 .fini          0x0000000008004584        0x8 c:/st/stm32cubeide_1.4.0/stm32cubeide/plugins/com.st.stm32cube.ide.mcu.externaltools.gnu-tools-for-stm32.7-2018-q2-update.win32_1.4.0.202007081208/tools/bin/../lib/gcc/arm-none-eabi/7.3.1/thumb/v7e-m/fpv4-sp/hard/crtn.o
                0x000000000800458c                . = ALIGN (0x4)
                0x000000000800458c                _etext = .

.vfp11_veneer   0x000000000800458c        0x0
 .vfp11_veneer  0x000000000800458c        0x0 linker stubs

.v4_bx          0x000000000800458c        0x0
 .v4_bx         0x000000000800458c        0x0 linker stubs

.iplt           0x000000000800458c        0x0
 .iplt          0x000000000800458c        0x0 c:/st/stm32cubeide_1.4.0/stm32cubeide/plugins/com.st.stm32cube.ide.mcu.externaltools.gnu-tools-for-stm32.7-2018-q2-update.win32_1.4.0.202007081208/tools/bin/../lib/gcc/arm-none-eabi/7.3.1/thumb/v7e-m/fpv4-sp/hard/crtbegin.o

.rodata         0x000000000800458c      0x234
                0x000000000800458c                . = ALIGN (0x4)
 *(.rodata)
 .rodata        0x000000000800458c       0x52 Core/Src/ESP8266.o
 *fill*         0x00000000080045de        0x2 
 .rodata        0x00000000080045e0       0x10 Core/Src/test.o
 *(.rodata*)
 .rodata.ESP8266_NOT_IMPLEMENTED
                0x00000000080045f0       0x10 Core/Src/ESP8266.o
 .rodata.ESP8266_AT_OK_TERMINATOR
                0x0000000008004600        0x5 Core/Src/ESP8266.o
 *fill*         0x0000000008004605        0x3 
 .rodata.ESP8266_AT_OK
                0x0000000008004608        0x3 Core/Src/ESP8266.o
 *fill*         0x000000000800460b        0x1 
 .rodata.ESP8266_AT_ERROR
                0x000000000800460c        0x6 Core/Src/ESP8266.o
 *fill*         0x0000000008004612        0x2 
 .rodata.ESP8266_AT_FAIL
                0x0000000008004614        0x5 Core/Src/ESP8266.o
 *fill*         0x0000000008004619        0x3 
 .rodata.ESP8266_AT_WIFI_CONNECTED
                0x000000000800461c        0xf Core/Src/ESP8266.o
 *fill*         0x000000000800462b        0x1 
 .rodata.ESP8266_AT_WIFI_DISCONNECTED
                0x000000000800462c       0x12 Core/Src/ESP8266.o
 *fill*         0x000000000800463e        0x2 
 .rodata.ESP8266_AT_CONNECT
                0x0000000008004640        0x8 Core/Src/ESP8266.o
 .rodata.ESP8266_AT_SEND_OK
                0x0000000008004648        0x8 Core/Src/ESP8266.o
 .rodata.ESP8266_AT_NO_AP
                0x0000000008004650        0x8 Core/Src/ESP8266.o
 .rodata.ESP8266_AT_UNKNOWN
                0x0000000008004658        0x8 Core/Src/ESP8266.o
 .rodata.ESP8266_AT_CWMODE_1
                0x0000000008004660        0xd Core/Src/ESP8266.o
 *fill*         0x000000000800466d        0x3 
 .rodata.ESP8266_AT_CWMODE_2
                0x0000000008004670        0xd Core/Src/ESP8266.o
 *fill*         0x000000000800467d        0x3 
 .rodata.ESP8266_AT_CWMODE_3
                0x0000000008004680        0xd Core/Src/ESP8266.o
 *fill*         0x000000000800468d        0x3 
 .rodata.ESP8266_AT_CWJAP_1
                0x0000000008004690        0x8 Core/Src/ESP8266.o
 .rodata.ESP8266_AT_CWJAP_2
                0x0000000008004698        0x8 Core/Src/ESP8266.o
 .rodata.ESP8266_AT_CWJAP_3
                0x00000000080046a0        0x8 Core/Src/ESP8266.o
 .rodata.ESP8266_AT_CWJAP_4
                0x00000000080046a8        0x8 Core/Src/ESP8266.o
 .rodata.ESP8266_AT_TIMEOUT
                0x00000000080046b0       0x13 Core/Src/ESP8266.o
 *fill*         0x00000000080046c3        0x1 
 .rodata.ESP8266_AT_WRONG_PWD
                0x00000000080046c4        0xf Core/Src/ESP8266.o
 *fill*         0x00000000080046d3        0x1 
 .rodata.ESP8266_AT_NO_TARGET
                0x00000000080046d4       0x1a Core/Src/ESP8266.o
 *fill*         0x00000000080046ee        0x2 
 .rodata.ESP8266_AT_CONNECTION_FAIL
                0x00000000080046f0       0x12 Core/Src/ESP8266.o
 *fill*         0x0000000008004702        0x2 
 .rodata.ESP8266_AT_CIPMUX_0
                0x0000000008004704        0x9 Core/Src/ESP8266.o
 *fill*         0x000000000800470d        0x3 
 .rodata.ESP8266_AT_CIPMUX_1
                0x0000000008004710        0x9 Core/Src/ESP8266.o
 *fill*         0x0000000008004719        0x3 
 .rodata.ESP8266_AT_CWJAP_SET
                0x000000000800471c        0xa Core/Src/ESP8266.o
 *fill*         0x0000000008004726        0x2 
 .rodata.ESP8266_AT_START
                0x0000000008004728        0xd Core/Src/ESP8266.o
 *fill*         0x0000000008004735        0x3 
 .rodata.ESP8266_AT_SEND
                0x0000000008004738        0xc Core/Src/ESP8266.o
 .rodata.AHBPrescTable
                0x0000000008004744       0x10 Core/Src/system_stm32l4xx.o
                0x0000000008004744                AHBPrescTable
 .rodata.APBPrescTable
                0x0000000008004754        0x8 Core/Src/system_stm32l4xx.o
                0x0000000008004754                APBPrescTable
 .rodata.MSIRangeTable
                0x000000000800475c       0x30 Core/Src/system_stm32l4xx.o
                0x000000000800475c                MSIRangeTable
 .rodata._svfprintf_r.str1.1
                0x000000000800478c       0x11 c:/st/stm32cubeide_1.4.0/stm32cubeide/plugins/com.st.stm32cube.ide.mcu.externaltools.gnu-tools-for-stm32.7-2018-q2-update.win32_1.4.0.202007081208/tools/bin/../lib/gcc/arm-none-eabi/7.3.1/../../../../arm-none-eabi/lib/thumb/v7e-m/fpv4-sp/hard\libc_nano.a(lib_a-nano-svfprintf.o)
 .rodata._printf_i.str1.1
                0x000000000800479d       0x22 c:/st/stm32cubeide_1.4.0/stm32cubeide/plugins/com.st.stm32cube.ide.mcu.externaltools.gnu-tools-for-stm32.7-2018-q2-update.win32_1.4.0.202007081208/tools/bin/../lib/gcc/arm-none-eabi/7.3.1/../../../../arm-none-eabi/lib/thumb/v7e-m/fpv4-sp/hard\libc_nano.a(lib_a-nano-vfprintf_i.o)
                0x00000000080047c0                . = ALIGN (0x4)
 *fill*         0x00000000080047bf        0x1 

.ARM.extab      0x00000000080047c0        0x0
                0x00000000080047c0                . = ALIGN (0x4)
 *(.ARM.extab* .gnu.linkonce.armextab.*)
                0x00000000080047c0                . = ALIGN (0x4)

.ARM            0x00000000080047c0        0x8
                0x00000000080047c0                . = ALIGN (0x4)
                0x00000000080047c0                __exidx_start = .
 *(.ARM.exidx*)
 .ARM.exidx     0x00000000080047c0        0x8 c:/st/stm32cubeide_1.4.0/stm32cubeide/plugins/com.st.stm32cube.ide.mcu.externaltools.gnu-tools-for-stm32.7-2018-q2-update.win32_1.4.0.202007081208/tools/bin/../lib/gcc/arm-none-eabi/7.3.1/thumb/v7e-m/fpv4-sp/hard\libgcc.a(_udivmoddi4.o)
                0x00000000080047c8                __exidx_end = .
                0x00000000080047c8                . = ALIGN (0x4)

.rel.dyn        0x00000000080047c8        0x0
 .rel.iplt      0x00000000080047c8        0x0 c:/st/stm32cubeide_1.4.0/stm32cubeide/plugins/com.st.stm32cube.ide.mcu.externaltools.gnu-tools-for-stm32.7-2018-q2-update.win32_1.4.0.202007081208/tools/bin/../lib/gcc/arm-none-eabi/7.3.1/thumb/v7e-m/fpv4-sp/hard/crtbegin.o

.preinit_array  0x00000000080047c8        0x0
                0x00000000080047c8                . = ALIGN (0x4)
                0x00000000080047c8                PROVIDE (__preinit_array_start = .)
 *(.preinit_array*)
                0x00000000080047c8                PROVIDE (__preinit_array_end = .)
                0x00000000080047c8                . = ALIGN (0x4)

.init_array     0x00000000080047c8        0x4
                0x00000000080047c8                . = ALIGN (0x4)
                0x00000000080047c8                PROVIDE (__init_array_start = .)
 *(SORT_BY_NAME(.init_array.*))
 *(.init_array*)
 .init_array    0x00000000080047c8        0x4 c:/st/stm32cubeide_1.4.0/stm32cubeide/plugins/com.st.stm32cube.ide.mcu.externaltools.gnu-tools-for-stm32.7-2018-q2-update.win32_1.4.0.202007081208/tools/bin/../lib/gcc/arm-none-eabi/7.3.1/thumb/v7e-m/fpv4-sp/hard/crtbegin.o
                0x00000000080047cc                PROVIDE (__init_array_end = .)
                0x00000000080047cc                . = ALIGN (0x4)

.fini_array     0x00000000080047cc        0x4
                0x00000000080047cc                . = ALIGN (0x4)
                [!provide]                        PROVIDE (__fini_array_start = .)
 *(SORT_BY_NAME(.fini_array.*))
 *(.fini_array*)
 .fini_array    0x00000000080047cc        0x4 c:/st/stm32cubeide_1.4.0/stm32cubeide/plugins/com.st.stm32cube.ide.mcu.externaltools.gnu-tools-for-stm32.7-2018-q2-update.win32_1.4.0.202007081208/tools/bin/../lib/gcc/arm-none-eabi/7.3.1/thumb/v7e-m/fpv4-sp/hard/crtbegin.o
                [!provide]                        PROVIDE (__fini_array_end = .)
                0x00000000080047d0                . = ALIGN (0x4)
                0x00000000080047d0                _sidata = LOADADDR (.data)

.data           0x0000000020000000       0xa4 load address 0x00000000080047d0
                0x0000000020000000                . = ALIGN (0x4)
                0x0000000020000000                _sdata = .
 *(.data)
 *(.data*)
 .data.SSID     0x0000000020000000        0xb Core/Src/ESP8266.o
 *fill*         0x000000002000000b        0x1 
 .data.PWD      0x000000002000000c        0x9 Core/Src/ESP8266.o
 *fill*         0x0000000020000015        0x3 
 .data.connection_type
                0x0000000020000018        0x4 Core/Src/ESP8266.o
 .data.remote_ip
                0x000000002000001c        0xe Core/Src/ESP8266.o
 *fill*         0x000000002000002a        0x2 
 .data.remote_port
                0x000000002000002c        0x5 Core/Src/ESP8266.o
 *fill*         0x0000000020000031        0x3 
 .data.SystemCoreClock
                0x0000000020000034        0x4 Core/Src/system_stm32l4xx.o
                0x0000000020000034                SystemCoreClock
 .data.uwTickPrio
                0x0000000020000038        0x4 Drivers/STM32L4xx_HAL_Driver/Src/stm32l4xx_hal.o
                0x0000000020000038                uwTickPrio
 .data.uwTickFreq
                0x000000002000003c        0x1 Drivers/STM32L4xx_HAL_Driver/Src/stm32l4xx_hal.o
                0x000000002000003c                uwTickFreq
 *fill*         0x000000002000003d        0x3 
 .data._impure_ptr
                0x0000000020000040        0x4 c:/st/stm32cubeide_1.4.0/stm32cubeide/plugins/com.st.stm32cube.ide.mcu.externaltools.gnu-tools-for-stm32.7-2018-q2-update.win32_1.4.0.202007081208/tools/bin/../lib/gcc/arm-none-eabi/7.3.1/../../../../arm-none-eabi/lib/thumb/v7e-m/fpv4-sp/hard\libc_nano.a(lib_a-impure.o)
                0x0000000020000040                _impure_ptr
 .data.impure_data
                0x0000000020000044       0x60 c:/st/stm32cubeide_1.4.0/stm32cubeide/plugins/com.st.stm32cube.ide.mcu.externaltools.gnu-tools-for-stm32.7-2018-q2-update.win32_1.4.0.202007081208/tools/bin/../lib/gcc/arm-none-eabi/7.3.1/../../../../arm-none-eabi/lib/thumb/v7e-m/fpv4-sp/hard\libc_nano.a(lib_a-impure.o)
                0x00000000200000a4                . = ALIGN (0x4)
                0x00000000200000a4                _edata = .

.igot.plt       0x00000000200000a4        0x0 load address 0x0000000008004874
 .igot.plt      0x00000000200000a4        0x0 c:/st/stm32cubeide_1.4.0/stm32cubeide/plugins/com.st.stm32cube.ide.mcu.externaltools.gnu-tools-for-stm32.7-2018-q2-update.win32_1.4.0.202007081208/tools/bin/../lib/gcc/arm-none-eabi/7.3.1/thumb/v7e-m/fpv4-sp/hard/crtbegin.o
                0x00000000200000a4                . = ALIGN (0x4)

.bss            0x00000000200000a4     0x1138 load address 0x0000000008004874
                0x00000000200000a4                _sbss = .
                0x00000000200000a4                __bss_start__ = _sbss
 *(.bss)
 .bss           0x00000000200000a4       0x1c c:/st/stm32cubeide_1.4.0/stm32cubeide/plugins/com.st.stm32cube.ide.mcu.externaltools.gnu-tools-for-stm32.7-2018-q2-update.win32_1.4.0.202007081208/tools/bin/../lib/gcc/arm-none-eabi/7.3.1/thumb/v7e-m/fpv4-sp/hard/crtbegin.o
 *(.bss*)
 .bss.rx_variable
                0x00000000200000c0        0x1 Core/Src/ESP8266.o
 *fill*         0x00000000200000c1        0x3 
 .bss.rx_buffer
                0x00000000200000c4     0x1000 Core/Src/ESP8266.o
 .bss.rx_buffer_index
                0x00000000200010c4        0x1 Core/Src/ESP8266.o
 .bss.error_flag
                0x00000000200010c5        0x1 Core/Src/ESP8266.o
 .bss.fail_flag
                0x00000000200010c6        0x1 Core/Src/ESP8266.o
 *fill*         0x00000000200010c7        0x1 
 .bss.__sbrk_heap_end
                0x00000000200010c8        0x4 Core/Src/sysmem.o
 .bss.__malloc_free_list
                0x00000000200010cc        0x4 c:/st/stm32cubeide_1.4.0/stm32cubeide/plugins/com.st.stm32cube.ide.mcu.externaltools.gnu-tools-for-stm32.7-2018-q2-update.win32_1.4.0.202007081208/tools/bin/../lib/gcc/arm-none-eabi/7.3.1/../../../../arm-none-eabi/lib/thumb/v7e-m/fpv4-sp/hard\libc_nano.a(lib_a-nano-mallocr.o)
                0x00000000200010cc                __malloc_free_list
 .bss.__malloc_sbrk_start
                0x00000000200010d0        0x4 c:/st/stm32cubeide_1.4.0/stm32cubeide/plugins/com.st.stm32cube.ide.mcu.externaltools.gnu-tools-for-stm32.7-2018-q2-update.win32_1.4.0.202007081208/tools/bin/../lib/gcc/arm-none-eabi/7.3.1/../../../../arm-none-eabi/lib/thumb/v7e-m/fpv4-sp/hard\libc_nano.a(lib_a-nano-mallocr.o)
                0x00000000200010d0                __malloc_sbrk_start
 *(COMMON)
 COMMON         0x00000000200010d4      0x100 Core/Src/usart.o
                0x00000000200010d4                huart4
                0x0000000020001154                huart2
 COMMON         0x00000000200011d4        0x4 Drivers/STM32L4xx_HAL_Driver/Src/stm32l4xx_hal.o
                0x00000000200011d4                uwTick
 COMMON         0x00000000200011d8        0x4 c:/st/stm32cubeide_1.4.0/stm32cubeide/plugins/com.st.stm32cube.ide.mcu.externaltools.gnu-tools-for-stm32.7-2018-q2-update.win32_1.4.0.202007081208/tools/bin/../lib/gcc/arm-none-eabi/7.3.1/../../../../arm-none-eabi/lib/thumb/v7e-m/fpv4-sp/hard\libc_nano.a(lib_a-reent.o)
                0x00000000200011d8                errno
                0x00000000200011dc                . = ALIGN (0x4)
                0x00000000200011dc                _ebss = .
                0x00000000200011dc                __bss_end__ = _ebss

._user_heap_stack
                0x00000000200011dc      0x604 load address 0x0000000008004874
                0x00000000200011e0                . = ALIGN (0x8)
 *fill*         0x00000000200011dc        0x4 
                [!provide]                        PROVIDE (end = .)
                0x00000000200011e0                PROVIDE (_end = .)
                0x00000000200013e0                . = (. + _Min_Heap_Size)
 *fill*         0x00000000200011e0      0x200 
                0x00000000200017e0                . = (. + _Min_Stack_Size)
 *fill*         0x00000000200013e0      0x400 
                0x00000000200017e0                . = ALIGN (0x8)

/DISCARD/
 libc.a(*)
 libm.a(*)
 libgcc.a(*)

.ARM.attributes
                0x0000000000000000       0x30
 *(.ARM.attributes)
 .ARM.attributes
                0x0000000000000000       0x22 c:/st/stm32cubeide_1.4.0/stm32cubeide/plugins/com.st.stm32cube.ide.mcu.externaltools.gnu-tools-for-stm32.7-2018-q2-update.win32_1.4.0.202007081208/tools/bin/../lib/gcc/arm-none-eabi/7.3.1/thumb/v7e-m/fpv4-sp/hard/crti.o
 .ARM.attributes
                0x0000000000000022       0x34 c:/st/stm32cubeide_1.4.0/stm32cubeide/plugins/com.st.stm32cube.ide.mcu.externaltools.gnu-tools-for-stm32.7-2018-q2-update.win32_1.4.0.202007081208/tools/bin/../lib/gcc/arm-none-eabi/7.3.1/thumb/v7e-m/fpv4-sp/hard/crtbegin.o
 .ARM.attributes
                0x0000000000000056       0x39 Core/Src/ESP8266.o
 .ARM.attributes
                0x000000000000008f       0x39 Core/Src/gpio.o
 .ARM.attributes
                0x00000000000000c8       0x39 Core/Src/main.o
 .ARM.attributes
                0x0000000000000101       0x39 Core/Src/stm32l4xx_hal_msp.o
 .ARM.attributes
                0x000000000000013a       0x39 Core/Src/stm32l4xx_it.o
 .ARM.attributes
                0x0000000000000173       0x39 Core/Src/sysmem.o
 .ARM.attributes
                0x00000000000001ac       0x39 Core/Src/system_stm32l4xx.o
 .ARM.attributes
                0x00000000000001e5       0x39 Core/Src/test.o
 .ARM.attributes
                0x000000000000021e       0x39 Core/Src/usart.o
 .ARM.attributes
                0x0000000000000257       0x21 Core/Startup/startup_stm32l476rgtx.o
 .ARM.attributes
                0x0000000000000278       0x39 Drivers/STM32L4xx_HAL_Driver/Src/stm32l4xx_hal.o
 .ARM.attributes
                0x00000000000002b1       0x39 Drivers/STM32L4xx_HAL_Driver/Src/stm32l4xx_hal_cortex.o
 .ARM.attributes
                0x00000000000002ea       0x39 Drivers/STM32L4xx_HAL_Driver/Src/stm32l4xx_hal_dma.o
 .ARM.attributes
                0x0000000000000323       0x39 Drivers/STM32L4xx_HAL_Driver/Src/stm32l4xx_hal_gpio.o
 .ARM.attributes
                0x000000000000035c       0x39 Drivers/STM32L4xx_HAL_Driver/Src/stm32l4xx_hal_pwr_ex.o
 .ARM.attributes
                0x0000000000000395       0x39 Drivers/STM32L4xx_HAL_Driver/Src/stm32l4xx_hal_rcc.o
 .ARM.attributes
                0x00000000000003ce       0x39 Drivers/STM32L4xx_HAL_Driver/Src/stm32l4xx_hal_rcc_ex.o
 .ARM.attributes
                0x0000000000000407       0x39 Drivers/STM32L4xx_HAL_Driver/Src/stm32l4xx_hal_uart.o
 .ARM.attributes
                0x0000000000000440       0x39 Drivers/STM32L4xx_HAL_Driver/Src/stm32l4xx_hal_uart_ex.o
 .ARM.attributes
                0x0000000000000479       0x34 c:/st/stm32cubeide_1.4.0/stm32cubeide/plugins/com.st.stm32cube.ide.mcu.externaltools.gnu-tools-for-stm32.7-2018-q2-update.win32_1.4.0.202007081208/tools/bin/../lib/gcc/arm-none-eabi/7.3.1/../../../../arm-none-eabi/lib/thumb/v7e-m/fpv4-sp/hard\libc_nano.a(lib_a-errno.o)
 .ARM.attributes
                0x00000000000004ad       0x34 c:/st/stm32cubeide_1.4.0/stm32cubeide/plugins/com.st.stm32cube.ide.mcu.externaltools.gnu-tools-for-stm32.7-2018-q2-update.win32_1.4.0.202007081208/tools/bin/../lib/gcc/arm-none-eabi/7.3.1/../../../../arm-none-eabi/lib/thumb/v7e-m/fpv4-sp/hard\libc_nano.a(lib_a-impure.o)
 .ARM.attributes
                0x00000000000004e1       0x34 c:/st/stm32cubeide_1.4.0/stm32cubeide/plugins/com.st.stm32cube.ide.mcu.externaltools.gnu-tools-for-stm32.7-2018-q2-update.win32_1.4.0.202007081208/tools/bin/../lib/gcc/arm-none-eabi/7.3.1/../../../../arm-none-eabi/lib/thumb/v7e-m/fpv4-sp/hard\libc_nano.a(lib_a-init.o)
 .ARM.attributes
                0x0000000000000515       0x34 c:/st/stm32cubeide_1.4.0/stm32cubeide/plugins/com.st.stm32cube.ide.mcu.externaltools.gnu-tools-for-stm32.7-2018-q2-update.win32_1.4.0.202007081208/tools/bin/../lib/gcc/arm-none-eabi/7.3.1/../../../../arm-none-eabi/lib/thumb/v7e-m/fpv4-sp/hard\libc_nano.a(lib_a-memset.o)
 .ARM.attributes
                0x0000000000000549       0x34 c:/st/stm32cubeide_1.4.0/stm32cubeide/plugins/com.st.stm32cube.ide.mcu.externaltools.gnu-tools-for-stm32.7-2018-q2-update.win32_1.4.0.202007081208/tools/bin/../lib/gcc/arm-none-eabi/7.3.1/../../../../arm-none-eabi/lib/thumb/v7e-m/fpv4-sp/hard\libc_nano.a(lib_a-sprintf.o)
 .ARM.attributes
                0x000000000000057d       0x1b c:/st/stm32cubeide_1.4.0/stm32cubeide/plugins/com.st.stm32cube.ide.mcu.externaltools.gnu-tools-for-stm32.7-2018-q2-update.win32_1.4.0.202007081208/tools/bin/../lib/gcc/arm-none-eabi/7.3.1/../../../../arm-none-eabi/lib/thumb/v7e-m/fpv4-sp/hard\libc_nano.a(lib_a-strlen.o)
 .ARM.attributes
                0x0000000000000598       0x34 c:/st/stm32cubeide_1.4.0/stm32cubeide/plugins/com.st.stm32cube.ide.mcu.externaltools.gnu-tools-for-stm32.7-2018-q2-update.win32_1.4.0.202007081208/tools/bin/../lib/gcc/arm-none-eabi/7.3.1/../../../../arm-none-eabi/lib/thumb/v7e-m/fpv4-sp/hard\libc_nano.a(lib_a-strstr.o)
 .ARM.attributes
                0x00000000000005cc       0x34 c:/st/stm32cubeide_1.4.0/stm32cubeide/plugins/com.st.stm32cube.ide.mcu.externaltools.gnu-tools-for-stm32.7-2018-q2-update.win32_1.4.0.202007081208/tools/bin/../lib/gcc/arm-none-eabi/7.3.1/../../../../arm-none-eabi/lib/thumb/v7e-m/fpv4-sp/hard\libc_nano.a(lib_a-nano-svfprintf.o)
 .ARM.attributes
                0x0000000000000600       0x34 c:/st/stm32cubeide_1.4.0/stm32cubeide/plugins/com.st.stm32cube.ide.mcu.externaltools.gnu-tools-for-stm32.7-2018-q2-update.win32_1.4.0.202007081208/tools/bin/../lib/gcc/arm-none-eabi/7.3.1/../../../../arm-none-eabi/lib/thumb/v7e-m/fpv4-sp/hard\libc_nano.a(lib_a-nano-vfprintf_i.o)
 .ARM.attributes
                0x0000000000000634       0x20 c:/st/stm32cubeide_1.4.0/stm32cubeide/plugins/com.st.stm32cube.ide.mcu.externaltools.gnu-tools-for-stm32.7-2018-q2-update.win32_1.4.0.202007081208/tools/bin/../lib/gcc/arm-none-eabi/7.3.1/../../../../arm-none-eabi/lib/thumb/v7e-m/fpv4-sp/hard\libc_nano.a(lib_a-memchr.o)
 .ARM.attributes
                0x0000000000000654       0x34 c:/st/stm32cubeide_1.4.0/stm32cubeide/plugins/com.st.stm32cube.ide.mcu.externaltools.gnu-tools-for-stm32.7-2018-q2-update.win32_1.4.0.202007081208/tools/bin/../lib/gcc/arm-none-eabi/7.3.1/../../../../arm-none-eabi/lib/thumb/v7e-m/fpv4-sp/hard\libc_nano.a(lib_a-memcpy-stub.o)
 .ARM.attributes
                0x0000000000000688       0x34 c:/st/stm32cubeide_1.4.0/stm32cubeide/plugins/com.st.stm32cube.ide.mcu.externaltools.gnu-tools-for-stm32.7-2018-q2-update.win32_1.4.0.202007081208/tools/bin/../lib/gcc/arm-none-eabi/7.3.1/../../../../arm-none-eabi/lib/thumb/v7e-m/fpv4-sp/hard\libc_nano.a(lib_a-memmove.o)
 .ARM.attributes
                0x00000000000006bc       0x34 c:/st/stm32cubeide_1.4.0/stm32cubeide/plugins/com.st.stm32cube.ide.mcu.externaltools.gnu-tools-for-stm32.7-2018-q2-update.win32_1.4.0.202007081208/tools/bin/../lib/gcc/arm-none-eabi/7.3.1/../../../../arm-none-eabi/lib/thumb/v7e-m/fpv4-sp/hard\libc_nano.a(lib_a-nano-freer.o)
 .ARM.attributes
                0x00000000000006f0       0x34 c:/st/stm32cubeide_1.4.0/stm32cubeide/plugins/com.st.stm32cube.ide.mcu.externaltools.gnu-tools-for-stm32.7-2018-q2-update.win32_1.4.0.202007081208/tools/bin/../lib/gcc/arm-none-eabi/7.3.1/../../../../arm-none-eabi/lib/thumb/v7e-m/fpv4-sp/hard\libc_nano.a(lib_a-nano-mallocr.o)
 .ARM.attributes
                0x0000000000000724       0x34 c:/st/stm32cubeide_1.4.0/stm32cubeide/plugins/com.st.stm32cube.ide.mcu.externaltools.gnu-tools-for-stm32.7-2018-q2-update.win32_1.4.0.202007081208/tools/bin/../lib/gcc/arm-none-eabi/7.3.1/../../../../arm-none-eabi/lib/thumb/v7e-m/fpv4-sp/hard\libc_nano.a(lib_a-nano-reallocr.o)
 .ARM.attributes
                0x0000000000000758       0x34 c:/st/stm32cubeide_1.4.0/stm32cubeide/plugins/com.st.stm32cube.ide.mcu.externaltools.gnu-tools-for-stm32.7-2018-q2-update.win32_1.4.0.202007081208/tools/bin/../lib/gcc/arm-none-eabi/7.3.1/../../../../arm-none-eabi/lib/thumb/v7e-m/fpv4-sp/hard\libc_nano.a(lib_a-sbrkr.o)
 .ARM.attributes
                0x000000000000078c       0x34 c:/st/stm32cubeide_1.4.0/stm32cubeide/plugins/com.st.stm32cube.ide.mcu.externaltools.gnu-tools-for-stm32.7-2018-q2-update.win32_1.4.0.202007081208/tools/bin/../lib/gcc/arm-none-eabi/7.3.1/../../../../arm-none-eabi/lib/thumb/v7e-m/fpv4-sp/hard\libc_nano.a(lib_a-mlock.o)
 .ARM.attributes
                0x00000000000007c0       0x34 c:/st/stm32cubeide_1.4.0/stm32cubeide/plugins/com.st.stm32cube.ide.mcu.externaltools.gnu-tools-for-stm32.7-2018-q2-update.win32_1.4.0.202007081208/tools/bin/../lib/gcc/arm-none-eabi/7.3.1/../../../../arm-none-eabi/lib/thumb/v7e-m/fpv4-sp/hard\libc_nano.a(lib_a-nano-msizer.o)
 .ARM.attributes
                0x00000000000007f4       0x34 c:/st/stm32cubeide_1.4.0/stm32cubeide/plugins/com.st.stm32cube.ide.mcu.externaltools.gnu-tools-for-stm32.7-2018-q2-update.win32_1.4.0.202007081208/tools/bin/../lib/gcc/arm-none-eabi/7.3.1/../../../../arm-none-eabi/lib/thumb/v7e-m/fpv4-sp/hard\libc_nano.a(lib_a-reent.o)
 .ARM.attributes
                0x0000000000000828       0x22 c:/st/stm32cubeide_1.4.0/stm32cubeide/plugins/com.st.stm32cube.ide.mcu.externaltools.gnu-tools-for-stm32.7-2018-q2-update.win32_1.4.0.202007081208/tools/bin/../lib/gcc/arm-none-eabi/7.3.1/thumb/v7e-m/fpv4-sp/hard\libgcc.a(_aeabi_uldivmod.o)
 .ARM.attributes
                0x000000000000084a       0x34 c:/st/stm32cubeide_1.4.0/stm32cubeide/plugins/com.st.stm32cube.ide.mcu.externaltools.gnu-tools-for-stm32.7-2018-q2-update.win32_1.4.0.202007081208/tools/bin/../lib/gcc/arm-none-eabi/7.3.1/thumb/v7e-m/fpv4-sp/hard\libgcc.a(_udivmoddi4.o)
 .ARM.attributes
                0x000000000000087e       0x22 c:/st/stm32cubeide_1.4.0/stm32cubeide/plugins/com.st.stm32cube.ide.mcu.externaltools.gnu-tools-for-stm32.7-2018-q2-update.win32_1.4.0.202007081208/tools/bin/../lib/gcc/arm-none-eabi/7.3.1/thumb/v7e-m/fpv4-sp/hard\libgcc.a(_dvmd_tls.o)
 .ARM.attributes
                0x00000000000008a0       0x22 c:/st/stm32cubeide_1.4.0/stm32cubeide/plugins/com.st.stm32cube.ide.mcu.externaltools.gnu-tools-for-stm32.7-2018-q2-update.win32_1.4.0.202007081208/tools/bin/../lib/gcc/arm-none-eabi/7.3.1/thumb/v7e-m/fpv4-sp/hard/crtn.o
OUTPUT(IOTSoptunna.elf elf32-littlearm)

.debug_info     0x0000000000000000     0xe5ad
 .debug_info    0x0000000000000000     0x1854 Core/Src/ESP8266.o
 .debug_info    0x0000000000001854      0x679 Core/Src/gpio.o
 .debug_info    0x0000000000001ecd      0xbb0 Core/Src/main.o
 .debug_info    0x0000000000002a7d      0x4f9 Core/Src/stm32l4xx_hal_msp.o
 .debug_info    0x0000000000002f76      0x874 Core/Src/stm32l4xx_it.o
 .debug_info    0x00000000000037ea      0x985 Core/Src/sysmem.o
 .debug_info    0x000000000000416f      0x727 Core/Src/system_stm32l4xx.o
 .debug_info    0x0000000000004896     0x1564 Core/Src/test.o
 .debug_info    0x0000000000005dfa      0xe36 Core/Src/usart.o
 .debug_info    0x0000000000006c30       0x22 Core/Startup/startup_stm32l476rgtx.o
 .debug_info    0x0000000000006c52      0xd2e Drivers/STM32L4xx_HAL_Driver/Src/stm32l4xx_hal.o
 .debug_info    0x0000000000007980      0xf6d Drivers/STM32L4xx_HAL_Driver/Src/stm32l4xx_hal_cortex.o
 .debug_info    0x00000000000088ed      0x8f2 Drivers/STM32L4xx_HAL_Driver/Src/stm32l4xx_hal_dma.o
 .debug_info    0x00000000000091df      0x9c2 Drivers/STM32L4xx_HAL_Driver/Src/stm32l4xx_hal_gpio.o
 .debug_info    0x0000000000009ba1      0xb35 Drivers/STM32L4xx_HAL_Driver/Src/stm32l4xx_hal_pwr_ex.o
 .debug_info    0x000000000000a6d6      0xd2f Drivers/STM32L4xx_HAL_Driver/Src/stm32l4xx_hal_rcc.o
 .debug_info    0x000000000000b405      0xf41 Drivers/STM32L4xx_HAL_Driver/Src/stm32l4xx_hal_rcc_ex.o
 .debug_info    0x000000000000c346     0x1830 Drivers/STM32L4xx_HAL_Driver/Src/stm32l4xx_hal_uart.o
 .debug_info    0x000000000000db76      0xa37 Drivers/STM32L4xx_HAL_Driver/Src/stm32l4xx_hal_uart_ex.o

.debug_abbrev   0x0000000000000000     0x20e0
 .debug_abbrev  0x0000000000000000      0x26f Core/Src/ESP8266.o
 .debug_abbrev  0x000000000000026f      0x134 Core/Src/gpio.o
 .debug_abbrev  0x00000000000003a3      0x199 Core/Src/main.o
 .debug_abbrev  0x000000000000053c      0x125 Core/Src/stm32l4xx_hal_msp.o
 .debug_abbrev  0x0000000000000661      0x149 Core/Src/stm32l4xx_it.o
 .debug_abbrev  0x00000000000007aa      0x19b Core/Src/sysmem.o
 .debug_abbrev  0x0000000000000945      0x150 Core/Src/system_stm32l4xx.o
 .debug_abbrev  0x0000000000000a95      0x1da Core/Src/test.o
 .debug_abbrev  0x0000000000000c6f      0x1a2 Core/Src/usart.o
 .debug_abbrev  0x0000000000000e11       0x12 Core/Startup/startup_stm32l476rgtx.o
 .debug_abbrev  0x0000000000000e23      0x1fb Drivers/STM32L4xx_HAL_Driver/Src/stm32l4xx_hal.o
 .debug_abbrev  0x000000000000101e      0x2fa Drivers/STM32L4xx_HAL_Driver/Src/stm32l4xx_hal_cortex.o
 .debug_abbrev  0x0000000000001318      0x1d9 Drivers/STM32L4xx_HAL_Driver/Src/stm32l4xx_hal_dma.o
 .debug_abbrev  0x00000000000014f1      0x1c0 Drivers/STM32L4xx_HAL_Driver/Src/stm32l4xx_hal_gpio.o
 .debug_abbrev  0x00000000000016b1      0x1cb Drivers/STM32L4xx_HAL_Driver/Src/stm32l4xx_hal_pwr_ex.o
 .debug_abbrev  0x000000000000187c      0x245 Drivers/STM32L4xx_HAL_Driver/Src/stm32l4xx_hal_rcc.o
 .debug_abbrev  0x0000000000001ac1      0x238 Drivers/STM32L4xx_HAL_Driver/Src/stm32l4xx_hal_rcc_ex.o
 .debug_abbrev  0x0000000000001cf9      0x205 Drivers/STM32L4xx_HAL_Driver/Src/stm32l4xx_hal_uart.o
 .debug_abbrev  0x0000000000001efe      0x1e2 Drivers/STM32L4xx_HAL_Driver/Src/stm32l4xx_hal_uart_ex.o

.debug_aranges  0x0000000000000000      0xa58
 .debug_aranges
                0x0000000000000000       0x78 Core/Src/ESP8266.o
 .debug_aranges
                0x0000000000000078       0x20 Core/Src/gpio.o
 .debug_aranges
                0x0000000000000098       0x30 Core/Src/main.o
 .debug_aranges
                0x00000000000000c8       0x20 Core/Src/stm32l4xx_hal_msp.o
 .debug_aranges
                0x00000000000000e8       0x68 Core/Src/stm32l4xx_it.o
 .debug_aranges
                0x0000000000000150       0x20 Core/Src/sysmem.o
 .debug_aranges
                0x0000000000000170       0x28 Core/Src/system_stm32l4xx.o
 .debug_aranges
                0x0000000000000198       0x38 Core/Src/test.o
 .debug_aranges
                0x00000000000001d0       0x38 Core/Src/usart.o
 .debug_aranges
                0x0000000000000208       0x28 Core/Startup/startup_stm32l476rgtx.o
 .debug_aranges
                0x0000000000000230      0x130 Drivers/STM32L4xx_HAL_Driver/Src/stm32l4xx_hal.o
 .debug_aranges
                0x0000000000000360      0x118 Drivers/STM32L4xx_HAL_Driver/Src/stm32l4xx_hal_cortex.o
 .debug_aranges
                0x0000000000000478       0x80 Drivers/STM32L4xx_HAL_Driver/Src/stm32l4xx_hal_dma.o
 .debug_aranges
                0x00000000000004f8       0x58 Drivers/STM32L4xx_HAL_Driver/Src/stm32l4xx_hal_gpio.o
 .debug_aranges
                0x0000000000000550      0x150 Drivers/STM32L4xx_HAL_Driver/Src/stm32l4xx_hal_pwr_ex.o
 .debug_aranges
                0x00000000000006a0       0x88 Drivers/STM32L4xx_HAL_Driver/Src/stm32l4xx_hal_rcc.o
 .debug_aranges
                0x0000000000000728       0xc0 Drivers/STM32L4xx_HAL_Driver/Src/stm32l4xx_hal_rcc_ex.o
 .debug_aranges
                0x00000000000007e8      0x210 Drivers/STM32L4xx_HAL_Driver/Src/stm32l4xx_hal_uart.o
 .debug_aranges
                0x00000000000009f8       0x60 Drivers/STM32L4xx_HAL_Driver/Src/stm32l4xx_hal_uart_ex.o

.debug_ranges   0x0000000000000000      0x930
 .debug_ranges  0x0000000000000000       0x68 Core/Src/ESP8266.o
 .debug_ranges  0x0000000000000068       0x10 Core/Src/gpio.o
 .debug_ranges  0x0000000000000078       0x20 Core/Src/main.o
 .debug_ranges  0x0000000000000098       0x10 Core/Src/stm32l4xx_hal_msp.o
 .debug_ranges  0x00000000000000a8       0x58 Core/Src/stm32l4xx_it.o
 .debug_ranges  0x0000000000000100       0x10 Core/Src/sysmem.o
 .debug_ranges  0x0000000000000110       0x18 Core/Src/system_stm32l4xx.o
 .debug_ranges  0x0000000000000128       0x28 Core/Src/test.o
 .debug_ranges  0x0000000000000150       0x28 Core/Src/usart.o
 .debug_ranges  0x0000000000000178       0x20 Core/Startup/startup_stm32l476rgtx.o
 .debug_ranges  0x0000000000000198      0x120 Drivers/STM32L4xx_HAL_Driver/Src/stm32l4xx_hal.o
 .debug_ranges  0x00000000000002b8      0x108 Drivers/STM32L4xx_HAL_Driver/Src/stm32l4xx_hal_cortex.o
 .debug_ranges  0x00000000000003c0       0x70 Drivers/STM32L4xx_HAL_Driver/Src/stm32l4xx_hal_dma.o
 .debug_ranges  0x0000000000000430       0x48 Drivers/STM32L4xx_HAL_Driver/Src/stm32l4xx_hal_gpio.o
 .debug_ranges  0x0000000000000478      0x140 Drivers/STM32L4xx_HAL_Driver/Src/stm32l4xx_hal_pwr_ex.o
 .debug_ranges  0x00000000000005b8       0x78 Drivers/STM32L4xx_HAL_Driver/Src/stm32l4xx_hal_rcc.o
 .debug_ranges  0x0000000000000630       0xb0 Drivers/STM32L4xx_HAL_Driver/Src/stm32l4xx_hal_rcc_ex.o
 .debug_ranges  0x00000000000006e0      0x200 Drivers/STM32L4xx_HAL_Driver/Src/stm32l4xx_hal_uart.o
 .debug_ranges  0x00000000000008e0       0x50 Drivers/STM32L4xx_HAL_Driver/Src/stm32l4xx_hal_uart_ex.o

.debug_macro    0x0000000000000000    0x26afb
 .debug_macro   0x0000000000000000      0x381 Core/Src/ESP8266.o
 .debug_macro   0x0000000000000381      0xa5a Core/Src/ESP8266.o
 .debug_macro   0x0000000000000ddb      0x1a7 Core/Src/ESP8266.o
 .debug_macro   0x0000000000000f82       0x2e Core/Src/ESP8266.o
 .debug_macro   0x0000000000000fb0       0x28 Core/Src/ESP8266.o
 .debug_macro   0x0000000000000fd8       0x22 Core/Src/ESP8266.o
 .debug_macro   0x0000000000000ffa       0x8e Core/Src/ESP8266.o
 .debug_macro   0x0000000000001088       0x51 Core/Src/ESP8266.o
 .debug_macro   0x00000000000010d9       0xef Core/Src/ESP8266.o
 .debug_macro   0x00000000000011c8       0x6a Core/Src/ESP8266.o
 .debug_macro   0x0000000000001232      0x1df Core/Src/ESP8266.o
 .debug_macro   0x0000000000001411       0x1c Core/Src/ESP8266.o
 .debug_macro   0x000000000000142d       0x22 Core/Src/ESP8266.o
 .debug_macro   0x000000000000144f      0x101 Core/Src/ESP8266.o
 .debug_macro   0x0000000000001550     0x1011 Core/Src/ESP8266.o
 .debug_macro   0x0000000000002561      0x11f Core/Src/ESP8266.o
 .debug_macro   0x0000000000002680    0x1a13d Core/Src/ESP8266.o
 .debug_macro   0x000000000001c7bd       0x43 Core/Src/ESP8266.o
 .debug_macro   0x000000000001c800     0x3890 Core/Src/ESP8266.o
 .debug_macro   0x0000000000020090      0x174 Core/Src/ESP8266.o
 .debug_macro   0x0000000000020204       0x5c Core/Src/ESP8266.o
 .debug_macro   0x0000000000020260     0x155f Core/Src/ESP8266.o
 .debug_macro   0x00000000000217bf      0x59e Core/Src/ESP8266.o
 .debug_macro   0x0000000000021d5d      0x13d Core/Src/ESP8266.o
 .debug_macro   0x0000000000021e9a      0x18b Core/Src/ESP8266.o
 .debug_macro   0x0000000000022025      0x26b Core/Src/ESP8266.o
 .debug_macro   0x0000000000022290      0x23d Core/Src/ESP8266.o
 .debug_macro   0x00000000000224cd      0x241 Core/Src/ESP8266.o
 .debug_macro   0x000000000002270e      0x37c Core/Src/ESP8266.o
 .debug_macro   0x0000000000022a8a       0xd6 Core/Src/ESP8266.o
 .debug_macro   0x0000000000022b60      0x22c Core/Src/ESP8266.o
 .debug_macro   0x0000000000022d8c       0x61 Core/Src/ESP8266.o
 .debug_macro   0x0000000000022ded       0xa5 Core/Src/ESP8266.o
 .debug_macro   0x0000000000022e92      0x122 Core/Src/ESP8266.o
 .debug_macro   0x0000000000022fb4      0x3e9 Core/Src/ESP8266.o
 .debug_macro   0x000000000002339d      0x59e Core/Src/ESP8266.o
 .debug_macro   0x000000000002393b       0x44 Core/Src/ESP8266.o
 .debug_macro   0x000000000002397f      0x331 Core/Src/ESP8266.o
 .debug_macro   0x0000000000023cb0       0x58 Core/Src/ESP8266.o
 .debug_macro   0x0000000000023d08       0x46 Core/Src/ESP8266.o
 .debug_macro   0x0000000000023d4e       0x18 Core/Src/ESP8266.o
 .debug_macro   0x0000000000023d66       0x3c Core/Src/ESP8266.o
 .debug_macro   0x0000000000023da2       0x34 Core/Src/ESP8266.o
 .debug_macro   0x0000000000023dd6       0x52 Core/Src/ESP8266.o
 .debug_macro   0x0000000000023e28       0x1f Core/Src/ESP8266.o
 .debug_macro   0x0000000000023e47       0x43 Core/Src/ESP8266.o
 .debug_macro   0x0000000000023e8a       0x20 Core/Src/ESP8266.o
 .debug_macro   0x0000000000023eaa      0x1a3 Core/Src/ESP8266.o
 .debug_macro   0x000000000002404d      0x32a Core/Src/ESP8266.o
 .debug_macro   0x0000000000024377       0x10 Core/Src/ESP8266.o
 .debug_macro   0x0000000000024387       0x35 Core/Src/ESP8266.o
 .debug_macro   0x00000000000243bc       0x20 Core/Src/ESP8266.o
 .debug_macro   0x00000000000243dc       0x1c Core/Src/ESP8266.o
 .debug_macro   0x00000000000243f8       0x10 Core/Src/ESP8266.o
 .debug_macro   0x0000000000024408       0x10 Core/Src/ESP8266.o
 .debug_macro   0x0000000000024418       0x1c Core/Src/ESP8266.o
 .debug_macro   0x0000000000024434       0x52 Core/Src/ESP8266.o
 .debug_macro   0x0000000000024486       0x40 Core/Src/ESP8266.o
 .debug_macro   0x00000000000244c6       0x10 Core/Src/ESP8266.o
 .debug_macro   0x00000000000244d6       0x40 Core/Src/ESP8266.o
 .debug_macro   0x0000000000024516       0xd7 Core/Src/ESP8266.o
 .debug_macro   0x00000000000245ed       0x1c Core/Src/ESP8266.o
 .debug_macro   0x0000000000024609       0x3d Core/Src/ESP8266.o
 .debug_macro   0x0000000000024646       0x16 Core/Src/ESP8266.o
 .debug_macro   0x000000000002465c      0x145 Core/Src/ESP8266.o
 .debug_macro   0x00000000000247a1       0x22 Core/Src/ESP8266.o
 .debug_macro   0x00000000000247c3      0x1de Core/Src/gpio.o
 .debug_macro   0x00000000000249a1      0x1f8 Core/Src/main.o
 .debug_macro   0x0000000000024b99      0x1d4 Core/Src/stm32l4xx_hal_msp.o
 .debug_macro   0x0000000000024d6d      0x1de Core/Src/stm32l4xx_it.o
 .debug_macro   0x0000000000024f4b       0xee Core/Src/sysmem.o
 .debug_macro   0x0000000000025039      0x23b Core/Src/sysmem.o
 .debug_macro   0x0000000000025274      0x1cb Core/Src/system_stm32l4xx.o
 .debug_macro   0x000000000002543f      0x39d Core/Src/test.o
 .debug_macro   0x00000000000257dc      0x1de Core/Src/usart.o
 .debug_macro   0x00000000000259ba      0x213 Drivers/STM32L4xx_HAL_Driver/Src/stm32l4xx_hal.o
 .debug_macro   0x0000000000025bcd      0x1c5 Drivers/STM32L4xx_HAL_Driver/Src/stm32l4xx_hal_cortex.o
 .debug_macro   0x0000000000025d92      0x1c5 Drivers/STM32L4xx_HAL_Driver/Src/stm32l4xx_hal_dma.o
 .debug_macro   0x0000000000025f57      0x204 Drivers/STM32L4xx_HAL_Driver/Src/stm32l4xx_hal_gpio.o
 .debug_macro   0x000000000002615b      0x1e9 Drivers/STM32L4xx_HAL_Driver/Src/stm32l4xx_hal_pwr_ex.o
 .debug_macro   0x0000000000026344      0x207 Drivers/STM32L4xx_HAL_Driver/Src/stm32l4xx_hal_rcc.o
 .debug_macro   0x000000000002654b      0x1fb Drivers/STM32L4xx_HAL_Driver/Src/stm32l4xx_hal_rcc_ex.o
 .debug_macro   0x0000000000026746      0x1f0 Drivers/STM32L4xx_HAL_Driver/Src/stm32l4xx_hal_uart.o
 .debug_macro   0x0000000000026936      0x1c5 Drivers/STM32L4xx_HAL_Driver/Src/stm32l4xx_hal_uart_ex.o

.debug_line     0x0000000000000000     0xa300
 .debug_line    0x0000000000000000      0xa4c Core/Src/ESP8266.o
 .debug_line    0x0000000000000a4c      0x6cb Core/Src/gpio.o
 .debug_line    0x0000000000001117      0x711 Core/Src/main.o
 .debug_line    0x0000000000001828      0x6c2 Core/Src/stm32l4xx_hal_msp.o
 .debug_line    0x0000000000001eea      0x778 Core/Src/stm32l4xx_it.o
 .debug_line    0x0000000000002662      0x4c7 Core/Src/sysmem.o
 .debug_line    0x0000000000002b29      0x6ed Core/Src/system_stm32l4xx.o
 .debug_line    0x0000000000003216      0x93a Core/Src/test.o
 .debug_line    0x0000000000003b50      0x72e Core/Src/usart.o
 .debug_line    0x000000000000427e       0x87 Core/Startup/startup_stm32l476rgtx.o
 .debug_line    0x0000000000004305      0x964 Drivers/STM32L4xx_HAL_Driver/Src/stm32l4xx_hal.o
 .debug_line    0x0000000000004c69      0x9eb Drivers/STM32L4xx_HAL_Driver/Src/stm32l4xx_hal_cortex.o
 .debug_line    0x0000000000005654      0x8e6 Drivers/STM32L4xx_HAL_Driver/Src/stm32l4xx_hal_dma.o
 .debug_line    0x0000000000005f3a      0x87e Drivers/STM32L4xx_HAL_Driver/Src/stm32l4xx_hal_gpio.o
 .debug_line    0x00000000000067b8      0xa77 Drivers/STM32L4xx_HAL_Driver/Src/stm32l4xx_hal_pwr_ex.o
 .debug_line    0x000000000000722f      0x9da Drivers/STM32L4xx_HAL_Driver/Src/stm32l4xx_hal_rcc.o
 .debug_line    0x0000000000007c09      0xc70 Drivers/STM32L4xx_HAL_Driver/Src/stm32l4xx_hal_rcc_ex.o
 .debug_line    0x0000000000008879     0x1272 Drivers/STM32L4xx_HAL_Driver/Src/stm32l4xx_hal_uart.o
 .debug_line    0x0000000000009aeb      0x815 Drivers/STM32L4xx_HAL_Driver/Src/stm32l4xx_hal_uart_ex.o

.debug_str      0x0000000000000000    0xe9fd8
 .debug_str     0x0000000000000000    0xe6a49 Core/Src/ESP8266.o
                                      0xe6dd1 (size before relaxing)
 .debug_str     0x00000000000e6a49      0x1d6 Core/Src/gpio.o
                                      0xe240d (size before relaxing)
 .debug_str     0x00000000000e6c1f      0x42d Core/Src/main.o
                                      0xe2a40 (size before relaxing)
 .debug_str     0x00000000000e704c       0x2c Core/Src/stm32l4xx_hal_msp.o
                                      0xe236d (size before relaxing)
 .debug_str     0x00000000000e7078       0xce Core/Src/stm32l4xx_it.o
                                      0xe2686 (size before relaxing)
 .debug_str     0x00000000000e7146      0x4e9 Core/Src/sysmem.o
                                       0x5f67 (size before relaxing)
 .debug_str     0x00000000000e762f       0xcd Core/Src/system_stm32l4xx.o
                                      0xe22dd (size before relaxing)
 .debug_str     0x00000000000e76fc       0x5a Core/Src/test.o
                                      0xe6b77 (size before relaxing)
 .debug_str     0x00000000000e7756      0x4a4 Core/Src/usart.o
                                      0xe2ccb (size before relaxing)
 .debug_str     0x00000000000e7bfa       0x36 Core/Startup/startup_stm32l476rgtx.o
                                         0x74 (size before relaxing)
 .debug_str     0x00000000000e7c30      0x627 Drivers/STM32L4xx_HAL_Driver/Src/stm32l4xx_hal.o
                                      0xe2e2d (size before relaxing)
 .debug_str     0x00000000000e8257      0x389 Drivers/STM32L4xx_HAL_Driver/Src/stm32l4xx_hal_cortex.o
                                      0xe2b31 (size before relaxing)
 .debug_str     0x00000000000e85e0      0x258 Drivers/STM32L4xx_HAL_Driver/Src/stm32l4xx_hal_dma.o
                                      0xe2535 (size before relaxing)
 .debug_str     0x00000000000e8838      0x236 Drivers/STM32L4xx_HAL_Driver/Src/stm32l4xx_hal_gpio.o
                                      0xe255c (size before relaxing)
 .debug_str     0x00000000000e8a6e      0x4b4 Drivers/STM32L4xx_HAL_Driver/Src/stm32l4xx_hal_pwr_ex.o
                                      0xe27f8 (size before relaxing)
 .debug_str     0x00000000000e8f22      0x34e Drivers/STM32L4xx_HAL_Driver/Src/stm32l4xx_hal_rcc.o
                                      0xe289f (size before relaxing)
 .debug_str     0x00000000000e9270      0x3a6 Drivers/STM32L4xx_HAL_Driver/Src/stm32l4xx_hal_rcc_ex.o
                                      0xe2a30 (size before relaxing)
 .debug_str     0x00000000000e9616      0x834 Drivers/STM32L4xx_HAL_Driver/Src/stm32l4xx_hal_uart.o
                                      0xe2e94 (size before relaxing)
 .debug_str     0x00000000000e9e4a      0x18e Drivers/STM32L4xx_HAL_Driver/Src/stm32l4xx_hal_uart_ex.o
                                      0xe2683 (size before relaxing)

.comment        0x0000000000000000       0x7b
 .comment       0x0000000000000000       0x7b Core/Src/ESP8266.o
                                         0x7c (size before relaxing)
 .comment       0x000000000000007b       0x7c Core/Src/gpio.o
 .comment       0x000000000000007b       0x7c Core/Src/main.o
 .comment       0x000000000000007b       0x7c Core/Src/stm32l4xx_hal_msp.o
 .comment       0x000000000000007b       0x7c Core/Src/stm32l4xx_it.o
 .comment       0x000000000000007b       0x7c Core/Src/sysmem.o
 .comment       0x000000000000007b       0x7c Core/Src/system_stm32l4xx.o
 .comment       0x000000000000007b       0x7c Core/Src/test.o
 .comment       0x000000000000007b       0x7c Core/Src/usart.o
 .comment       0x000000000000007b       0x7c Drivers/STM32L4xx_HAL_Driver/Src/stm32l4xx_hal.o
 .comment       0x000000000000007b       0x7c Drivers/STM32L4xx_HAL_Driver/Src/stm32l4xx_hal_cortex.o
 .comment       0x000000000000007b       0x7c Drivers/STM32L4xx_HAL_Driver/Src/stm32l4xx_hal_dma.o
 .comment       0x000000000000007b       0x7c Drivers/STM32L4xx_HAL_Driver/Src/stm32l4xx_hal_gpio.o
 .comment       0x000000000000007b       0x7c Drivers/STM32L4xx_HAL_Driver/Src/stm32l4xx_hal_pwr_ex.o
 .comment       0x000000000000007b       0x7c Drivers/STM32L4xx_HAL_Driver/Src/stm32l4xx_hal_rcc.o
 .comment       0x000000000000007b       0x7c Drivers/STM32L4xx_HAL_Driver/Src/stm32l4xx_hal_rcc_ex.o
 .comment       0x000000000000007b       0x7c Drivers/STM32L4xx_HAL_Driver/Src/stm32l4xx_hal_uart.o
 .comment       0x000000000000007b       0x7c Drivers/STM32L4xx_HAL_Driver/Src/stm32l4xx_hal_uart_ex.o

.debug_frame    0x0000000000000000     0x2b24
 .debug_frame   0x0000000000000000      0x1bc Core/Src/ESP8266.o
 .debug_frame   0x00000000000001bc       0x34 Core/Src/gpio.o
 .debug_frame   0x00000000000001f0       0x74 Core/Src/main.o
 .debug_frame   0x0000000000000264       0x38 Core/Src/stm32l4xx_hal_msp.o
 .debug_frame   0x000000000000029c      0x128 Core/Src/stm32l4xx_it.o
 .debug_frame   0x00000000000003c4       0x34 Core/Src/sysmem.o
 .debug_frame   0x00000000000003f8       0x58 Core/Src/system_stm32l4xx.o
 .debug_frame   0x0000000000000450       0x8c Core/Src/test.o
 .debug_frame   0x00000000000004dc       0x90 Core/Src/usart.o
 .debug_frame   0x000000000000056c      0x498 Drivers/STM32L4xx_HAL_Driver/Src/stm32l4xx_hal.o
 .debug_frame   0x0000000000000a04      0x498 Drivers/STM32L4xx_HAL_Driver/Src/stm32l4xx_hal_cortex.o
 .debug_frame   0x0000000000000e9c      0x204 Drivers/STM32L4xx_HAL_Driver/Src/stm32l4xx_hal_dma.o
 .debug_frame   0x00000000000010a0      0x14c Drivers/STM32L4xx_HAL_Driver/Src/stm32l4xx_hal_gpio.o
 .debug_frame   0x00000000000011ec      0x544 Drivers/STM32L4xx_HAL_Driver/Src/stm32l4xx_hal_pwr_ex.o
 .debug_frame   0x0000000000001730      0x1f4 Drivers/STM32L4xx_HAL_Driver/Src/stm32l4xx_hal_rcc.o
 .debug_frame   0x0000000000001924      0x2fc Drivers/STM32L4xx_HAL_Driver/Src/stm32l4xx_hal_rcc_ex.o
 .debug_frame   0x0000000000001c20      0x974 Drivers/STM32L4xx_HAL_Driver/Src/stm32l4xx_hal_uart.o
 .debug_frame   0x0000000000002594      0x170 Drivers/STM32L4xx_HAL_Driver/Src/stm32l4xx_hal_uart_ex.o
 .debug_frame   0x0000000000002704       0x20 c:/st/stm32cubeide_1.4.0/stm32cubeide/plugins/com.st.stm32cube.ide.mcu.externaltools.gnu-tools-for-stm32.7-2018-q2-update.win32_1.4.0.202007081208/tools/bin/../lib/gcc/arm-none-eabi/7.3.1/../../../../arm-none-eabi/lib/thumb/v7e-m/fpv4-sp/hard\libc_nano.a(lib_a-errno.o)
 .debug_frame   0x0000000000002724       0x2c c:/st/stm32cubeide_1.4.0/stm32cubeide/plugins/com.st.stm32cube.ide.mcu.externaltools.gnu-tools-for-stm32.7-2018-q2-update.win32_1.4.0.202007081208/tools/bin/../lib/gcc/arm-none-eabi/7.3.1/../../../../arm-none-eabi/lib/thumb/v7e-m/fpv4-sp/hard\libc_nano.a(lib_a-init.o)
 .debug_frame   0x0000000000002750       0x20 c:/st/stm32cubeide_1.4.0/stm32cubeide/plugins/com.st.stm32cube.ide.mcu.externaltools.gnu-tools-for-stm32.7-2018-q2-update.win32_1.4.0.202007081208/tools/bin/../lib/gcc/arm-none-eabi/7.3.1/../../../../arm-none-eabi/lib/thumb/v7e-m/fpv4-sp/hard\libc_nano.a(lib_a-memset.o)
 .debug_frame   0x0000000000002770       0x6c c:/st/stm32cubeide_1.4.0/stm32cubeide/plugins/com.st.stm32cube.ide.mcu.externaltools.gnu-tools-for-stm32.7-2018-q2-update.win32_1.4.0.202007081208/tools/bin/../lib/gcc/arm-none-eabi/7.3.1/../../../../arm-none-eabi/lib/thumb/v7e-m/fpv4-sp/hard\libc_nano.a(lib_a-sprintf.o)
 .debug_frame   0x00000000000027dc       0x30 c:/st/stm32cubeide_1.4.0/stm32cubeide/plugins/com.st.stm32cube.ide.mcu.externaltools.gnu-tools-for-stm32.7-2018-q2-update.win32_1.4.0.202007081208/tools/bin/../lib/gcc/arm-none-eabi/7.3.1/../../../../arm-none-eabi/lib/thumb/v7e-m/fpv4-sp/hard\libc_nano.a(lib_a-strstr.o)
 .debug_frame   0x000000000000280c       0x90 c:/st/stm32cubeide_1.4.0/stm32cubeide/plugins/com.st.stm32cube.ide.mcu.externaltools.gnu-tools-for-stm32.7-2018-q2-update.win32_1.4.0.202007081208/tools/bin/../lib/gcc/arm-none-eabi/7.3.1/../../../../arm-none-eabi/lib/thumb/v7e-m/fpv4-sp/hard\libc_nano.a(lib_a-nano-svfprintf.o)
 .debug_frame   0x000000000000289c       0x60 c:/st/stm32cubeide_1.4.0/stm32cubeide/plugins/com.st.stm32cube.ide.mcu.externaltools.gnu-tools-for-stm32.7-2018-q2-update.win32_1.4.0.202007081208/tools/bin/../lib/gcc/arm-none-eabi/7.3.1/../../../../arm-none-eabi/lib/thumb/v7e-m/fpv4-sp/hard\libc_nano.a(lib_a-nano-vfprintf_i.o)
 .debug_frame   0x00000000000028fc       0x28 c:/st/stm32cubeide_1.4.0/stm32cubeide/plugins/com.st.stm32cube.ide.mcu.externaltools.gnu-tools-for-stm32.7-2018-q2-update.win32_1.4.0.202007081208/tools/bin/../lib/gcc/arm-none-eabi/7.3.1/../../../../arm-none-eabi/lib/thumb/v7e-m/fpv4-sp/hard\libc_nano.a(lib_a-memcpy-stub.o)
 .debug_frame   0x0000000000002924       0x28 c:/st/stm32cubeide_1.4.0/stm32cubeide/plugins/com.st.stm32cube.ide.mcu.externaltools.gnu-tools-for-stm32.7-2018-q2-update.win32_1.4.0.202007081208/tools/bin/../lib/gcc/arm-none-eabi/7.3.1/../../../../arm-none-eabi/lib/thumb/v7e-m/fpv4-sp/hard\libc_nano.a(lib_a-memmove.o)
 .debug_frame   0x000000000000294c       0x38 c:/st/stm32cubeide_1.4.0/stm32cubeide/plugins/com.st.stm32cube.ide.mcu.externaltools.gnu-tools-for-stm32.7-2018-q2-update.win32_1.4.0.202007081208/tools/bin/../lib/gcc/arm-none-eabi/7.3.1/../../../../arm-none-eabi/lib/thumb/v7e-m/fpv4-sp/hard\libc_nano.a(lib_a-nano-freer.o)
 .debug_frame   0x0000000000002984       0x2c c:/st/stm32cubeide_1.4.0/stm32cubeide/plugins/com.st.stm32cube.ide.mcu.externaltools.gnu-tools-for-stm32.7-2018-q2-update.win32_1.4.0.202007081208/tools/bin/../lib/gcc/arm-none-eabi/7.3.1/../../../../arm-none-eabi/lib/thumb/v7e-m/fpv4-sp/hard\libc_nano.a(lib_a-nano-mallocr.o)
 .debug_frame   0x00000000000029b0       0x3c c:/st/stm32cubeide_1.4.0/stm32cubeide/plugins/com.st.stm32cube.ide.mcu.externaltools.gnu-tools-for-stm32.7-2018-q2-update.win32_1.4.0.202007081208/tools/bin/../lib/gcc/arm-none-eabi/7.3.1/../../../../arm-none-eabi/lib/thumb/v7e-m/fpv4-sp/hard\libc_nano.a(lib_a-nano-reallocr.o)
 .debug_frame   0x00000000000029ec       0x2c c:/st/stm32cubeide_1.4.0/stm32cubeide/plugins/com.st.stm32cube.ide.mcu.externaltools.gnu-tools-for-stm32.7-2018-q2-update.win32_1.4.0.202007081208/tools/bin/../lib/gcc/arm-none-eabi/7.3.1/../../../../arm-none-eabi/lib/thumb/v7e-m/fpv4-sp/hard\libc_nano.a(lib_a-sbrkr.o)
 .debug_frame   0x0000000000002a18       0x30 c:/st/stm32cubeide_1.4.0/stm32cubeide/plugins/com.st.stm32cube.ide.mcu.externaltools.gnu-tools-for-stm32.7-2018-q2-update.win32_1.4.0.202007081208/tools/bin/../lib/gcc/arm-none-eabi/7.3.1/../../../../arm-none-eabi/lib/thumb/v7e-m/fpv4-sp/hard\libc_nano.a(lib_a-mlock.o)
 .debug_frame   0x0000000000002a48       0x20 c:/st/stm32cubeide_1.4.0/stm32cubeide/plugins/com.st.stm32cube.ide.mcu.externaltools.gnu-tools-for-stm32.7-2018-q2-update.win32_1.4.0.202007081208/tools/bin/../lib/gcc/arm-none-eabi/7.3.1/../../../../arm-none-eabi/lib/thumb/v7e-m/fpv4-sp/hard\libc_nano.a(lib_a-nano-msizer.o)
 .debug_frame   0x0000000000002a68       0x5c c:/st/stm32cubeide_1.4.0/stm32cubeide/plugins/com.st.stm32cube.ide.mcu.externaltools.gnu-tools-for-stm32.7-2018-q2-update.win32_1.4.0.202007081208/tools/bin/../lib/gcc/arm-none-eabi/7.3.1/../../../../arm-none-eabi/lib/thumb/v7e-m/fpv4-sp/hard\libc_nano.a(lib_a-reent.o)
 .debug_frame   0x0000000000002ac4       0x2c c:/st/stm32cubeide_1.4.0/stm32cubeide/plugins/com.st.stm32cube.ide.mcu.externaltools.gnu-tools-for-stm32.7-2018-q2-update.win32_1.4.0.202007081208/tools/bin/../lib/gcc/arm-none-eabi/7.3.1/thumb/v7e-m/fpv4-sp/hard\libgcc.a(_aeabi_uldivmod.o)
 .debug_frame   0x0000000000002af0       0x34 c:/st/stm32cubeide_1.4.0/stm32cubeide/plugins/com.st.stm32cube.ide.mcu.externaltools.gnu-tools-for-stm32.7-2018-q2-update.win32_1.4.0.202007081208/tools/bin/../lib/gcc/arm-none-eabi/7.3.1/thumb/v7e-m/fpv4-sp/hard\libgcc.a(_udivmoddi4.o)
