Archive member included to satisfy reference by file (symbol)

c:/users/axel-/desktop/skolgrejer/inbyggda system/stm32cubeide_1.4.0/stm32cubeide/plugins/com.st.stm32cube.ide.mcu.externaltools.gnu-tools-for-stm32.7-2018-q2-update.win32_1.4.0.202007081208/tools/bin/../lib/gcc/arm-none-eabi/7.3.1/../../../../arm-none-eabi/lib/thumb/v7e-m/fpv4-sp/hard\libc_nano.a(lib_a-errno.o)
                              Core/Src/syscalls.o (__errno)
c:/users/axel-/desktop/skolgrejer/inbyggda system/stm32cubeide_1.4.0/stm32cubeide/plugins/com.st.stm32cube.ide.mcu.externaltools.gnu-tools-for-stm32.7-2018-q2-update.win32_1.4.0.202007081208/tools/bin/../lib/gcc/arm-none-eabi/7.3.1/../../../../arm-none-eabi/lib/thumb/v7e-m/fpv4-sp/hard\libc_nano.a(lib_a-exit.o)
                              c:/users/axel-/desktop/skolgrejer/inbyggda system/stm32cubeide_1.4.0/stm32cubeide/plugins/com.st.stm32cube.ide.mcu.externaltools.gnu-tools-for-stm32.7-2018-q2-update.win32_1.4.0.202007081208/tools/bin/../lib/gcc/arm-none-eabi/7.3.1/../../../../arm-none-eabi/lib/thumb/v7e-m/fpv4-sp/hard/crt0.o (exit)
c:/users/axel-/desktop/skolgrejer/inbyggda system/stm32cubeide_1.4.0/stm32cubeide/plugins/com.st.stm32cube.ide.mcu.externaltools.gnu-tools-for-stm32.7-2018-q2-update.win32_1.4.0.202007081208/tools/bin/../lib/gcc/arm-none-eabi/7.3.1/../../../../arm-none-eabi/lib/thumb/v7e-m/fpv4-sp/hard\libc_nano.a(lib_a-impure.o)
                              c:/users/axel-/desktop/skolgrejer/inbyggda system/stm32cubeide_1.4.0/stm32cubeide/plugins/com.st.stm32cube.ide.mcu.externaltools.gnu-tools-for-stm32.7-2018-q2-update.win32_1.4.0.202007081208/tools/bin/../lib/gcc/arm-none-eabi/7.3.1/../../../../arm-none-eabi/lib/thumb/v7e-m/fpv4-sp/hard\libc_nano.a(lib_a-exit.o) (_global_impure_ptr)
c:/users/axel-/desktop/skolgrejer/inbyggda system/stm32cubeide_1.4.0/stm32cubeide/plugins/com.st.stm32cube.ide.mcu.externaltools.gnu-tools-for-stm32.7-2018-q2-update.win32_1.4.0.202007081208/tools/bin/../lib/gcc/arm-none-eabi/7.3.1/../../../../arm-none-eabi/lib/thumb/v7e-m/fpv4-sp/hard\libc_nano.a(lib_a-init.o)
                              c:/users/axel-/desktop/skolgrejer/inbyggda system/stm32cubeide_1.4.0/stm32cubeide/plugins/com.st.stm32cube.ide.mcu.externaltools.gnu-tools-for-stm32.7-2018-q2-update.win32_1.4.0.202007081208/tools/bin/../lib/gcc/arm-none-eabi/7.3.1/../../../../arm-none-eabi/lib/thumb/v7e-m/fpv4-sp/hard/crt0.o (__libc_init_array)
c:/users/axel-/desktop/skolgrejer/inbyggda system/stm32cubeide_1.4.0/stm32cubeide/plugins/com.st.stm32cube.ide.mcu.externaltools.gnu-tools-for-stm32.7-2018-q2-update.win32_1.4.0.202007081208/tools/bin/../lib/gcc/arm-none-eabi/7.3.1/../../../../arm-none-eabi/lib/thumb/v7e-m/fpv4-sp/hard\libc_nano.a(lib_a-memset.o)
                              c:/users/axel-/desktop/skolgrejer/inbyggda system/stm32cubeide_1.4.0/stm32cubeide/plugins/com.st.stm32cube.ide.mcu.externaltools.gnu-tools-for-stm32.7-2018-q2-update.win32_1.4.0.202007081208/tools/bin/../lib/gcc/arm-none-eabi/7.3.1/../../../../arm-none-eabi/lib/thumb/v7e-m/fpv4-sp/hard/crt0.o (memset)
c:/users/axel-/desktop/skolgrejer/inbyggda system/stm32cubeide_1.4.0/stm32cubeide/plugins/com.st.stm32cube.ide.mcu.externaltools.gnu-tools-for-stm32.7-2018-q2-update.win32_1.4.0.202007081208/tools/bin/../lib/gcc/arm-none-eabi/7.3.1/../../../../arm-none-eabi/lib/thumb/v7e-m/fpv4-sp/hard\libc_nano.a(lib_a-sprintf.o)
                              Core/Src/ESP8266.o (sprintf)
c:/users/axel-/desktop/skolgrejer/inbyggda system/stm32cubeide_1.4.0/stm32cubeide/plugins/com.st.stm32cube.ide.mcu.externaltools.gnu-tools-for-stm32.7-2018-q2-update.win32_1.4.0.202007081208/tools/bin/../lib/gcc/arm-none-eabi/7.3.1/../../../../arm-none-eabi/lib/thumb/v7e-m/fpv4-sp/hard\libc_nano.a(lib_a-strlen.o)
                              Core/Src/ESP8266.o (strlen)
c:/users/axel-/desktop/skolgrejer/inbyggda system/stm32cubeide_1.4.0/stm32cubeide/plugins/com.st.stm32cube.ide.mcu.externaltools.gnu-tools-for-stm32.7-2018-q2-update.win32_1.4.0.202007081208/tools/bin/../lib/gcc/arm-none-eabi/7.3.1/../../../../arm-none-eabi/lib/thumb/v7e-m/fpv4-sp/hard\libc_nano.a(lib_a-strstr.o)
                              Core/Src/ESP8266.o (strstr)
c:/users/axel-/desktop/skolgrejer/inbyggda system/stm32cubeide_1.4.0/stm32cubeide/plugins/com.st.stm32cube.ide.mcu.externaltools.gnu-tools-for-stm32.7-2018-q2-update.win32_1.4.0.202007081208/tools/bin/../lib/gcc/arm-none-eabi/7.3.1/../../../../arm-none-eabi/lib/thumb/v7e-m/fpv4-sp/hard\libc_nano.a(lib_a-nano-svfprintf.o)
                              c:/users/axel-/desktop/skolgrejer/inbyggda system/stm32cubeide_1.4.0/stm32cubeide/plugins/com.st.stm32cube.ide.mcu.externaltools.gnu-tools-for-stm32.7-2018-q2-update.win32_1.4.0.202007081208/tools/bin/../lib/gcc/arm-none-eabi/7.3.1/../../../../arm-none-eabi/lib/thumb/v7e-m/fpv4-sp/hard\libc_nano.a(lib_a-sprintf.o) (_svfprintf_r)
[...]
Memory Configuration

Name             Origin             Length             Attributes
RAM              0x0000000020000000 0x0000000000018000 xrw
RAM2             0x0000000010000000 0x0000000000008000 xrw
FLASH            0x0000000008000000 0x0000000000100000 xr
*default*        0x0000000000000000 0xffffffffffffffff

Linker script and memory map

LOAD c:/users/axel-/desktop/skolgrejer/inbyggda system/stm32cubeide_1.4.0/stm32cubeide/plugins/com.st.stm32cube.ide.mcu.externaltools.gnu-tools-for-stm32.7-2018-q2-update.win32_1.4.0.202007081208/tools/bin/../lib/gcc/arm-none-eabi/7.3.1/thumb/v7e-m/fpv4-sp/hard/crti.o
LOAD c:/users/axel-/desktop/skolgrejer/inbyggda system/stm32cubeide_1.4.0/stm32cubeide/plugins/com.st.stm32cube.ide.mcu.externaltools.gnu-tools-for-stm32.7-2018-q2-update.win32_1.4.0.202007081208/tools/bin/../lib/gcc/arm-none-eabi/7.3.1/thumb/v7e-m/fpv4-sp/hard/crtbegin.o
LOAD c:/users/axel-/desktop/skolgrejer/inbyggda system/stm32cubeide_1.4.0/stm32cubeide/plugins/com.st.stm32cube.ide.mcu.externaltools.gnu-tools-for-stm32.7-2018-q2-update.win32_1.4.0.202007081208/tools/bin/../lib/gcc/arm-none-eabi/7.3.1/../../../../arm-none-eabi/lib/thumb/v7e-m/fpv4-sp/hard/crt0.o
LOAD Core/Src/ESP8266.o
LOAD Core/Src/gpio.o
LOAD Core/Src/main.o
LOAD Core/Src/stm32l4xx_hal_msp.o
LOAD Core/Src/stm32l4xx_it.o
LOAD Core/Src/syscalls.o
LOAD Core/Src/sysmem.o
LOAD Core/Src/system_stm32l4xx.o
LOAD Core/Src/test.o
LOAD Core/Src/ultrasonic.o
LOAD Core/Src/usart.o
LOAD Core/Startup/startup_stm32l476rgtx.o
LOAD Drivers/STM32L4xx_HAL_Driver/Src/stm32l4xx_hal.o
LOAD Drivers/STM32L4xx_HAL_Driver/Src/stm32l4xx_hal_cortex.o
LOAD Drivers/STM32L4xx_HAL_Driver/Src/stm32l4xx_hal_dma.o
LOAD Drivers/STM32L4xx_HAL_Driver/Src/stm32l4xx_hal_dma_ex.o
LOAD Drivers/STM32L4xx_HAL_Driver/Src/stm32l4xx_hal_exti.o
LOAD Drivers/STM32L4xx_HAL_Driver/Src/stm32l4xx_hal_flash.o
LOAD Drivers/STM32L4xx_HAL_Driver/Src/stm32l4xx_hal_flash_ex.o
LOAD Drivers/STM32L4xx_HAL_Driver/Src/stm32l4xx_hal_flash_ramfunc.o
LOAD Drivers/STM32L4xx_HAL_Driver/Src/stm32l4xx_hal_gpio.o
LOAD Drivers/STM32L4xx_HAL_Driver/Src/stm32l4xx_hal_i2c.o
LOAD Drivers/STM32L4xx_HAL_Driver/Src/stm32l4xx_hal_i2c_ex.o
LOAD Drivers/STM32L4xx_HAL_Driver/Src/stm32l4xx_hal_pwr.o
LOAD Drivers/STM32L4xx_HAL_Driver/Src/stm32l4xx_hal_pwr_ex.o
LOAD Drivers/STM32L4xx_HAL_Driver/Src/stm32l4xx_hal_rcc.o
LOAD Drivers/STM32L4xx_HAL_Driver/Src/stm32l4xx_hal_rcc_ex.o
LOAD Drivers/STM32L4xx_HAL_Driver/Src/stm32l4xx_hal_tim.o
LOAD Drivers/STM32L4xx_HAL_Driver/Src/stm32l4xx_hal_tim_ex.o
LOAD Drivers/STM32L4xx_HAL_Driver/Src/stm32l4xx_hal_uart.o
LOAD Drivers/STM32L4xx_HAL_Driver/Src/stm32l4xx_hal_uart_ex.o
START GROUP
LOAD c:/users/axel-/desktop/skolgrejer/inbyggda system/stm32cubeide_1.4.0/stm32cubeide/plugins/com.st.stm32cube.ide.mcu.externaltools.gnu-tools-for-stm32.7-2018-q2-update.win32_1.4.0.202007081208/tools/bin/../lib/gcc/arm-none-eabi/7.3.1/../../../../arm-none-eabi/lib/thumb/v7e-m/fpv4-sp/hard\libc_nano.a
LOAD c:/users/axel-/desktop/skolgrejer/inbyggda system/stm32cubeide_1.4.0/stm32cubeide/plugins/com.st.stm32cube.ide.mcu.externaltools.gnu-tools-for-stm32.7-2018-q2-update.win32_1.4.0.202007081208/tools/bin/../lib/gcc/arm-none-eabi/7.3.1/../../../../arm-none-eabi/lib/thumb/v7e-m/fpv4-sp/hard\libm.a
END GROUP
START GROUP
LOAD c:/users/axel-/desktop/skolgrejer/inbyggda system/stm32cubeide_1.4.0/stm32cubeide/plugins/com.st.stm32cube.ide.mcu.externaltools.gnu-tools-for-stm32.7-2018-q2-update.win32_1.4.0.202007081208/tools/bin/../lib/gcc/arm-none-eabi/7.3.1/thumb/v7e-m/fpv4-sp/hard\libgcc.a
LOAD c:/users/axel-/desktop/skolgrejer/inbyggda system/stm32cubeide_1.4.0/stm32cubeide/plugins/com.st.stm32cube.ide.mcu.externaltools.gnu-tools-for-stm32.7-2018-q2-update.win32_1.4.0.202007081208/tools/bin/../lib/gcc/arm-none-eabi/7.3.1/../../../../arm-none-eabi/lib/thumb/v7e-m/fpv4-sp/hard\libc_nano.a
END GROUP
START GROUP
LOAD c:/users/axel-/desktop/skolgrejer/inbyggda system/stm32cubeide_1.4.0/stm32cubeide/plugins/com.st.stm32cube.ide.mcu.externaltools.gnu-tools-for-stm32.7-2018-q2-update.win32_1.4.0.202007081208/tools/bin/../lib/gcc/arm-none-eabi/7.3.1/thumb/v7e-m/fpv4-sp/hard\libgcc.a
LOAD c:/users/axel-/desktop/skolgrejer/inbyggda system/stm32cubeide_1.4.0/stm32cubeide/plugins/com.st.stm32cube.ide.mcu.externaltools.gnu-tools-for-stm32.7-2018-q2-update.win32_1.4.0.202007081208/tools/bin/../lib/gcc/arm-none-eabi/7.3.1/../../../../arm-none-eabi/lib/thumb/v7e-m/fpv4-sp/hard\libc_nano.a
LOAD c:/users/axel-/desktop/skolgrejer/inbyggda system/stm32cubeide_1.4.0/stm32cubeide/plugins/com.st.stm32cube.ide.mcu.externaltools.gnu-tools-for-stm32.7-2018-q2-update.win32_1.4.0.202007081208/tools/bin/../lib/gcc/arm-none-eabi/7.3.1/../../../../arm-none-eabi/lib/thumb/v7e-m/fpv4-sp/hard\libnosys.a
END GROUP
START GROUP
LOAD c:/users/axel-/desktop/skolgrejer/inbyggda system/stm32cubeide_1.4.0/stm32cubeide/plugins/com.st.stm32cube.ide.mcu.externaltools.gnu-tools-for-stm32.7-2018-q2-update.win32_1.4.0.202007081208/tools/bin/../lib/gcc/arm-none-eabi/7.3.1/thumb/v7e-m/fpv4-sp/hard\libgcc.a
LOAD c:/users/axel-/desktop/skolgrejer/inbyggda system/stm32cubeide_1.4.0/stm32cubeide/plugins/com.st.stm32cube.ide.mcu.externaltools.gnu-tools-for-stm32.7-2018-q2-update.win32_1.4.0.202007081208/tools/bin/../lib/gcc/arm-none-eabi/7.3.1/../../../../arm-none-eabi/lib/thumb/v7e-m/fpv4-sp/hard\libc_nano.a
LOAD c:/users/axel-/desktop/skolgrejer/inbyggda system/stm32cubeide_1.4.0/stm32cubeide/plugins/com.st.stm32cube.ide.mcu.externaltools.gnu-tools-for-stm32.7-2018-q2-update.win32_1.4.0.202007081208/tools/bin/../lib/gcc/arm-none-eabi/7.3.1/../../../../arm-none-eabi/lib/thumb/v7e-m/fpv4-sp/hard\libnosys.a
END GROUP
LOAD c:/users/axel-/desktop/skolgrejer/inbyggda system/stm32cubeide_1.4.0/stm32cubeide/plugins/com.st.stm32cube.ide.mcu.externaltools.gnu-tools-for-stm32.7-2018-q2-update.win32_1.4.0.202007081208/tools/bin/../lib/gcc/arm-none-eabi/7.3.1/thumb/v7e-m/fpv4-sp/hard/crtend.o
LOAD c:/users/axel-/desktop/skolgrejer/inbyggda system/stm32cubeide_1.4.0/stm32cubeide/plugins/com.st.stm32cube.ide.mcu.externaltools.gnu-tools-for-stm32.7-2018-q2-update.win32_1.4.0.202007081208/tools/bin/../lib/gcc/arm-none-eabi/7.3.1/thumb/v7e-m/fpv4-sp/hard/crtn.o
                0x0000000020018000                _estack = (ORIGIN (RAM) + LENGTH (RAM))
                0x0000000000000200                _Min_Heap_Size = 0x200
                0x0000000000000400                _Min_Stack_Size = 0x400

.isr_vector     0x0000000008000000      0x188
                0x0000000008000000                . = ALIGN (0x4)
 *(.isr_vector)
 .isr_vector    0x0000000008000000      0x188 Core/Startup/startup_stm32l476rgtx.o
                0x0000000008000000                g_pfnVectors
                0x0000000008000188                . = ALIGN (0x4)

.text           0x0000000008000190     0x4e14
                0x0000000008000190                . = ALIGN (0x4)
 *(.text)
 .text          0x0000000008000190       0x40 c:/users/axel-/desktop/skolgrejer/inbyggda system/stm32cubeide_1.4.0/stm32cubeide/plugins/com.st.stm32cube.ide.mcu.externaltools.gnu-tools-for-stm32.7-2018-q2-update.win32_1.4.0.202007081208/tools/bin/../lib/gcc/arm-none-eabi/7.3.1/thumb/v7e-m/fpv4-sp/hard/crtbegin.o
 .text          0x00000000080001d0       0x10 c:/users/axel-/desktop/skolgrejer/inbyggda system/stm32cubeide_1.4.0/stm32cubeide/plugins/com.st.stm32cube.ide.mcu.externaltools.gnu-tools-for-stm32.7-2018-q2-update.win32_1.4.0.202007081208/tools/bin/../lib/gcc/arm-none-eabi/7.3.1/../../../../arm-none-eabi/lib/thumb/v7e-m/fpv4-sp/hard\libc_nano.a(lib_a-strlen.o)
                0x00000000080001d0                strlen
 .text          0x00000000080001e0       0xa0 c:/users/axel-/desktop/skolgrejer/inbyggda system/stm32cubeide_1.4.0/stm32cubeide/plugins/com.st.stm32cube.ide.mcu.externaltools.gnu-tools-for-stm32.7-2018-q2-update.win32_1.4.0.202007081208/tools/bin/../lib/gcc/arm-none-eabi/7.3.1/../../../../arm-none-eabi/lib/thumb/v7e-m/fpv4-sp/hard\libc_nano.a(lib_a-memchr.o)
                0x00000000080001e0                memchr
 .text          0x0000000008000280      0x378 c:/users/axel-/desktop/skolgrejer/inbyggda system/stm32cubeide_1.4.0/stm32cubeide/plugins/com.st.stm32cube.ide.mcu.externaltools.gnu-tools-for-stm32.7-2018-q2-update.win32_1.4.0.202007081208/tools/bin/../lib/gcc/arm-none-eabi/7.3.1/thumb/v7e-m/fpv4-sp/hard\libgcc.a(_arm_addsubdf3.o)
                0x0000000008000280                __aeabi_drsub
                0x0000000008000288                __aeabi_dsub
                0x0000000008000288                __subdf3
                0x000000000800028c                __aeabi_dadd
                0x000000000800028c                __adddf3
                0x0000000008000504                __floatunsidf
                0x0000000008000504                __aeabi_ui2d
                0x0000000008000524                __floatsidf
                0x0000000008000524                __aeabi_i2d
                0x0000000008000548                __aeabi_f2d
                0x0000000008000548                __extendsfdf2
                0x000000000800058c                __floatundidf
                0x000000000800058c                __aeabi_ul2d
                0x000000000800059c                __floatdidf
                0x000000000800059c                __aeabi_l2d
 .text          0x00000000080005f8      0x424 c:/users/axel-/desktop/skolgrejer/inbyggda system/stm32cubeide_1.4.0/stm32cubeide/plugins/com.st.stm32cube.ide.mcu.externaltools.gnu-tools-for-stm32.7-2018-q2-update.win32_1.4.0.202007081208/tools/bin/../lib/gcc/arm-none-eabi/7.3.1/thumb/v7e-m/fpv4-sp/hard\libgcc.a(_arm_muldivdf3.o)
                0x00000000080005f8                __aeabi_dmul
                0x00000000080005f8                __muldf3
                0x000000000800084c                __divdf3
                0x000000000800084c                __aeabi_ddiv
 .text          0x0000000008000a1c       0x40 c:/users/axel-/desktop/skolgrejer/inbyggda system/stm32cubeide_1.4.0/stm32cubeide/plugins/com.st.stm32cube.ide.mcu.externaltools.gnu-tools-for-stm32.7-2018-q2-update.win32_1.4.0.202007081208/tools/bin/../lib/gcc/arm-none-eabi/7.3.1/thumb/v7e-m/fpv4-sp/hard\libgcc.a(_arm_fixunsdfsi.o)
                0x0000000008000a1c                __aeabi_d2uiz
                0x0000000008000a1c                __fixunsdfsi
 .text          0x0000000008000a5c       0x30 c:/users/axel-/desktop/skolgrejer/inbyggda system/stm32cubeide_1.4.0/stm32cubeide/plugins/com.st.stm32cube.ide.mcu.externaltools.gnu-tools-for-stm32.7-2018-q2-update.win32_1.4.0.202007081208/tools/bin/../lib/gcc/arm-none-eabi/7.3.1/thumb/v7e-m/fpv4-sp/hard\libgcc.a(_aeabi_uldivmod.o)
                0x0000000008000a5c                __aeabi_uldivmod
 .text          0x0000000008000a8c      0x2cc c:/users/axel-/desktop/skolgrejer/inbyggda system/stm32cubeide_1.4.0/stm32cubeide/plugins/com.st.stm32cube.ide.mcu.externaltools.gnu-tools-for-stm32.7-2018-q2-update.win32_1.4.0.202007081208/tools/bin/../lib/gcc/arm-none-eabi/7.3.1/thumb/v7e-m/fpv4-sp/hard\libgcc.a(_udivmoddi4.o)
                0x0000000008000a8c                __udivmoddi4
 .text          0x0000000008000d58        0x4 c:/users/axel-/desktop/skolgrejer/inbyggda system/stm32cubeide_1.4.0/stm32cubeide/plugins/com.st.stm32cube.ide.mcu.externaltools.gnu-tools-for-stm32.7-2018-q2-update.win32_1.4.0.202007081208/tools/bin/../lib/gcc/arm-none-eabi/7.3.1/thumb/v7e-m/fpv4-sp/hard\libgcc.a(_dvmd_tls.o)
                0x0000000008000d58                __aeabi_idiv0
                0x0000000008000d58                __aeabi_ldiv0
 *(.text*)
 .text.init_uart_interrupt
                0x0000000008000d5c       0x1c Core/Src/ESP8266.o
                0x0000000008000d5c                init_uart_interrupt
 .text.HAL_UART_RxCpltCallback
                0x0000000008000d78       0x50 Core/Src/ESP8266.o
                0x0000000008000d78                HAL_UART_RxCpltCallback
 .text.hash     0x0000000008000dc8       0x3c Core/Src/ESP8266.o
                0x0000000008000dc8                hash
 .text.esp8266_sendCommand
                0x0000000008000e04       0xa8 Core/Src/ESP8266.o
                0x0000000008000e04                esp8266_sendCommand
 .text.esp8266_initialize
                0x0000000008000eac       0x54 Core/Src/ESP8266.o
                0x0000000008000eac                esp8266_initialize
 .text.get_return
                0x0000000008000f00      0x294 Core/Src/ESP8266.o
                0x0000000008000f00                get_return
 .text.evaluate
                0x0000000008001194       0x34 Core/Src/ESP8266.o
                0x0000000008001194                evaluate
 .text.MX_GPIO_Init
                0x00000000080011c8      0x110 Core/Src/gpio.o
                0x00000000080011c8                MX_GPIO_Init
 .text.main     0x00000000080012d8       0x1e Core/Src/main.o
                0x00000000080012d8                main
 .text.SystemClock_Config
                0x00000000080012f6       0xee Core/Src/main.o
                0x00000000080012f6                SystemClock_Config
 .text.Error_Handler
                0x00000000080013e4        0xe Core/Src/main.o
                0x00000000080013e4                Error_Handler
 *fill*         0x00000000080013f2        0x2 
 .text.HAL_MspInit
                0x00000000080013f4       0x48 Core/Src/stm32l4xx_hal_msp.o
                0x00000000080013f4                HAL_MspInit
 .text.NMI_Handler
                0x000000000800143c        0xe Core/Src/stm32l4xx_it.o
                0x000000000800143c                NMI_Handler
 .text.HardFault_Handler
                0x000000000800144a        0x6 Core/Src/stm32l4xx_it.o
                0x000000000800144a                HardFault_Handler
 .text.MemManage_Handler
                0x0000000008001450        0x6 Core/Src/stm32l4xx_it.o
                0x0000000008001450                MemManage_Handler
 .text.BusFault_Handler
                0x0000000008001456        0x6 Core/Src/stm32l4xx_it.o
                0x0000000008001456                BusFault_Handler
 .text.UsageFault_Handler
                0x000000000800145c        0x6 Core/Src/stm32l4xx_it.o
                0x000000000800145c                UsageFault_Handler
 .text.SVC_Handler
                0x0000000008001462        0xe Core/Src/stm32l4xx_it.o
                0x0000000008001462                SVC_Handler
 .text.DebugMon_Handler
                0x0000000008001470        0xe Core/Src/stm32l4xx_it.o
                0x0000000008001470                DebugMon_Handler
 .text.PendSV_Handler
                0x000000000800147e        0xe Core/Src/stm32l4xx_it.o
                0x000000000800147e                PendSV_Handler
 .text.SysTick_Handler
                0x000000000800148c        0xc Core/Src/stm32l4xx_it.o
                0x000000000800148c                SysTick_Handler
 .text.UART4_IRQHandler
                0x0000000008001498       0x14 Core/Src/stm32l4xx_it.o
                0x0000000008001498                UART4_IRQHandler
 .text._sbrk    0x00000000080014ac       0x6c Core/Src/sysmem.o
                0x00000000080014ac                _sbrk
 .text.SystemInit
                0x0000000008001518       0x6c Core/Src/system_stm32l4xx.o
                0x0000000008001518                SystemInit
 .text.Test_program
                0x0000000008001584       0x14 Core/Src/test.o
                0x0000000008001584                Test_program
 .text.Test_wifi_connect
                0x0000000008001598        0xc Core/Src/test.o
                0x0000000008001598                Test_wifi_connect
 .text.Test_connection
                0x00000000080015a4       0x8c Core/Src/test.o
                0x00000000080015a4                Test_connection
 .text.Test_ultrasonic
                0x0000000008001630       0x48 Core/Src/test.o
                0x0000000008001630                Test_ultrasonic
 .text.microDelay
                0x0000000008001678       0x64 Core/Src/ultrasonic.o
                0x0000000008001678                microDelay
 .text.ultrasonic_reset
                0x00000000080016dc       0x1c Core/Src/ultrasonic.o
                0x00000000080016dc                ultrasonic_reset
 .text.ultrasonic_pulse
                0x00000000080016f8       0x28 Core/Src/ultrasonic.o
                0x00000000080016f8                ultrasonic_pulse
 .text.ultrasonic_distance
                0x0000000008001720       0x90 Core/Src/ultrasonic.o
                0x0000000008001720                ultrasonic_distance
 .text.MX_UART4_Init
                0x00000000080017b0       0x60 Core/Src/usart.o
                0x00000000080017b0                MX_UART4_Init
 .text.MX_USART2_UART_Init
                0x0000000008001810       0x60 Core/Src/usart.o
                0x0000000008001810                MX_USART2_UART_Init
 .text.HAL_UART_MspInit
                0x0000000008001870       0xf8 Core/Src/usart.o
                0x0000000008001870                HAL_UART_MspInit
 .text.Reset_Handler
                0x0000000008001968       0x50 Core/Startup/startup_stm32l476rgtx.o
                0x0000000008001968                Reset_Handler
 .text.Default_Handler
                0x00000000080019b8        0x2 Core/Startup/startup_stm32l476rgtx.o
                0x00000000080019b8                RTC_Alarm_IRQHandler
                0x00000000080019b8                EXTI2_IRQHandler
                0x00000000080019b8                TIM8_TRG_COM_IRQHandler
                0x00000000080019b8                TIM8_CC_IRQHandler
                0x00000000080019b8                TIM1_CC_IRQHandler
                0x00000000080019b8                TSC_IRQHandler
                0x00000000080019b8                TAMP_STAMP_IRQHandler
                0x00000000080019b8                EXTI3_IRQHandler
                0x00000000080019b8                LPTIM2_IRQHandler
                0x00000000080019b8                DFSDM1_FLT1_IRQHandler
                0x00000000080019b8                I2C3_ER_IRQHandler
                0x00000000080019b8                DFSDM1_FLT2_IRQHandler
                0x00000000080019b8                EXTI0_IRQHandler
                0x00000000080019b8                I2C2_EV_IRQHandler
                0x00000000080019b8                CAN1_RX0_IRQHandler
                0x00000000080019b8                FPU_IRQHandler
                0x00000000080019b8                TIM1_UP_TIM16_IRQHandler
                0x00000000080019b8                ADC1_2_IRQHandler
                0x00000000080019b8                SPI1_IRQHandler
                0x00000000080019b8                TIM6_DAC_IRQHandler
                0x00000000080019b8                TIM8_UP_IRQHandler
                0x00000000080019b8                DMA2_Channel2_IRQHandler
                0x00000000080019b8                DMA1_Channel4_IRQHandler
                0x00000000080019b8                SAI2_IRQHandler
                0x00000000080019b8                DFSDM1_FLT3_IRQHandler
                0x00000000080019b8                USART3_IRQHandler
                0x00000000080019b8                DMA1_Channel7_IRQHandler
                0x00000000080019b8                CAN1_RX1_IRQHandler
                0x00000000080019b8                LCD_IRQHandler
                0x00000000080019b8                UART5_IRQHandler
                0x00000000080019b8                ADC3_IRQHandler
                0x00000000080019b8                TIM4_IRQHandler
                0x00000000080019b8                DMA2_Channel1_IRQHandler
                0x00000000080019b8                QUADSPI_IRQHandler
                0x00000000080019b8                I2C1_EV_IRQHandler
                0x00000000080019b8                DMA1_Channel6_IRQHandler
                0x00000000080019b8                DMA2_Channel4_IRQHandler
                0x00000000080019b8                TIM3_IRQHandler
                0x00000000080019b8                RCC_IRQHandler
                0x00000000080019b8                DMA1_Channel1_IRQHandler
                0x00000000080019b8                Default_Handler
                0x00000000080019b8                DMA2_Channel7_IRQHandler
                0x00000000080019b8                EXTI15_10_IRQHandler
                0x00000000080019b8                TIM7_IRQHandler
                0x00000000080019b8                SDMMC1_IRQHandler
                0x00000000080019b8                TIM5_IRQHandler
                0x00000000080019b8                I2C3_EV_IRQHandler
                0x00000000080019b8                EXTI9_5_IRQHandler
                0x00000000080019b8                RTC_WKUP_IRQHandler
                0x00000000080019b8                PVD_PVM_IRQHandler
                0x00000000080019b8                SPI2_IRQHandler
                0x00000000080019b8                CAN1_TX_IRQHandler
                0x00000000080019b8                DMA2_Channel5_IRQHandler
                0x00000000080019b8                DMA1_Channel5_IRQHandler
                0x00000000080019b8                EXTI4_IRQHandler
                0x00000000080019b8                RNG_IRQHandler
                0x00000000080019b8                TIM1_TRG_COM_TIM17_IRQHandler
                0x00000000080019b8                DMA1_Channel3_IRQHandler
                0x00000000080019b8                COMP_IRQHandler
                0x00000000080019b8                WWDG_IRQHandler
                0x00000000080019b8                LPUART1_IRQHandler
                0x00000000080019b8                DMA2_Channel6_IRQHandler
                0x00000000080019b8                TIM2_IRQHandler
                0x00000000080019b8                EXTI1_IRQHandler
                0x00000000080019b8                USART2_IRQHandler
                0x00000000080019b8                DFSDM1_FLT0_IRQHandler
                0x00000000080019b8                I2C2_ER_IRQHandler
                0x00000000080019b8                DMA1_Channel2_IRQHandler
                0x00000000080019b8                TIM8_BRK_IRQHandler
                0x00000000080019b8                CAN1_SCE_IRQHandler
                0x00000000080019b8                FLASH_IRQHandler
                0x00000000080019b8                USART1_IRQHandler
                0x00000000080019b8                OTG_FS_IRQHandler
                0x00000000080019b8                SPI3_IRQHandler
                0x00000000080019b8                I2C1_ER_IRQHandler
                0x00000000080019b8                FMC_IRQHandler
                0x00000000080019b8                SWPMI1_IRQHandler
                0x00000000080019b8                LPTIM1_IRQHandler
                0x00000000080019b8                SAI1_IRQHandler
                0x00000000080019b8                DMA2_Channel3_IRQHandler
                0x00000000080019b8                TIM1_BRK_TIM15_IRQHandler
 *fill*         0x00000000080019ba        0x2 
 .text.HAL_Init
                0x00000000080019bc       0x40 Drivers/STM32L4xx_HAL_Driver/Src/stm32l4xx_hal.o
                0x00000000080019bc                HAL_Init
 .text.HAL_InitTick
                0x00000000080019fc       0x78 Drivers/STM32L4xx_HAL_Driver/Src/stm32l4xx_hal.o
                0x00000000080019fc                HAL_InitTick
 .text.HAL_IncTick
                0x0000000008001a74       0x28 Drivers/STM32L4xx_HAL_Driver/Src/stm32l4xx_hal.o
                0x0000000008001a74                HAL_IncTick
 .text.HAL_GetTick
                0x0000000008001a9c       0x18 Drivers/STM32L4xx_HAL_Driver/Src/stm32l4xx_hal.o
                0x0000000008001a9c                HAL_GetTick
 .text.HAL_Delay
                0x0000000008001ab4       0x44 Drivers/STM32L4xx_HAL_Driver/Src/stm32l4xx_hal.o
                0x0000000008001ab4                HAL_Delay
 .text.__NVIC_SetPriorityGrouping
                0x0000000008001af8       0x48 Drivers/STM32L4xx_HAL_Driver/Src/stm32l4xx_hal_cortex.o
 .text.__NVIC_GetPriorityGrouping
                0x0000000008001b40       0x1c Drivers/STM32L4xx_HAL_Driver/Src/stm32l4xx_hal_cortex.o
 .text.__NVIC_EnableIRQ
                0x0000000008001b5c       0x3c Drivers/STM32L4xx_HAL_Driver/Src/stm32l4xx_hal_cortex.o
 .text.__NVIC_SetPriority
                0x0000000008001b98       0x54 Drivers/STM32L4xx_HAL_Driver/Src/stm32l4xx_hal_cortex.o
 .text.NVIC_EncodePriority
                0x0000000008001bec       0x66 Drivers/STM32L4xx_HAL_Driver/Src/stm32l4xx_hal_cortex.o
 *fill*         0x0000000008001c52        0x2 
 .text.SysTick_Config
                0x0000000008001c54       0x44 Drivers/STM32L4xx_HAL_Driver/Src/stm32l4xx_hal_cortex.o
 .text.HAL_NVIC_SetPriorityGrouping
                0x0000000008001c98       0x16 Drivers/STM32L4xx_HAL_Driver/Src/stm32l4xx_hal_cortex.o
                0x0000000008001c98                HAL_NVIC_SetPriorityGrouping
 .text.HAL_NVIC_SetPriority
                0x0000000008001cae       0x38 Drivers/STM32L4xx_HAL_Driver/Src/stm32l4xx_hal_cortex.o
                0x0000000008001cae                HAL_NVIC_SetPriority
 .text.HAL_NVIC_EnableIRQ
                0x0000000008001ce6       0x1c Drivers/STM32L4xx_HAL_Driver/Src/stm32l4xx_hal_cortex.o
                0x0000000008001ce6                HAL_NVIC_EnableIRQ
 .text.HAL_SYSTICK_Config
                0x0000000008001d02       0x18 Drivers/STM32L4xx_HAL_Driver/Src/stm32l4xx_hal_cortex.o
                0x0000000008001d02                HAL_SYSTICK_Config
 .text.HAL_DMA_Abort_IT
                0x0000000008001d1a       0x82 Drivers/STM32L4xx_HAL_Driver/Src/stm32l4xx_hal_dma.o
                0x0000000008001d1a                HAL_DMA_Abort_IT
 .text.HAL_GPIO_Init
                0x0000000008001d9c      0x350 Drivers/STM32L4xx_HAL_Driver/Src/stm32l4xx_hal_gpio.o
                0x0000000008001d9c                HAL_GPIO_Init
 .text.HAL_GPIO_ReadPin
                0x00000000080020ec       0x30 Drivers/STM32L4xx_HAL_Driver/Src/stm32l4xx_hal_gpio.o
                0x00000000080020ec                HAL_GPIO_ReadPin
 .text.HAL_GPIO_WritePin
                0x000000000800211c       0x30 Drivers/STM32L4xx_HAL_Driver/Src/stm32l4xx_hal_gpio.o
                0x000000000800211c                HAL_GPIO_WritePin
 .text.HAL_PWREx_GetVoltageRange
                0x000000000800214c       0x1c Drivers/STM32L4xx_HAL_Driver/Src/stm32l4xx_hal_pwr_ex.o
                0x000000000800214c                HAL_PWREx_GetVoltageRange
 .text.HAL_PWREx_ControlVoltageScaling
                0x0000000008002168       0xac Drivers/STM32L4xx_HAL_Driver/Src/stm32l4xx_hal_pwr_ex.o
                0x0000000008002168                HAL_PWREx_ControlVoltageScaling
 .text.HAL_RCC_OscConfig
                0x0000000008002214      0x7cc Drivers/STM32L4xx_HAL_Driver/Src/stm32l4xx_hal_rcc.o
                0x0000000008002214                HAL_RCC_OscConfig
 .text.HAL_RCC_ClockConfig
                0x00000000080029e0      0x1c4 Drivers/STM32L4xx_HAL_Driver/Src/stm32l4xx_hal_rcc.o
                0x00000000080029e0                HAL_RCC_ClockConfig
 .text.HAL_RCC_GetSysClockFreq
                0x0000000008002ba4      0x114 Drivers/STM32L4xx_HAL_Driver/Src/stm32l4xx_hal_rcc.o
                0x0000000008002ba4                HAL_RCC_GetSysClockFreq
 .text.HAL_RCC_GetHCLKFreq
                0x0000000008002cb8       0x18 Drivers/STM32L4xx_HAL_Driver/Src/stm32l4xx_hal_rcc.o
                0x0000000008002cb8                HAL_RCC_GetHCLKFreq
 .text.HAL_RCC_GetPCLK1Freq
                0x0000000008002cd0       0x2c Drivers/STM32L4xx_HAL_Driver/Src/stm32l4xx_hal_rcc.o
                0x0000000008002cd0                HAL_RCC_GetPCLK1Freq
 .text.HAL_RCC_GetPCLK2Freq
                0x0000000008002cfc       0x2c Drivers/STM32L4xx_HAL_Driver/Src/stm32l4xx_hal_rcc.o
                0x0000000008002cfc                HAL_RCC_GetPCLK2Freq
 .text.RCC_SetFlashLatencyFromMSIRange
                0x0000000008002d28       0xc0 Drivers/STM32L4xx_HAL_Driver/Src/stm32l4xx_hal_rcc.o
 .text.HAL_RCCEx_PeriphCLKConfig
                0x0000000008002de8      0x5cc Drivers/STM32L4xx_HAL_Driver/Src/stm32l4xx_hal_rcc_ex.o
                0x0000000008002de8                HAL_RCCEx_PeriphCLKConfig
 .text.RCCEx_PLLSAI1_Config
                0x00000000080033b4      0x1e0 Drivers/STM32L4xx_HAL_Driver/Src/stm32l4xx_hal_rcc_ex.o
 .text.RCCEx_PLLSAI2_Config
                0x0000000008003594      0x1b4 Drivers/STM32L4xx_HAL_Driver/Src/stm32l4xx_hal_rcc_ex.o
 .text.HAL_UART_Init
                0x0000000008003748       0x9c Drivers/STM32L4xx_HAL_Driver/Src/stm32l4xx_hal_uart.o
                0x0000000008003748                HAL_UART_Init
 .text.HAL_UART_Transmit
                0x00000000080037e4      0x126 Drivers/STM32L4xx_HAL_Driver/Src/stm32l4xx_hal_uart.o
                0x00000000080037e4                HAL_UART_Transmit
 *fill*         0x000000000800390a        0x2 
 .text.HAL_UART_Receive_IT
                0x000000000800390c      0x144 Drivers/STM32L4xx_HAL_Driver/Src/stm32l4xx_hal_uart.o
                0x000000000800390c                HAL_UART_Receive_IT
 .text.HAL_UART_IRQHandler
                0x0000000008003a50      0x290 Drivers/STM32L4xx_HAL_Driver/Src/stm32l4xx_hal_uart.o
                0x0000000008003a50                HAL_UART_IRQHandler
 .text.HAL_UART_TxCpltCallback
                0x0000000008003ce0       0x14 Drivers/STM32L4xx_HAL_Driver/Src/stm32l4xx_hal_uart.o
                0x0000000008003ce0                HAL_UART_TxCpltCallback
 .text.HAL_UART_ErrorCallback
                0x0000000008003cf4       0x14 Drivers/STM32L4xx_HAL_Driver/Src/stm32l4xx_hal_uart.o
                0x0000000008003cf4                HAL_UART_ErrorCallback
 .text.UART_SetConfig
                0x0000000008003d08      0x514 Drivers/STM32L4xx_HAL_Driver/Src/stm32l4xx_hal_uart.o
                0x0000000008003d08                UART_SetConfig
 .text.UART_AdvFeatureConfig
                0x000000000800421c      0x144 Drivers/STM32L4xx_HAL_Driver/Src/stm32l4xx_hal_uart.o
                0x000000000800421c                UART_AdvFeatureConfig
 .text.UART_CheckIdleState
                0x0000000008004360       0x8a Drivers/STM32L4xx_HAL_Driver/Src/stm32l4xx_hal_uart.o
                0x0000000008004360                UART_CheckIdleState
 .text.UART_WaitOnFlagUntilTimeout
                0x00000000080043ea       0xf6 Drivers/STM32L4xx_HAL_Driver/Src/stm32l4xx_hal_uart.o
                0x00000000080043ea                UART_WaitOnFlagUntilTimeout
 .text.UART_EndRxTransfer
                0x00000000080044e0       0x40 Drivers/STM32L4xx_HAL_Driver/Src/stm32l4xx_hal_uart.o
 .text.UART_DMAAbortOnError
                0x0000000008004520       0x2c Drivers/STM32L4xx_HAL_Driver/Src/stm32l4xx_hal_uart.o
 .text.UART_EndTransmit_IT
                0x000000000800454c       0x32 Drivers/STM32L4xx_HAL_Driver/Src/stm32l4xx_hal_uart.o
 .text.UART_RxISR_8BIT
                0x000000000800457e       0xaa Drivers/STM32L4xx_HAL_Driver/Src/stm32l4xx_hal_uart.o
 .text.UART_RxISR_16BIT
                0x0000000008004628       0xaa Drivers/STM32L4xx_HAL_Driver/Src/stm32l4xx_hal_uart.o
 .text.HAL_UARTEx_WakeupCallback
                0x00000000080046d2       0x14 Drivers/STM32L4xx_HAL_Driver/Src/stm32l4xx_hal_uart_ex.o
                0x00000000080046d2                HAL_UARTEx_WakeupCallback
 *fill*         0x00000000080046e6        0x2 
 .text.__errno  0x00000000080046e8        0xc c:/users/axel-/desktop/skolgrejer/inbyggda system/stm32cubeide_1.4.0/stm32cubeide/plugins/com.st.stm32cube.ide.mcu.externaltools.gnu-tools-for-stm32.7-2018-q2-update.win32_1.4.0.202007081208/tools/bin/../lib/gcc/arm-none-eabi/7.3.1/../../../../arm-none-eabi/lib/thumb/v7e-m/fpv4-sp/hard\libc_nano.a(lib_a-errno.o)
                0x00000000080046e8                __errno
 .text.__libc_init_array
                0x00000000080046f4       0x48 c:/users/axel-/desktop/skolgrejer/inbyggda system/stm32cubeide_1.4.0/stm32cubeide/plugins/com.st.stm32cube.ide.mcu.externaltools.gnu-tools-for-stm32.7-2018-q2-update.win32_1.4.0.202007081208/tools/bin/../lib/gcc/arm-none-eabi/7.3.1/../../../../arm-none-eabi/lib/thumb/v7e-m/fpv4-sp/hard\libc_nano.a(lib_a-init.o)
                0x00000000080046f4                __libc_init_array
 .text.memset   0x000000000800473c       0x10 c:/users/axel-/desktop/skolgrejer/inbyggda system/stm32cubeide_1.4.0/stm32cubeide/plugins/com.st.stm32cube.ide.mcu.externaltools.gnu-tools-for-stm32.7-2018-q2-update.win32_1.4.0.202007081208/tools/bin/../lib/gcc/arm-none-eabi/7.3.1/../../../../arm-none-eabi/lib/thumb/v7e-m/fpv4-sp/hard\libc_nano.a(lib_a-memset.o)
                0x000000000800473c                memset
 .text.sprintf  0x000000000800474c       0x40 c:/users/axel-/desktop/skolgrejer/inbyggda system/stm32cubeide_1.4.0/stm32cubeide/plugins/com.st.stm32cube.ide.mcu.externaltools.gnu-tools-for-stm32.7-2018-q2-update.win32_1.4.0.202007081208/tools/bin/../lib/gcc/arm-none-eabi/7.3.1/../../../../arm-none-eabi/lib/thumb/v7e-m/fpv4-sp/hard\libc_nano.a(lib_a-sprintf.o)
                0x000000000800474c                siprintf
                0x000000000800474c                sprintf
 .text.strstr   0x000000000800478c       0x34 c:/users/axel-/desktop/skolgrejer/inbyggda system/stm32cubeide_1.4.0/stm32cubeide/plugins/com.st.stm32cube.ide.mcu.externaltools.gnu-tools-for-stm32.7-2018-q2-update.win32_1.4.0.202007081208/tools/bin/../lib/gcc/arm-none-eabi/7.3.1/../../../../arm-none-eabi/lib/thumb/v7e-m/fpv4-sp/hard\libc_nano.a(lib_a-strstr.o)
                0x000000000800478c                strstr
 .text.__ssputs_r
                0x00000000080047c0       0xb4 c:/users/axel-/desktop/skolgrejer/inbyggda system/stm32cubeide_1.4.0/stm32cubeide/plugins/com.st.stm32cube.ide.mcu.externaltools.gnu-tools-for-stm32.7-2018-q2-update.win32_1.4.0.202007081208/tools/bin/../lib/gcc/arm-none-eabi/7.3.1/../../../../arm-none-eabi/lib/thumb/v7e-m/fpv4-sp/hard\libc_nano.a(lib_a-nano-svfprintf.o)
                0x00000000080047c0                __ssputs_r
 .text._svfprintf_r
                0x0000000008004874      0x1f0 c:/users/axel-/desktop/skolgrejer/inbyggda system/stm32cubeide_1.4.0/stm32cubeide/plugins/com.st.stm32cube.ide.mcu.externaltools.gnu-tools-for-stm32.7-2018-q2-update.win32_1.4.0.202007081208/tools/bin/../lib/gcc/arm-none-eabi/7.3.1/../../../../arm-none-eabi/lib/thumb/v7e-m/fpv4-sp/hard\libc_nano.a(lib_a-nano-svfprintf.o)
                0x0000000008004874                _svfiprintf_r
                0x0000000008004874                _svfprintf_r
 .text._printf_common
                0x0000000008004a64       0xea c:/users/axel-/desktop/skolgrejer/inbyggda system/stm32cubeide_1.4.0/stm32cubeide/plugins/com.st.stm32cube.ide.mcu.externaltools.gnu-tools-for-stm32.7-2018-q2-update.win32_1.4.0.202007081208/tools/bin/../lib/gcc/arm-none-eabi/7.3.1/../../../../arm-none-eabi/lib/thumb/v7e-m/fpv4-sp/hard\libc_nano.a(lib_a-nano-vfprintf_i.o)
                0x0000000008004a64                _printf_common
 *fill*         0x0000000008004b4e        0x2 
 .text._printf_i
                0x0000000008004b50      0x224 c:/users/axel-/desktop/skolgrejer/inbyggda system/stm32cubeide_1.4.0/stm32cubeide/plugins/com.st.stm32cube.ide.mcu.externaltools.gnu-tools-for-stm32.7-2018-q2-update.win32_1.4.0.202007081208/tools/bin/../lib/gcc/arm-none-eabi/7.3.1/../../../../arm-none-eabi/lib/thumb/v7e-m/fpv4-sp/hard\libc_nano.a(lib_a-nano-vfprintf_i.o)
                0x0000000008004b50                _printf_i
 .text.memcpy   0x0000000008004d74       0x16 c:/users/axel-/desktop/skolgrejer/inbyggda system/stm32cubeide_1.4.0/stm32cubeide/plugins/com.st.stm32cube.ide.mcu.externaltools.gnu-tools-for-stm32.7-2018-q2-update.win32_1.4.0.202007081208/tools/bin/../lib/gcc/arm-none-eabi/7.3.1/../../../../arm-none-eabi/lib/thumb/v7e-m/fpv4-sp/hard\libc_nano.a(lib_a-memcpy-stub.o)
                0x0000000008004d74                memcpy
 .text.memmove  0x0000000008004d8a       0x32 c:/users/axel-/desktop/skolgrejer/inbyggda system/stm32cubeide_1.4.0/stm32cubeide/plugins/com.st.stm32cube.ide.mcu.externaltools.gnu-tools-for-stm32.7-2018-q2-update.win32_1.4.0.202007081208/tools/bin/../lib/gcc/arm-none-eabi/7.3.1/../../../../arm-none-eabi/lib/thumb/v7e-m/fpv4-sp/hard\libc_nano.a(lib_a-memmove.o)
                0x0000000008004d8a                memmove
 .text._free_r  0x0000000008004dbc       0x9c c:/users/axel-/desktop/skolgrejer/inbyggda system/stm32cubeide_1.4.0/stm32cubeide/plugins/com.st.stm32cube.ide.mcu.externaltools.gnu-tools-for-stm32.7-2018-q2-update.win32_1.4.0.202007081208/tools/bin/../lib/gcc/arm-none-eabi/7.3.1/../../../../arm-none-eabi/lib/thumb/v7e-m/fpv4-sp/hard\libc_nano.a(lib_a-nano-freer.o)
                0x0000000008004dbc                _free_r
 .text._malloc_r
                0x0000000008004e58       0xb4 c:/users/axel-/desktop/skolgrejer/inbyggda system/stm32cubeide_1.4.0/stm32cubeide/plugins/com.st.stm32cube.ide.mcu.externaltools.gnu-tools-for-stm32.7-2018-q2-update.win32_1.4.0.202007081208/tools/bin/../lib/gcc/arm-none-eabi/7.3.1/../../../../arm-none-eabi/lib/thumb/v7e-m/fpv4-sp/hard\libc_nano.a(lib_a-nano-mallocr.o)
                0x0000000008004e58                _malloc_r
 .text._realloc_r
                0x0000000008004f0c       0x4c c:/users/axel-/desktop/skolgrejer/inbyggda system/stm32cubeide_1.4.0/stm32cubeide/plugins/com.st.stm32cube.ide.mcu.externaltools.gnu-tools-for-stm32.7-2018-q2-update.win32_1.4.0.202007081208/tools/bin/../lib/gcc/arm-none-eabi/7.3.1/../../../../arm-none-eabi/lib/thumb/v7e-m/fpv4-sp/hard\libc_nano.a(lib_a-nano-reallocr.o)
                0x0000000008004f0c                _realloc_r
 .text._sbrk_r  0x0000000008004f58       0x20 c:/users/axel-/desktop/skolgrejer/inbyggda system/stm32cubeide_1.4.0/stm32cubeide/plugins/com.st.stm32cube.ide.mcu.externaltools.gnu-tools-for-stm32.7-2018-q2-update.win32_1.4.0.202007081208/tools/bin/../lib/gcc/arm-none-eabi/7.3.1/../../../../arm-none-eabi/lib/thumb/v7e-m/fpv4-sp/hard\libc_nano.a(lib_a-sbrkr.o)
                0x0000000008004f58                _sbrk_r
 .text.__malloc_lock
                0x0000000008004f78        0x2 c:/users/axel-/desktop/skolgrejer/inbyggda system/stm32cubeide_1.4.0/stm32cubeide/plugins/com.st.stm32cube.ide.mcu.externaltools.gnu-tools-for-stm32.7-2018-q2-update.win32_1.4.0.202007081208/tools/bin/../lib/gcc/arm-none-eabi/7.3.1/../../../../arm-none-eabi/lib/thumb/v7e-m/fpv4-sp/hard\libc_nano.a(lib_a-mlock.o)
                0x0000000008004f78                __malloc_lock
 .text.__malloc_unlock
                0x0000000008004f7a        0x2 c:/users/axel-/desktop/skolgrejer/inbyggda system/stm32cubeide_1.4.0/stm32cubeide/plugins/com.st.stm32cube.ide.mcu.externaltools.gnu-tools-for-stm32.7-2018-q2-update.win32_1.4.0.202007081208/tools/bin/../lib/gcc/arm-none-eabi/7.3.1/../../../../arm-none-eabi/lib/thumb/v7e-m/fpv4-sp/hard\libc_nano.a(lib_a-mlock.o)
                0x0000000008004f7a                __malloc_unlock
 .text._malloc_usable_size_r
                0x0000000008004f7c       0x10 c:/users/axel-/desktop/skolgrejer/inbyggda system/stm32cubeide_1.4.0/stm32cubeide/plugins/com.st.stm32cube.ide.mcu.externaltools.gnu-tools-for-stm32.7-2018-q2-update.win32_1.4.0.202007081208/tools/bin/../lib/gcc/arm-none-eabi/7.3.1/../../../../arm-none-eabi/lib/thumb/v7e-m/fpv4-sp/hard\libc_nano.a(lib_a-nano-msizer.o)
                0x0000000008004f7c                _malloc_usable_size_r
 *(.glue_7)
 .glue_7        0x0000000008004f8c        0x0 linker stubs
 *(.glue_7t)
 .glue_7t       0x0000000008004f8c        0x0 linker stubs
 *(.eh_frame)
 .eh_frame      0x0000000008004f8c        0x0 c:/users/axel-/desktop/skolgrejer/inbyggda system/stm32cubeide_1.4.0/stm32cubeide/plugins/com.st.stm32cube.ide.mcu.externaltools.gnu-tools-for-stm32.7-2018-q2-update.win32_1.4.0.202007081208/tools/bin/../lib/gcc/arm-none-eabi/7.3.1/thumb/v7e-m/fpv4-sp/hard/crtbegin.o
 *(.init)
 .init          0x0000000008004f8c        0x4 c:/users/axel-/desktop/skolgrejer/inbyggda system/stm32cubeide_1.4.0/stm32cubeide/plugins/com.st.stm32cube.ide.mcu.externaltools.gnu-tools-for-stm32.7-2018-q2-update.win32_1.4.0.202007081208/tools/bin/../lib/gcc/arm-none-eabi/7.3.1/thumb/v7e-m/fpv4-sp/hard/crti.o
                0x0000000008004f8c                _init
 .init          0x0000000008004f90        0x8 c:/users/axel-/desktop/skolgrejer/inbyggda system/stm32cubeide_1.4.0/stm32cubeide/plugins/com.st.stm32cube.ide.mcu.externaltools.gnu-tools-for-stm32.7-2018-q2-update.win32_1.4.0.202007081208/tools/bin/../lib/gcc/arm-none-eabi/7.3.1/thumb/v7e-m/fpv4-sp/hard/crtn.o
 *(.fini)
 .fini          0x0000000008004f98        0x4 c:/users/axel-/desktop/skolgrejer/inbyggda system/stm32cubeide_1.4.0/stm32cubeide/plugins/com.st.stm32cube.ide.mcu.externaltools.gnu-tools-for-stm32.7-2018-q2-update.win32_1.4.0.202007081208/tools/bin/../lib/gcc/arm-none-eabi/7.3.1/thumb/v7e-m/fpv4-sp/hard/crti.o
                0x0000000008004f98                _fini
 .fini          0x0000000008004f9c        0x8 c:/users/axel-/desktop/skolgrejer/inbyggda system/stm32cubeide_1.4.0/stm32cubeide/plugins/com.st.stm32cube.ide.mcu.externaltools.gnu-tools-for-stm32.7-2018-q2-update.win32_1.4.0.202007081208/tools/bin/../lib/gcc/arm-none-eabi/7.3.1/thumb/v7e-m/fpv4-sp/hard/crtn.o
                0x0000000008004fa4                . = ALIGN (0x4)
                0x0000000008004fa4                _etext = .

.vfp11_veneer   0x0000000008004fa4        0x0
 .vfp11_veneer  0x0000000008004fa4        0x0 linker stubs

.v4_bx          0x0000000008004fa4        0x0
 .v4_bx         0x0000000008004fa4        0x0 linker stubs

.iplt           0x0000000008004fa4        0x0
 .iplt          0x0000000008004fa4        0x0 c:/users/axel-/desktop/skolgrejer/inbyggda system/stm32cubeide_1.4.0/stm32cubeide/plugins/com.st.stm32cube.ide.mcu.externaltools.gnu-tools-for-stm32.7-2018-q2-update.win32_1.4.0.202007081208/tools/bin/../lib/gcc/arm-none-eabi/7.3.1/thumb/v7e-m/fpv4-sp/hard/crtbegin.o

.rodata         0x0000000008004fa4      0x284
                0x0000000008004fa4                . = ALIGN (0x4)
 *(.rodata)
 .rodata        0x0000000008004fa4       0x52 Core/Src/ESP8266.o
 *fill*         0x0000000008004ff6        0x2 
 .rodata        0x0000000008004ff8       0x52 Core/Src/test.o
 *(.rodata*)
 *fill*         0x000000000800504a        0x2 
 .rodata.ESP8266_NOT_IMPLEMENTED
                0x000000000800504c       0x10 Core/Src/ESP8266.o
 .rodata.ESP8266_AT_OK_TERMINATOR
                0x000000000800505c        0x5 Core/Src/ESP8266.o
 *fill*         0x0000000008005061        0x3 
 .rodata.ESP8266_AT_OK
                0x0000000008005064        0x3 Core/Src/ESP8266.o
 *fill*         0x0000000008005067        0x1 
 .rodata.ESP8266_AT_ERROR
                0x0000000008005068        0x6 Core/Src/ESP8266.o
 *fill*         0x000000000800506e        0x2 
 .rodata.ESP8266_AT_FAIL
                0x0000000008005070        0x5 Core/Src/ESP8266.o
 *fill*         0x0000000008005075        0x3 
 .rodata.ESP8266_AT_WIFI_CONNECTED
                0x0000000008005078        0xf Core/Src/ESP8266.o
 *fill*         0x0000000008005087        0x1 
 .rodata.ESP8266_AT_WIFI_DISCONNECTED
                0x0000000008005088       0x12 Core/Src/ESP8266.o
 *fill*         0x000000000800509a        0x2 
 .rodata.ESP8266_AT_CONNECT
                0x000000000800509c        0x8 Core/Src/ESP8266.o
 .rodata.ESP8266_AT_SEND_OK
                0x00000000080050a4        0x8 Core/Src/ESP8266.o
 .rodata.ESP8266_AT_NO_AP
                0x00000000080050ac        0x8 Core/Src/ESP8266.o
 .rodata.ESP8266_AT_UNKNOWN
                0x00000000080050b4        0x8 Core/Src/ESP8266.o
 .rodata.ESP8266_AT_CWMODE_1
                0x00000000080050bc        0xd Core/Src/ESP8266.o
 *fill*         0x00000000080050c9        0x3 
 .rodata.ESP8266_AT_CWMODE_2
                0x00000000080050cc        0xd Core/Src/ESP8266.o
 *fill*         0x00000000080050d9        0x3 
 .rodata.ESP8266_AT_CWMODE_3
                0x00000000080050dc        0xd Core/Src/ESP8266.o
 *fill*         0x00000000080050e9        0x3 
 .rodata.ESP8266_AT_CWJAP_1
                0x00000000080050ec        0x8 Core/Src/ESP8266.o
 .rodata.ESP8266_AT_CWJAP_2
                0x00000000080050f4        0x8 Core/Src/ESP8266.o
 .rodata.ESP8266_AT_CWJAP_3
                0x00000000080050fc        0x8 Core/Src/ESP8266.o
 .rodata.ESP8266_AT_CWJAP_4
                0x0000000008005104        0x8 Core/Src/ESP8266.o
 .rodata.ESP8266_AT_TIMEOUT
                0x000000000800510c       0x13 Core/Src/ESP8266.o
 *fill*         0x000000000800511f        0x1 
 .rodata.ESP8266_AT_WRONG_PWD
                0x0000000008005120        0xf Core/Src/ESP8266.o
 *fill*         0x000000000800512f        0x1 
 .rodata.ESP8266_AT_NO_TARGET
                0x0000000008005130       0x1a Core/Src/ESP8266.o
 *fill*         0x000000000800514a        0x2 
 .rodata.ESP8266_AT_CONNECTION_FAIL
                0x000000000800514c       0x12 Core/Src/ESP8266.o
 *fill*         0x000000000800515e        0x2 
 .rodata.ESP8266_AT_CIPMUX_0
                0x0000000008005160        0x9 Core/Src/ESP8266.o
 *fill*         0x0000000008005169        0x3 
 .rodata.ESP8266_AT_CIPMUX_1
                0x000000000800516c        0x9 Core/Src/ESP8266.o
 *fill*         0x0000000008005175        0x3 
 .rodata.ESP8266_AT_CWJAP_SET
                0x0000000008005178        0xa Core/Src/ESP8266.o
 *fill*         0x0000000008005182        0x2 
 .rodata.ESP8266_AT_START
                0x0000000008005184        0xd Core/Src/ESP8266.o
 *fill*         0x0000000008005191        0x3 
 .rodata.ESP8266_AT_SEND
                0x0000000008005194        0xc Core/Src/ESP8266.o
 .rodata.AHBPrescTable
                0x00000000080051a0       0x10 Core/Src/system_stm32l4xx.o
                0x00000000080051a0                AHBPrescTable
 .rodata.APBPrescTable
                0x00000000080051b0        0x8 Core/Src/system_stm32l4xx.o
                0x00000000080051b0                APBPrescTable
 .rodata.MSIRangeTable
                0x00000000080051b8       0x30 Core/Src/system_stm32l4xx.o
                0x00000000080051b8                MSIRangeTable
 .rodata.ESP8266_AT_START
                0x00000000080051e8        0xd Core/Src/test.o
 .rodata._svfprintf_r.str1.1
                0x00000000080051f5       0x11 c:/users/axel-/desktop/skolgrejer/inbyggda system/stm32cubeide_1.4.0/stm32cubeide/plugins/com.st.stm32cube.ide.mcu.externaltools.gnu-tools-for-stm32.7-2018-q2-update.win32_1.4.0.202007081208/tools/bin/../lib/gcc/arm-none-eabi/7.3.1/../../../../arm-none-eabi/lib/thumb/v7e-m/fpv4-sp/hard\libc_nano.a(lib_a-nano-svfprintf.o)
 .rodata._printf_i.str1.1
                0x0000000008005206       0x22 c:/users/axel-/desktop/skolgrejer/inbyggda system/stm32cubeide_1.4.0/stm32cubeide/plugins/com.st.stm32cube.ide.mcu.externaltools.gnu-tools-for-stm32.7-2018-q2-update.win32_1.4.0.202007081208/tools/bin/../lib/gcc/arm-none-eabi/7.3.1/../../../../arm-none-eabi/lib/thumb/v7e-m/fpv4-sp/hard\libc_nano.a(lib_a-nano-vfprintf_i.o)
                0x0000000008005228                . = ALIGN (0x4)

.ARM.extab      0x0000000008005228        0x0
                0x0000000008005228                . = ALIGN (0x4)
 *(.ARM.extab* .gnu.linkonce.armextab.*)
                0x0000000008005228                . = ALIGN (0x4)

.ARM            0x0000000008005228        0x8
                0x0000000008005228                . = ALIGN (0x4)
                0x0000000008005228                __exidx_start = .
 *(.ARM.exidx*)
 .ARM.exidx     0x0000000008005228        0x8 c:/users/axel-/desktop/skolgrejer/inbyggda system/stm32cubeide_1.4.0/stm32cubeide/plugins/com.st.stm32cube.ide.mcu.externaltools.gnu-tools-for-stm32.7-2018-q2-update.win32_1.4.0.202007081208/tools/bin/../lib/gcc/arm-none-eabi/7.3.1/thumb/v7e-m/fpv4-sp/hard\libgcc.a(_udivmoddi4.o)
                0x0000000008005230                __exidx_end = .
                0x0000000008005230                . = ALIGN (0x4)

.rel.dyn        0x0000000008005230        0x0
 .rel.iplt      0x0000000008005230        0x0 c:/users/axel-/desktop/skolgrejer/inbyggda system/stm32cubeide_1.4.0/stm32cubeide/plugins/com.st.stm32cube.ide.mcu.externaltools.gnu-tools-for-stm32.7-2018-q2-update.win32_1.4.0.202007081208/tools/bin/../lib/gcc/arm-none-eabi/7.3.1/thumb/v7e-m/fpv4-sp/hard/crtbegin.o

.preinit_array  0x0000000008005230        0x0
                0x0000000008005230                . = ALIGN (0x4)
                0x0000000008005230                PROVIDE (__preinit_array_start = .)
 *(.preinit_array*)
                0x0000000008005230                PROVIDE (__preinit_array_end = .)
                0x0000000008005230                . = ALIGN (0x4)

.init_array     0x0000000008005230        0x4
                0x0000000008005230                . = ALIGN (0x4)
                0x0000000008005230                PROVIDE (__init_array_start = .)
 *(SORT_BY_NAME(.init_array.*))
 *(.init_array*)
 .init_array    0x0000000008005230        0x4 c:/users/axel-/desktop/skolgrejer/inbyggda system/stm32cubeide_1.4.0/stm32cubeide/plugins/com.st.stm32cube.ide.mcu.externaltools.gnu-tools-for-stm32.7-2018-q2-update.win32_1.4.0.202007081208/tools/bin/../lib/gcc/arm-none-eabi/7.3.1/thumb/v7e-m/fpv4-sp/hard/crtbegin.o
                0x0000000008005234                PROVIDE (__init_array_end = .)
                0x0000000008005234                . = ALIGN (0x4)

.fini_array     0x0000000008005234        0x4
                0x0000000008005234                . = ALIGN (0x4)
                [!provide]                        PROVIDE (__fini_array_start = .)
 *(SORT_BY_NAME(.fini_array.*))
 *(.fini_array*)
 .fini_array    0x0000000008005234        0x4 c:/users/axel-/desktop/skolgrejer/inbyggda system/stm32cubeide_1.4.0/stm32cubeide/plugins/com.st.stm32cube.ide.mcu.externaltools.gnu-tools-for-stm32.7-2018-q2-update.win32_1.4.0.202007081208/tools/bin/../lib/gcc/arm-none-eabi/7.3.1/thumb/v7e-m/fpv4-sp/hard/crtbegin.o
                [!provide]                        PROVIDE (__fini_array_end = .)
                0x0000000008005238                . = ALIGN (0x4)
                0x0000000008005238                _sidata = LOADADDR (.data)

.data           0x0000000020000000       0xa8 load address 0x0000000008005238
                0x0000000020000000                . = ALIGN (0x4)
                0x0000000020000000                _sdata = .
 *(.data)
 *(.data*)
 .data.SSID     0x0000000020000000        0xf Core/Src/ESP8266.o
 *fill*         0x000000002000000f        0x1 
 .data.PWD      0x0000000020000010        0xb Core/Src/ESP8266.o
 *fill*         0x000000002000001b        0x1 
 .data.SystemCoreClock
                0x000000002000001c        0x4 Core/Src/system_stm32l4xx.o
                0x000000002000001c                SystemCoreClock
 .data.connection_type
                0x0000000020000020        0x4 Core/Src/test.o
 .data.remote_ip
                0x0000000020000024        0xf Core/Src/test.o
 *fill*         0x0000000020000033        0x1 
 .data.remote_port
                0x0000000020000034        0x5 Core/Src/test.o
 *fill*         0x0000000020000039        0x3 
 .data.uwTickPrio
                0x000000002000003c        0x4 Drivers/STM32L4xx_HAL_Driver/Src/stm32l4xx_hal.o
                0x000000002000003c                uwTickPrio
 .data.uwTickFreq
                0x0000000020000040        0x1 Drivers/STM32L4xx_HAL_Driver/Src/stm32l4xx_hal.o
                0x0000000020000040                uwTickFreq
 *fill*         0x0000000020000041        0x3 
 .data._impure_ptr
                0x0000000020000044        0x4 c:/users/axel-/desktop/skolgrejer/inbyggda system/stm32cubeide_1.4.0/stm32cubeide/plugins/com.st.stm32cube.ide.mcu.externaltools.gnu-tools-for-stm32.7-2018-q2-update.win32_1.4.0.202007081208/tools/bin/../lib/gcc/arm-none-eabi/7.3.1/../../../../arm-none-eabi/lib/thumb/v7e-m/fpv4-sp/hard\libc_nano.a(lib_a-impure.o)
                0x0000000020000044                _impure_ptr
 .data.impure_data
                0x0000000020000048       0x60 c:/users/axel-/desktop/skolgrejer/inbyggda system/stm32cubeide_1.4.0/stm32cubeide/plugins/com.st.stm32cube.ide.mcu.externaltools.gnu-tools-for-stm32.7-2018-q2-update.win32_1.4.0.202007081208/tools/bin/../lib/gcc/arm-none-eabi/7.3.1/../../../../arm-none-eabi/lib/thumb/v7e-m/fpv4-sp/hard\libc_nano.a(lib_a-impure.o)
                0x00000000200000a8                . = ALIGN (0x4)
                0x00000000200000a8                _edata = .

.igot.plt       0x00000000200000a8        0x0 load address 0x00000000080052e0
 .igot.plt      0x00000000200000a8        0x0 c:/users/axel-/desktop/skolgrejer/inbyggda system/stm32cubeide_1.4.0/stm32cubeide/plugins/com.st.stm32cube.ide.mcu.externaltools.gnu-tools-for-stm32.7-2018-q2-update.win32_1.4.0.202007081208/tools/bin/../lib/gcc/arm-none-eabi/7.3.1/thumb/v7e-m/fpv4-sp/hard/crtbegin.o
                0x00000000200000a8                . = ALIGN (0x4)

.bss            0x00000000200000a8     0x1138 load address 0x00000000080052e0
                0x00000000200000a8                _sbss = .
                0x00000000200000a8                __bss_start__ = _sbss
 *(.bss)
 .bss           0x00000000200000a8       0x1c c:/users/axel-/desktop/skolgrejer/inbyggda system/stm32cubeide_1.4.0/stm32cubeide/plugins/com.st.stm32cube.ide.mcu.externaltools.gnu-tools-for-stm32.7-2018-q2-update.win32_1.4.0.202007081208/tools/bin/../lib/gcc/arm-none-eabi/7.3.1/thumb/v7e-m/fpv4-sp/hard/crtbegin.o
 *(.bss*)
 .bss.rx_variable
                0x00000000200000c4        0x1 Core/Src/ESP8266.o
 *fill*         0x00000000200000c5        0x3 
 .bss.rx_buffer
                0x00000000200000c8     0x1000 Core/Src/ESP8266.o
 .bss.rx_buffer_index
                0x00000000200010c8        0x1 Core/Src/ESP8266.o
 .bss.error_flag
                0x00000000200010c9        0x1 Core/Src/ESP8266.o
 .bss.fail_flag
                0x00000000200010ca        0x1 Core/Src/ESP8266.o
 *fill*         0x00000000200010cb        0x1 
 .bss.__sbrk_heap_end
                0x00000000200010cc        0x4 Core/Src/sysmem.o
 .bss.__malloc_free_list
                0x00000000200010d0        0x4 c:/users/axel-/desktop/skolgrejer/inbyggda system/stm32cubeide_1.4.0/stm32cubeide/plugins/com.st.stm32cube.ide.mcu.externaltools.gnu-tools-for-stm32.7-2018-q2-update.win32_1.4.0.202007081208/tools/bin/../lib/gcc/arm-none-eabi/7.3.1/../../../../arm-none-eabi/lib/thumb/v7e-m/fpv4-sp/hard\libc_nano.a(lib_a-nano-mallocr.o)
                0x00000000200010d0                __malloc_free_list
 .bss.__malloc_sbrk_start
                0x00000000200010d4        0x4 c:/users/axel-/desktop/skolgrejer/inbyggda system/stm32cubeide_1.4.0/stm32cubeide/plugins/com.st.stm32cube.ide.mcu.externaltools.gnu-tools-for-stm32.7-2018-q2-update.win32_1.4.0.202007081208/tools/bin/../lib/gcc/arm-none-eabi/7.3.1/../../../../arm-none-eabi/lib/thumb/v7e-m/fpv4-sp/hard\libc_nano.a(lib_a-nano-mallocr.o)
                0x00000000200010d4                __malloc_sbrk_start
 *(COMMON)
 COMMON         0x00000000200010d8      0x100 Core/Src/usart.o
                0x00000000200010d8                huart4
                0x0000000020001158                huart2
 COMMON         0x00000000200011d8        0x4 Drivers/STM32L4xx_HAL_Driver/Src/stm32l4xx_hal.o
                0x00000000200011d8                uwTick
 COMMON         0x00000000200011dc        0x4 c:/users/axel-/desktop/skolgrejer/inbyggda system/stm32cubeide_1.4.0/stm32cubeide/plugins/com.st.stm32cube.ide.mcu.externaltools.gnu-tools-for-stm32.7-2018-q2-update.win32_1.4.0.202007081208/tools/bin/../lib/gcc/arm-none-eabi/7.3.1/../../../../arm-none-eabi/lib/thumb/v7e-m/fpv4-sp/hard\libc_nano.a(lib_a-reent.o)
                0x00000000200011dc                errno
                0x00000000200011e0                . = ALIGN (0x4)
                0x00000000200011e0                _ebss = .
                0x00000000200011e0                __bss_end__ = _ebss

._user_heap_stack
                0x00000000200011e0      0x600 load address 0x00000000080052e0
                0x00000000200011e0                . = ALIGN (0x8)
                [!provide]                        PROVIDE (end = .)
                0x00000000200011e0                PROVIDE (_end = .)
                0x00000000200013e0                . = (. + _Min_Heap_Size)
 *fill*         0x00000000200011e0      0x200 
                0x00000000200017e0                . = (. + _Min_Stack_Size)
 *fill*         0x00000000200013e0      0x400 
                0x00000000200017e0                . = ALIGN (0x8)

/DISCARD/
 libc.a(*)
 libm.a(*)
 libgcc.a(*)

.ARM.attributes
                0x0000000000000000       0x30
 *(.ARM.attributes)
 .ARM.attributes
                0x0000000000000000       0x22 c:/users/axel-/desktop/skolgrejer/inbyggda system/stm32cubeide_1.4.0/stm32cubeide/plugins/com.st.stm32cube.ide.mcu.externaltools.gnu-tools-for-stm32.7-2018-q2-update.win32_1.4.0.202007081208/tools/bin/../lib/gcc/arm-none-eabi/7.3.1/thumb/v7e-m/fpv4-sp/hard/crti.o
 .ARM.attributes
                0x0000000000000022       0x34 c:/users/axel-/desktop/skolgrejer/inbyggda system/stm32cubeide_1.4.0/stm32cubeide/plugins/com.st.stm32cube.ide.mcu.externaltools.gnu-tools-for-stm32.7-2018-q2-update.win32_1.4.0.202007081208/tools/bin/../lib/gcc/arm-none-eabi/7.3.1/thumb/v7e-m/fpv4-sp/hard/crtbegin.o
 .ARM.attributes
                0x0000000000000056       0x39 Core/Src/ESP8266.o
 .ARM.attributes
                0x000000000000008f       0x39 Core/Src/gpio.o
 .ARM.attributes
                0x00000000000000c8       0x39 Core/Src/main.o
 .ARM.attributes
                0x0000000000000101       0x39 Core/Src/stm32l4xx_hal_msp.o
 .ARM.attributes
                0x000000000000013a       0x39 Core/Src/stm32l4xx_it.o
 .ARM.attributes
                0x0000000000000173       0x39 Core/Src/sysmem.o
 .ARM.attributes
                0x00000000000001ac       0x39 Core/Src/system_stm32l4xx.o
 .ARM.attributes
                0x00000000000001e5       0x39 Core/Src/test.o
 .ARM.attributes
                0x000000000000021e       0x39 Core/Src/ultrasonic.o
 .ARM.attributes
                0x0000000000000257       0x39 Core/Src/usart.o
 .ARM.attributes
                0x0000000000000290       0x21 Core/Startup/startup_stm32l476rgtx.o
 .ARM.attributes
                0x00000000000002b1       0x39 Drivers/STM32L4xx_HAL_Driver/Src/stm32l4xx_hal.o
 .ARM.attributes
                0x00000000000002ea       0x39 Drivers/STM32L4xx_HAL_Driver/Src/stm32l4xx_hal_cortex.o
 .ARM.attributes
                0x0000000000000323       0x39 Drivers/STM32L4xx_HAL_Driver/Src/stm32l4xx_hal_dma.o
 .ARM.attributes
                0x000000000000035c       0x39 Drivers/STM32L4xx_HAL_Driver/Src/stm32l4xx_hal_gpio.o
 .ARM.attributes
                0x0000000000000395       0x39 Drivers/STM32L4xx_HAL_Driver/Src/stm32l4xx_hal_pwr_ex.o
 .ARM.attributes
                0x00000000000003ce       0x39 Drivers/STM32L4xx_HAL_Driver/Src/stm32l4xx_hal_rcc.o
 .ARM.attributes
                0x0000000000000407       0x39 Drivers/STM32L4xx_HAL_Driver/Src/stm32l4xx_hal_rcc_ex.o
 .ARM.attributes
                0x0000000000000440       0x39 Drivers/STM32L4xx_HAL_Driver/Src/stm32l4xx_hal_uart.o
 .ARM.attributes
                0x0000000000000479       0x39 Drivers/STM32L4xx_HAL_Driver/Src/stm32l4xx_hal_uart_ex.o
 .ARM.attributes
                0x00000000000004b2       0x34 c:/users/axel-/desktop/skolgrejer/inbyggda system/stm32cubeide_1.4.0/stm32cubeide/plugins/com.st.stm32cube.ide.mcu.externaltools.gnu-tools-for-stm32.7-2018-q2-update.win32_1.4.0.202007081208/tools/bin/../lib/gcc/arm-none-eabi/7.3.1/../../../../arm-none-eabi/lib/thumb/v7e-m/fpv4-sp/hard\libc_nano.a(lib_a-errno.o)
 .ARM.attributes
                0x00000000000004e6       0x34 c:/users/axel-/desktop/skolgrejer/inbyggda system/stm32cubeide_1.4.0/stm32cubeide/plugins/com.st.stm32cube.ide.mcu.externaltools.gnu-tools-for-stm32.7-2018-q2-update.win32_1.4.0.202007081208/tools/bin/../lib/gcc/arm-none-eabi/7.3.1/../../../../arm-none-eabi/lib/thumb/v7e-m/fpv4-sp/hard\libc_nano.a(lib_a-impure.o)
 .ARM.attributes
                0x000000000000051a       0x34 c:/users/axel-/desktop/skolgrejer/inbyggda system/stm32cubeide_1.4.0/stm32cubeide/plugins/com.st.stm32cube.ide.mcu.externaltools.gnu-tools-for-stm32.7-2018-q2-update.win32_1.4.0.202007081208/tools/bin/../lib/gcc/arm-none-eabi/7.3.1/../../../../arm-none-eabi/lib/thumb/v7e-m/fpv4-sp/hard\libc_nano.a(lib_a-init.o)
 .ARM.attributes
                0x000000000000054e       0x34 c:/users/axel-/desktop/skolgrejer/inbyggda system/stm32cubeide_1.4.0/stm32cubeide/plugins/com.st.stm32cube.ide.mcu.externaltools.gnu-tools-for-stm32.7-2018-q2-update.win32_1.4.0.202007081208/tools/bin/../lib/gcc/arm-none-eabi/7.3.1/../../../../arm-none-eabi/lib/thumb/v7e-m/fpv4-sp/hard\libc_nano.a(lib_a-memset.o)
 .ARM.attributes
                0x0000000000000582       0x34 c:/users/axel-/desktop/skolgrejer/inbyggda system/stm32cubeide_1.4.0/stm32cubeide/plugins/com.st.stm32cube.ide.mcu.externaltools.gnu-tools-for-stm32.7-2018-q2-update.win32_1.4.0.202007081208/tools/bin/../lib/gcc/arm-none-eabi/7.3.1/../../../../arm-none-eabi/lib/thumb/v7e-m/fpv4-sp/hard\libc_nano.a(lib_a-sprintf.o)
 .ARM.attributes
                0x00000000000005b6       0x1b c:/users/axel-/desktop/skolgrejer/inbyggda system/stm32cubeide_1.4.0/stm32cubeide/plugins/com.st.stm32cube.ide.mcu.externaltools.gnu-tools-for-stm32.7-2018-q2-update.win32_1.4.0.202007081208/tools/bin/../lib/gcc/arm-none-eabi/7.3.1/../../../../arm-none-eabi/lib/thumb/v7e-m/fpv4-sp/hard\libc_nano.a(lib_a-strlen.o)
 .ARM.attributes
                0x00000000000005d1       0x34 c:/users/axel-/desktop/skolgrejer/inbyggda system/stm32cubeide_1.4.0/stm32cubeide/plugins/com.st.stm32cube.ide.mcu.externaltools.gnu-tools-for-stm32.7-2018-q2-update.win32_1.4.0.202007081208/tools/bin/../lib/gcc/arm-none-eabi/7.3.1/../../../../arm-none-eabi/lib/thumb/v7e-m/fpv4-sp/hard\libc_nano.a(lib_a-strstr.o)
 .ARM.attributes
                0x0000000000000605       0x34 c:/users/axel-/desktop/skolgrejer/inbyggda system/stm32cubeide_1.4.0/stm32cubeide/plugins/com.st.stm32cube.ide.mcu.externaltools.gnu-tools-for-stm32.7-2018-q2-update.win32_1.4.0.202007081208/tools/bin/../lib/gcc/arm-none-eabi/7.3.1/../../../../arm-none-eabi/lib/thumb/v7e-m/fpv4-sp/hard\libc_nano.a(lib_a-nano-svfprintf.o)
 .ARM.attributes
                0x0000000000000639       0x34 c:/users/axel-/desktop/skolgrejer/inbyggda system/stm32cubeide_1.4.0/stm32cubeide/plugins/com.st.stm32cube.ide.mcu.externaltools.gnu-tools-for-stm32.7-2018-q2-update.win32_1.4.0.202007081208/tools/bin/../lib/gcc/arm-none-eabi/7.3.1/../../../../arm-none-eabi/lib/thumb/v7e-m/fpv4-sp/hard\libc_nano.a(lib_a-nano-vfprintf_i.o)
 .ARM.attributes
                0x000000000000066d       0x20 c:/users/axel-/desktop/skolgrejer/inbyggda system/stm32cubeide_1.4.0/stm32cubeide/plugins/com.st.stm32cube.ide.mcu.externaltools.gnu-tools-for-stm32.7-2018-q2-update.win32_1.4.0.202007081208/tools/bin/../lib/gcc/arm-none-eabi/7.3.1/../../../../arm-none-eabi/lib/thumb/v7e-m/fpv4-sp/hard\libc_nano.a(lib_a-memchr.o)
 .ARM.attributes
                0x000000000000068d       0x34 c:/users/axel-/desktop/skolgrejer/inbyggda system/stm32cubeide_1.4.0/stm32cubeide/plugins/com.st.stm32cube.ide.mcu.externaltools.gnu-tools-for-stm32.7-2018-q2-update.win32_1.4.0.202007081208/tools/bin/../lib/gcc/arm-none-eabi/7.3.1/../../../../arm-none-eabi/lib/thumb/v7e-m/fpv4-sp/hard\libc_nano.a(lib_a-memcpy-stub.o)
 .ARM.attributes
                0x00000000000006c1       0x34 c:/users/axel-/desktop/skolgrejer/inbyggda system/stm32cubeide_1.4.0/stm32cubeide/plugins/com.st.stm32cube.ide.mcu.externaltools.gnu-tools-for-stm32.7-2018-q2-update.win32_1.4.0.202007081208/tools/bin/../lib/gcc/arm-none-eabi/7.3.1/../../../../arm-none-eabi/lib/thumb/v7e-m/fpv4-sp/hard\libc_nano.a(lib_a-memmove.o)
 .ARM.attributes
                0x00000000000006f5       0x34 c:/users/axel-/desktop/skolgrejer/inbyggda system/stm32cubeide_1.4.0/stm32cubeide/plugins/com.st.stm32cube.ide.mcu.externaltools.gnu-tools-for-stm32.7-2018-q2-update.win32_1.4.0.202007081208/tools/bin/../lib/gcc/arm-none-eabi/7.3.1/../../../../arm-none-eabi/lib/thumb/v7e-m/fpv4-sp/hard\libc_nano.a(lib_a-nano-freer.o)
 .ARM.attributes
                0x0000000000000729       0x34 c:/users/axel-/desktop/skolgrejer/inbyggda system/stm32cubeide_1.4.0/stm32cubeide/plugins/com.st.stm32cube.ide.mcu.externaltools.gnu-tools-for-stm32.7-2018-q2-update.win32_1.4.0.202007081208/tools/bin/../lib/gcc/arm-none-eabi/7.3.1/../../../../arm-none-eabi/lib/thumb/v7e-m/fpv4-sp/hard\libc_nano.a(lib_a-nano-mallocr.o)
 .ARM.attributes
                0x000000000000075d       0x34 c:/users/axel-/desktop/skolgrejer/inbyggda system/stm32cubeide_1.4.0/stm32cubeide/plugins/com.st.stm32cube.ide.mcu.externaltools.gnu-tools-for-stm32.7-2018-q2-update.win32_1.4.0.202007081208/tools/bin/../lib/gcc/arm-none-eabi/7.3.1/../../../../arm-none-eabi/lib/thumb/v7e-m/fpv4-sp/hard\libc_nano.a(lib_a-nano-reallocr.o)
 .ARM.attributes
                0x0000000000000791       0x34 c:/users/axel-/desktop/skolgrejer/inbyggda system/stm32cubeide_1.4.0/stm32cubeide/plugins/com.st.stm32cube.ide.mcu.externaltools.gnu-tools-for-stm32.7-2018-q2-update.win32_1.4.0.202007081208/tools/bin/../lib/gcc/arm-none-eabi/7.3.1/../../../../arm-none-eabi/lib/thumb/v7e-m/fpv4-sp/hard\libc_nano.a(lib_a-sbrkr.o)
 .ARM.attributes
                0x00000000000007c5       0x34 c:/users/axel-/desktop/skolgrejer/inbyggda system/stm32cubeide_1.4.0/stm32cubeide/plugins/com.st.stm32cube.ide.mcu.externaltools.gnu-tools-for-stm32.7-2018-q2-update.win32_1.4.0.202007081208/tools/bin/../lib/gcc/arm-none-eabi/7.3.1/../../../../arm-none-eabi/lib/thumb/v7e-m/fpv4-sp/hard\libc_nano.a(lib_a-mlock.o)
 .ARM.attributes
                0x00000000000007f9       0x34 c:/users/axel-/desktop/skolgrejer/inbyggda system/stm32cubeide_1.4.0/stm32cubeide/plugins/com.st.stm32cube.ide.mcu.externaltools.gnu-tools-for-stm32.7-2018-q2-update.win32_1.4.0.202007081208/tools/bin/../lib/gcc/arm-none-eabi/7.3.1/../../../../arm-none-eabi/lib/thumb/v7e-m/fpv4-sp/hard\libc_nano.a(lib_a-nano-msizer.o)
 .ARM.attributes
                0x000000000000082d       0x34 c:/users/axel-/desktop/skolgrejer/inbyggda system/stm32cubeide_1.4.0/stm32cubeide/plugins/com.st.stm32cube.ide.mcu.externaltools.gnu-tools-for-stm32.7-2018-q2-update.win32_1.4.0.202007081208/tools/bin/../lib/gcc/arm-none-eabi/7.3.1/../../../../arm-none-eabi/lib/thumb/v7e-m/fpv4-sp/hard\libc_nano.a(lib_a-reent.o)
 .ARM.attributes
                0x0000000000000861       0x22 c:/users/axel-/desktop/skolgrejer/inbyggda system/stm32cubeide_1.4.0/stm32cubeide/plugins/com.st.stm32cube.ide.mcu.externaltools.gnu-tools-for-stm32.7-2018-q2-update.win32_1.4.0.202007081208/tools/bin/../lib/gcc/arm-none-eabi/7.3.1/thumb/v7e-m/fpv4-sp/hard\libgcc.a(_arm_addsubdf3.o)
 .ARM.attributes
                0x0000000000000883       0x22 c:/users/axel-/desktop/skolgrejer/inbyggda system/stm32cubeide_1.4.0/stm32cubeide/plugins/com.st.stm32cube.ide.mcu.externaltools.gnu-tools-for-stm32.7-2018-q2-update.win32_1.4.0.202007081208/tools/bin/../lib/gcc/arm-none-eabi/7.3.1/thumb/v7e-m/fpv4-sp/hard\libgcc.a(_arm_muldivdf3.o)
 .ARM.attributes
                0x00000000000008a5       0x22 c:/users/axel-/desktop/skolgrejer/inbyggda system/stm32cubeide_1.4.0/stm32cubeide/plugins/com.st.stm32cube.ide.mcu.externaltools.gnu-tools-for-stm32.7-2018-q2-update.win32_1.4.0.202007081208/tools/bin/../lib/gcc/arm-none-eabi/7.3.1/thumb/v7e-m/fpv4-sp/hard\libgcc.a(_arm_fixunsdfsi.o)
 .ARM.attributes
                0x00000000000008c7       0x22 c:/users/axel-/desktop/skolgrejer/inbyggda system/stm32cubeide_1.4.0/stm32cubeide/plugins/com.st.stm32cube.ide.mcu.externaltools.gnu-tools-for-stm32.7-2018-q2-update.win32_1.4.0.202007081208/tools/bin/../lib/gcc/arm-none-eabi/7.3.1/thumb/v7e-m/fpv4-sp/hard\libgcc.a(_aeabi_uldivmod.o)
 .ARM.attributes
                0x00000000000008e9       0x34 c:/users/axel-/desktop/skolgrejer/inbyggda system/stm32cubeide_1.4.0/stm32cubeide/plugins/com.st.stm32cube.ide.mcu.externaltools.gnu-tools-for-stm32.7-2018-q2-update.win32_1.4.0.202007081208/tools/bin/../lib/gcc/arm-none-eabi/7.3.1/thumb/v7e-m/fpv4-sp/hard\libgcc.a(_udivmoddi4.o)
 .ARM.attributes
                0x000000000000091d       0x22 c:/users/axel-/desktop/skolgrejer/inbyggda system/stm32cubeide_1.4.0/stm32cubeide/plugins/com.st.stm32cube.ide.mcu.externaltools.gnu-tools-for-stm32.7-2018-q2-update.win32_1.4.0.202007081208/tools/bin/../lib/gcc/arm-none-eabi/7.3.1/thumb/v7e-m/fpv4-sp/hard\libgcc.a(_dvmd_tls.o)
 .ARM.attributes
                0x000000000000093f       0x22 c:/users/axel-/desktop/skolgrejer/inbyggda system/stm32cubeide_1.4.0/stm32cubeide/plugins/com.st.stm32cube.ide.mcu.externaltools.gnu-tools-for-stm32.7-2018-q2-update.win32_1.4.0.202007081208/tools/bin/../lib/gcc/arm-none-eabi/7.3.1/thumb/v7e-m/fpv4-sp/hard/crtn.o
OUTPUT(IOTSoptunna-Hardware.elf elf32-littlearm)

.debug_info     0x0000000000000000     0xf395
 .debug_info    0x0000000000000000     0x1843 Core/Src/ESP8266.o
 .debug_info    0x0000000000001843      0x679 Core/Src/gpio.o
 .debug_info    0x0000000000001ebc      0xbb0 Core/Src/main.o
 .debug_info    0x0000000000002a6c      0x4f9 Core/Src/stm32l4xx_hal_msp.o
 .debug_info    0x0000000000002f65      0x874 Core/Src/stm32l4xx_it.o
 .debug_info    0x00000000000037d9      0x985 Core/Src/sysmem.o
 .debug_info    0x000000000000415e      0x727 Core/Src/system_stm32l4xx.o
 .debug_info    0x0000000000004885     0x15d6 Core/Src/test.o
 .debug_info    0x0000000000005e5b      0xd87 Core/Src/ultrasonic.o
 .debug_info    0x0000000000006be2      0xe36 Core/Src/usart.o
 .debug_info    0x0000000000007a18       0x22 Core/Startup/startup_stm32l476rgtx.o
 .debug_info    0x0000000000007a3a      0xd2e Drivers/STM32L4xx_HAL_Driver/Src/stm32l4xx_hal.o
 .debug_info    0x0000000000008768      0xf6d Drivers/STM32L4xx_HAL_Driver/Src/stm32l4xx_hal_cortex.o
 .debug_info    0x00000000000096d5      0x8f2 Drivers/STM32L4xx_HAL_Driver/Src/stm32l4xx_hal_dma.o
 .debug_info    0x0000000000009fc7      0x9c2 Drivers/STM32L4xx_HAL_Driver/Src/stm32l4xx_hal_gpio.o
 .debug_info    0x000000000000a989      0xb35 Drivers/STM32L4xx_HAL_Driver/Src/stm32l4xx_hal_pwr_ex.o
 .debug_info    0x000000000000b4be      0xd2f Drivers/STM32L4xx_HAL_Driver/Src/stm32l4xx_hal_rcc.o
 .debug_info    0x000000000000c1ed      0xf41 Drivers/STM32L4xx_HAL_Driver/Src/stm32l4xx_hal_rcc_ex.o
 .debug_info    0x000000000000d12e     0x1830 Drivers/STM32L4xx_HAL_Driver/Src/stm32l4xx_hal_uart.o
 .debug_info    0x000000000000e95e      0xa37 Drivers/STM32L4xx_HAL_Driver/Src/stm32l4xx_hal_uart_ex.o

.debug_abbrev   0x0000000000000000     0x22d2
 .debug_abbrev  0x0000000000000000      0x26f Core/Src/ESP8266.o
 .debug_abbrev  0x000000000000026f      0x134 Core/Src/gpio.o
 .debug_abbrev  0x00000000000003a3      0x199 Core/Src/main.o
 .debug_abbrev  0x000000000000053c      0x125 Core/Src/stm32l4xx_hal_msp.o
 .debug_abbrev  0x0000000000000661      0x149 Core/Src/stm32l4xx_it.o
 .debug_abbrev  0x00000000000007aa      0x19b Core/Src/sysmem.o
 .debug_abbrev  0x0000000000000945      0x150 Core/Src/system_stm32l4xx.o
 .debug_abbrev  0x0000000000000a95      0x1da Core/Src/test.o
 .debug_abbrev  0x0000000000000c6f      0x1f2 Core/Src/ultrasonic.o
 .debug_abbrev  0x0000000000000e61      0x1a2 Core/Src/usart.o
 .debug_abbrev  0x0000000000001003       0x12 Core/Startup/startup_stm32l476rgtx.o
 .debug_abbrev  0x0000000000001015      0x1fb Drivers/STM32L4xx_HAL_Driver/Src/stm32l4xx_hal.o
 .debug_abbrev  0x0000000000001210      0x2fa Drivers/STM32L4xx_HAL_Driver/Src/stm32l4xx_hal_cortex.o
 .debug_abbrev  0x000000000000150a      0x1d9 Drivers/STM32L4xx_HAL_Driver/Src/stm32l4xx_hal_dma.o
 .debug_abbrev  0x00000000000016e3      0x1c0 Drivers/STM32L4xx_HAL_Driver/Src/stm32l4xx_hal_gpio.o
 .debug_abbrev  0x00000000000018a3      0x1cb Drivers/STM32L4xx_HAL_Driver/Src/stm32l4xx_hal_pwr_ex.o
 .debug_abbrev  0x0000000000001a6e      0x245 Drivers/STM32L4xx_HAL_Driver/Src/stm32l4xx_hal_rcc.o
 .debug_abbrev  0x0000000000001cb3      0x238 Drivers/STM32L4xx_HAL_Driver/Src/stm32l4xx_hal_rcc_ex.o
 .debug_abbrev  0x0000000000001eeb      0x205 Drivers/STM32L4xx_HAL_Driver/Src/stm32l4xx_hal_uart.o
 .debug_abbrev  0x00000000000020f0      0x1e2 Drivers/STM32L4xx_HAL_Driver/Src/stm32l4xx_hal_uart_ex.o

.debug_aranges  0x0000000000000000      0xa98
 .debug_aranges
                0x0000000000000000       0x78 Core/Src/ESP8266.o
 .debug_aranges
                0x0000000000000078       0x20 Core/Src/gpio.o
 .debug_aranges
                0x0000000000000098       0x30 Core/Src/main.o
 .debug_aranges
                0x00000000000000c8       0x20 Core/Src/stm32l4xx_hal_msp.o
 .debug_aranges
                0x00000000000000e8       0x68 Core/Src/stm32l4xx_it.o
 .debug_aranges
                0x0000000000000150       0x20 Core/Src/sysmem.o
 .debug_aranges
                0x0000000000000170       0x28 Core/Src/system_stm32l4xx.o
 .debug_aranges
                0x0000000000000198       0x40 Core/Src/test.o
 .debug_aranges
                0x00000000000001d8       0x38 Core/Src/ultrasonic.o
 .debug_aranges
                0x0000000000000210       0x38 Core/Src/usart.o
 .debug_aranges
                0x0000000000000248       0x28 Core/Startup/startup_stm32l476rgtx.o
 .debug_aranges
                0x0000000000000270      0x130 Drivers/STM32L4xx_HAL_Driver/Src/stm32l4xx_hal.o
 .debug_aranges
                0x00000000000003a0      0x118 Drivers/STM32L4xx_HAL_Driver/Src/stm32l4xx_hal_cortex.o
 .debug_aranges
                0x00000000000004b8       0x80 Drivers/STM32L4xx_HAL_Driver/Src/stm32l4xx_hal_dma.o
 .debug_aranges
                0x0000000000000538       0x58 Drivers/STM32L4xx_HAL_Driver/Src/stm32l4xx_hal_gpio.o
 .debug_aranges
                0x0000000000000590      0x150 Drivers/STM32L4xx_HAL_Driver/Src/stm32l4xx_hal_pwr_ex.o
 .debug_aranges
                0x00000000000006e0       0x88 Drivers/STM32L4xx_HAL_Driver/Src/stm32l4xx_hal_rcc.o
 .debug_aranges
                0x0000000000000768       0xc0 Drivers/STM32L4xx_HAL_Driver/Src/stm32l4xx_hal_rcc_ex.o
 .debug_aranges
                0x0000000000000828      0x210 Drivers/STM32L4xx_HAL_Driver/Src/stm32l4xx_hal_uart.o
 .debug_aranges
                0x0000000000000a38       0x60 Drivers/STM32L4xx_HAL_Driver/Src/stm32l4xx_hal_uart_ex.o

.debug_ranges   0x0000000000000000      0x960
 .debug_ranges  0x0000000000000000       0x68 Core/Src/ESP8266.o
 .debug_ranges  0x0000000000000068       0x10 Core/Src/gpio.o
 .debug_ranges  0x0000000000000078       0x20 Core/Src/main.o
 .debug_ranges  0x0000000000000098       0x10 Core/Src/stm32l4xx_hal_msp.o
 .debug_ranges  0x00000000000000a8       0x58 Core/Src/stm32l4xx_it.o
 .debug_ranges  0x0000000000000100       0x10 Core/Src/sysmem.o
 .debug_ranges  0x0000000000000110       0x18 Core/Src/system_stm32l4xx.o
 .debug_ranges  0x0000000000000128       0x30 Core/Src/test.o
 .debug_ranges  0x0000000000000158       0x28 Core/Src/ultrasonic.o
 .debug_ranges  0x0000000000000180       0x28 Core/Src/usart.o
 .debug_ranges  0x00000000000001a8       0x20 Core/Startup/startup_stm32l476rgtx.o
 .debug_ranges  0x00000000000001c8      0x120 Drivers/STM32L4xx_HAL_Driver/Src/stm32l4xx_hal.o
 .debug_ranges  0x00000000000002e8      0x108 Drivers/STM32L4xx_HAL_Driver/Src/stm32l4xx_hal_cortex.o
 .debug_ranges  0x00000000000003f0       0x70 Drivers/STM32L4xx_HAL_Driver/Src/stm32l4xx_hal_dma.o
 .debug_ranges  0x0000000000000460       0x48 Drivers/STM32L4xx_HAL_Driver/Src/stm32l4xx_hal_gpio.o
 .debug_ranges  0x00000000000004a8      0x140 Drivers/STM32L4xx_HAL_Driver/Src/stm32l4xx_hal_pwr_ex.o
 .debug_ranges  0x00000000000005e8       0x78 Drivers/STM32L4xx_HAL_Driver/Src/stm32l4xx_hal_rcc.o
 .debug_ranges  0x0000000000000660       0xb0 Drivers/STM32L4xx_HAL_Driver/Src/stm32l4xx_hal_rcc_ex.o
 .debug_ranges  0x0000000000000710      0x200 Drivers/STM32L4xx_HAL_Driver/Src/stm32l4xx_hal_uart.o
 .debug_ranges  0x0000000000000910       0x50 Drivers/STM32L4xx_HAL_Driver/Src/stm32l4xx_hal_uart_ex.o

.debug_macro    0x0000000000000000    0x27152
 .debug_macro   0x0000000000000000      0x381 Core/Src/ESP8266.o
 .debug_macro   0x0000000000000381      0xa5a Core/Src/ESP8266.o
 .debug_macro   0x0000000000000ddb      0x1a7 Core/Src/ESP8266.o
 .debug_macro   0x0000000000000f82       0x2e Core/Src/ESP8266.o
 .debug_macro   0x0000000000000fb0       0x28 Core/Src/ESP8266.o
 .debug_macro   0x0000000000000fd8       0x22 Core/Src/ESP8266.o
 .debug_macro   0x0000000000000ffa       0x8e Core/Src/ESP8266.o
 .debug_macro   0x0000000000001088       0x51 Core/Src/ESP8266.o
 .debug_macro   0x00000000000010d9       0xef Core/Src/ESP8266.o
 .debug_macro   0x00000000000011c8       0x6a Core/Src/ESP8266.o
 .debug_macro   0x0000000000001232      0x1df Core/Src/ESP8266.o
 .debug_macro   0x0000000000001411       0x1c Core/Src/ESP8266.o
 .debug_macro   0x000000000000142d       0x22 Core/Src/ESP8266.o
 .debug_macro   0x000000000000144f      0x101 Core/Src/ESP8266.o
 .debug_macro   0x0000000000001550     0x1011 Core/Src/ESP8266.o
 .debug_macro   0x0000000000002561      0x11f Core/Src/ESP8266.o
 .debug_macro   0x0000000000002680    0x1a13d Core/Src/ESP8266.o
 .debug_macro   0x000000000001c7bd       0x43 Core/Src/ESP8266.o
 .debug_macro   0x000000000001c800     0x3890 Core/Src/ESP8266.o
 .debug_macro   0x0000000000020090      0x174 Core/Src/ESP8266.o
 .debug_macro   0x0000000000020204       0x5c Core/Src/ESP8266.o
 .debug_macro   0x0000000000020260     0x155f Core/Src/ESP8266.o
 .debug_macro   0x00000000000217bf      0x59e Core/Src/ESP8266.o
 .debug_macro   0x0000000000021d5d      0x13d Core/Src/ESP8266.o
 .debug_macro   0x0000000000021e9a      0x18b Core/Src/ESP8266.o
 .debug_macro   0x0000000000022025      0x26b Core/Src/ESP8266.o
 .debug_macro   0x0000000000022290      0x23d Core/Src/ESP8266.o
 .debug_macro   0x00000000000224cd      0x241 Core/Src/ESP8266.o
 .debug_macro   0x000000000002270e      0x37c Core/Src/ESP8266.o
 .debug_macro   0x0000000000022a8a       0xd6 Core/Src/ESP8266.o
 .debug_macro   0x0000000000022b60      0x22c Core/Src/ESP8266.o
 .debug_macro   0x0000000000022d8c       0x61 Core/Src/ESP8266.o
 .debug_macro   0x0000000000022ded       0xa5 Core/Src/ESP8266.o
 .debug_macro   0x0000000000022e92      0x122 Core/Src/ESP8266.o
 .debug_macro   0x0000000000022fb4      0x3e9 Core/Src/ESP8266.o
 .debug_macro   0x000000000002339d      0x59e Core/Src/ESP8266.o
 .debug_macro   0x000000000002393b       0x44 Core/Src/ESP8266.o
 .debug_macro   0x000000000002397f      0x331 Core/Src/ESP8266.o
 .debug_macro   0x0000000000023cb0       0x70 Core/Src/ESP8266.o
 .debug_macro   0x0000000000023d20       0x46 Core/Src/ESP8266.o
 .debug_macro   0x0000000000023d66       0x18 Core/Src/ESP8266.o
 .debug_macro   0x0000000000023d7e       0x3c Core/Src/ESP8266.o
 .debug_macro   0x0000000000023dba       0x34 Core/Src/ESP8266.o
 .debug_macro   0x0000000000023dee       0x52 Core/Src/ESP8266.o
 .debug_macro   0x0000000000023e40       0x1f Core/Src/ESP8266.o
 .debug_macro   0x0000000000023e5f       0x43 Core/Src/ESP8266.o
 .debug_macro   0x0000000000023ea2       0x20 Core/Src/ESP8266.o
 .debug_macro   0x0000000000023ec2      0x1a3 Core/Src/ESP8266.o
 .debug_macro   0x0000000000024065      0x32a Core/Src/ESP8266.o
 .debug_macro   0x000000000002438f       0x10 Core/Src/ESP8266.o
 .debug_macro   0x000000000002439f       0x35 Core/Src/ESP8266.o
 .debug_macro   0x00000000000243d4       0x20 Core/Src/ESP8266.o
 .debug_macro   0x00000000000243f4       0x1c Core/Src/ESP8266.o
 .debug_macro   0x0000000000024410       0x10 Core/Src/ESP8266.o
 .debug_macro   0x0000000000024420       0x10 Core/Src/ESP8266.o
 .debug_macro   0x0000000000024430       0x1c Core/Src/ESP8266.o
 .debug_macro   0x000000000002444c       0x52 Core/Src/ESP8266.o
 .debug_macro   0x000000000002449e       0x40 Core/Src/ESP8266.o
 .debug_macro   0x00000000000244de       0x10 Core/Src/ESP8266.o
 .debug_macro   0x00000000000244ee       0x40 Core/Src/ESP8266.o
 .debug_macro   0x000000000002452e       0xd7 Core/Src/ESP8266.o
 .debug_macro   0x0000000000024605       0x1c Core/Src/ESP8266.o
 .debug_macro   0x0000000000024621       0x3d Core/Src/ESP8266.o
 .debug_macro   0x000000000002465e       0x16 Core/Src/ESP8266.o
 .debug_macro   0x0000000000024674      0x145 Core/Src/ESP8266.o
 .debug_macro   0x00000000000247b9       0x22 Core/Src/ESP8266.o
 .debug_macro   0x00000000000247db      0x1de Core/Src/gpio.o
 .debug_macro   0x00000000000249b9      0x1f8 Core/Src/main.o
 .debug_macro   0x0000000000024bb1      0x1d4 Core/Src/stm32l4xx_hal_msp.o
 .debug_macro   0x0000000000024d85      0x1de Core/Src/stm32l4xx_it.o
 .debug_macro   0x0000000000024f63       0xee Core/Src/sysmem.o
 .debug_macro   0x0000000000025051      0x23b Core/Src/sysmem.o
 .debug_macro   0x000000000002528c      0x1cb Core/Src/system_stm32l4xx.o
 .debug_macro   0x0000000000025457      0x3a5 Core/Src/test.o
 .debug_macro   0x00000000000257fc      0x33c Core/Src/ultrasonic.o
 .debug_macro   0x0000000000025b38       0x16 Core/Src/ultrasonic.o
 .debug_macro   0x0000000000025b4e       0x97 Core/Src/ultrasonic.o
 .debug_macro   0x0000000000025be5       0xfd Core/Src/ultrasonic.o
 .debug_macro   0x0000000000025ce2       0xfb Core/Src/ultrasonic.o
 .debug_macro   0x0000000000025ddd       0x56 Core/Src/ultrasonic.o
 .debug_macro   0x0000000000025e33      0x1de Core/Src/usart.o
 .debug_macro   0x0000000000026011      0x213 Drivers/STM32L4xx_HAL_Driver/Src/stm32l4xx_hal.o
 .debug_macro   0x0000000000026224      0x1c5 Drivers/STM32L4xx_HAL_Driver/Src/stm32l4xx_hal_cortex.o
 .debug_macro   0x00000000000263e9      0x1c5 Drivers/STM32L4xx_HAL_Driver/Src/stm32l4xx_hal_dma.o
 .debug_macro   0x00000000000265ae      0x204 Drivers/STM32L4xx_HAL_Driver/Src/stm32l4xx_hal_gpio.o
 .debug_macro   0x00000000000267b2      0x1e9 Drivers/STM32L4xx_HAL_Driver/Src/stm32l4xx_hal_pwr_ex.o
 .debug_macro   0x000000000002699b      0x207 Drivers/STM32L4xx_HAL_Driver/Src/stm32l4xx_hal_rcc.o
 .debug_macro   0x0000000000026ba2      0x1fb Drivers/STM32L4xx_HAL_Driver/Src/stm32l4xx_hal_rcc_ex.o
 .debug_macro   0x0000000000026d9d      0x1f0 Drivers/STM32L4xx_HAL_Driver/Src/stm32l4xx_hal_uart.o
 .debug_macro   0x0000000000026f8d      0x1c5 Drivers/STM32L4xx_HAL_Driver/Src/stm32l4xx_hal_uart_ex.o

.debug_line     0x0000000000000000     0xc489
 .debug_line    0x0000000000000000      0xbb6 Core/Src/ESP8266.o
 .debug_line    0x0000000000000bb6      0x812 Core/Src/gpio.o
 .debug_line    0x00000000000013c8      0x84e Core/Src/main.o
 .debug_line    0x0000000000001c16      0x7ff Core/Src/stm32l4xx_hal_msp.o
 .debug_line    0x0000000000002415      0x8b5 Core/Src/stm32l4xx_it.o
 .debug_line    0x0000000000002cca      0x630 Core/Src/sysmem.o
 .debug_line    0x00000000000032fa      0x82a Core/Src/system_stm32l4xx.o
 .debug_line    0x0000000000003b24      0xaf0 Core/Src/test.o
 .debug_line    0x0000000000004614      0xa63 Core/Src/ultrasonic.o
 .debug_line    0x0000000000005077      0x86b Core/Src/usart.o
 .debug_line    0x00000000000058e2       0x87 Core/Startup/startup_stm32l476rgtx.o
 .debug_line    0x0000000000005969      0xaa1 Drivers/STM32L4xx_HAL_Driver/Src/stm32l4xx_hal.o
 .debug_line    0x000000000000640a      0xb28 Drivers/STM32L4xx_HAL_Driver/Src/stm32l4xx_hal_cortex.o
 .debug_line    0x0000000000006f32      0xa23 Drivers/STM32L4xx_HAL_Driver/Src/stm32l4xx_hal_dma.o
 .debug_line    0x0000000000007955      0x9bb Drivers/STM32L4xx_HAL_Driver/Src/stm32l4xx_hal_gpio.o
 .debug_line    0x0000000000008310      0xbb4 Drivers/STM32L4xx_HAL_Driver/Src/stm32l4xx_hal_pwr_ex.o
 .debug_line    0x0000000000008ec4      0xb17 Drivers/STM32L4xx_HAL_Driver/Src/stm32l4xx_hal_rcc.o
 .debug_line    0x00000000000099db      0xdad Drivers/STM32L4xx_HAL_Driver/Src/stm32l4xx_hal_rcc_ex.o
 .debug_line    0x000000000000a788     0x13af Drivers/STM32L4xx_HAL_Driver/Src/stm32l4xx_hal_uart.o
 .debug_line    0x000000000000bb37      0x952 Drivers/STM32L4xx_HAL_Driver/Src/stm32l4xx_hal_uart_ex.o

.debug_str      0x0000000000000000    0xea0cf
 .debug_str     0x0000000000000000    0xe6a94 Core/Src/ESP8266.o
                                      0xe6e1c (size before relaxing)
 .debug_str     0x00000000000e6a94      0x1d6 Core/Src/gpio.o
                                      0xe2468 (size before relaxing)
 .debug_str     0x00000000000e6c6a      0x42d Core/Src/main.o
                                      0xe2a9b (size before relaxing)
 .debug_str     0x00000000000e7097       0x2c Core/Src/stm32l4xx_hal_msp.o
                                      0xe23c8 (size before relaxing)
 .debug_str     0x00000000000e70c3       0xce Core/Src/stm32l4xx_it.o
                                      0xe26e1 (size before relaxing)
 .debug_str     0x00000000000e7191      0x4e9 Core/Src/sysmem.o
                                       0x5f70 (size before relaxing)
 .debug_str     0x00000000000e767a       0xcd Core/Src/system_stm32l4xx.o
                                      0xe22e6 (size before relaxing)
 .debug_str     0x00000000000e7747       0x7d Core/Src/test.o
                                      0xe6c0a (size before relaxing)
 .debug_str     0x00000000000e77c4       0x8f Core/Src/ultrasonic.o
                                      0xe6453 (size before relaxing)
 .debug_str     0x00000000000e7853      0x4a4 Core/Src/usart.o
                                      0xe2d26 (size before relaxing)
 .debug_str     0x00000000000e7cf7       0x36 Core/Startup/startup_stm32l476rgtx.o
                                         0x7d (size before relaxing)
 .debug_str     0x00000000000e7d2d      0x627 Drivers/STM32L4xx_HAL_Driver/Src/stm32l4xx_hal.o
                                      0xe2e36 (size before relaxing)
 .debug_str     0x00000000000e8354      0x383 Drivers/STM32L4xx_HAL_Driver/Src/stm32l4xx_hal_cortex.o
                                      0xe2b3a (size before relaxing)
 .debug_str     0x00000000000e86d7      0x258 Drivers/STM32L4xx_HAL_Driver/Src/stm32l4xx_hal_dma.o
                                      0xe253e (size before relaxing)
 .debug_str     0x00000000000e892f      0x236 Drivers/STM32L4xx_HAL_Driver/Src/stm32l4xx_hal_gpio.o
                                      0xe2565 (size before relaxing)
 .debug_str     0x00000000000e8b65      0x4b4 Drivers/STM32L4xx_HAL_Driver/Src/stm32l4xx_hal_pwr_ex.o
                                      0xe2801 (size before relaxing)
 .debug_str     0x00000000000e9019      0x34e Drivers/STM32L4xx_HAL_Driver/Src/stm32l4xx_hal_rcc.o
                                      0xe28a8 (size before relaxing)
 .debug_str     0x00000000000e9367      0x3a6 Drivers/STM32L4xx_HAL_Driver/Src/stm32l4xx_hal_rcc_ex.o
                                      0xe2a39 (size before relaxing)
 .debug_str     0x00000000000e970d      0x834 Drivers/STM32L4xx_HAL_Driver/Src/stm32l4xx_hal_uart.o
                                      0xe2e9d (size before relaxing)
 .debug_str     0x00000000000e9f41      0x18e Drivers/STM32L4xx_HAL_Driver/Src/stm32l4xx_hal_uart_ex.o
                                      0xe268c (size before relaxing)

.comment        0x0000000000000000       0x7b
 .comment       0x0000000000000000       0x7b Core/Src/ESP8266.o
                                         0x7c (size before relaxing)
 .comment       0x000000000000007b       0x7c Core/Src/gpio.o
 .comment       0x000000000000007b       0x7c Core/Src/main.o
 .comment       0x000000000000007b       0x7c Core/Src/stm32l4xx_hal_msp.o
 .comment       0x000000000000007b       0x7c Core/Src/stm32l4xx_it.o
 .comment       0x000000000000007b       0x7c Core/Src/sysmem.o
 .comment       0x000000000000007b       0x7c Core/Src/system_stm32l4xx.o
 .comment       0x000000000000007b       0x7c Core/Src/test.o
 .comment       0x000000000000007b       0x7c Core/Src/ultrasonic.o
 .comment       0x000000000000007b       0x7c Core/Src/usart.o
 .comment       0x000000000000007b       0x7c Drivers/STM32L4xx_HAL_Driver/Src/stm32l4xx_hal.o
 .comment       0x000000000000007b       0x7c Drivers/STM32L4xx_HAL_Driver/Src/stm32l4xx_hal_cortex.o
 .comment       0x000000000000007b       0x7c Drivers/STM32L4xx_HAL_Driver/Src/stm32l4xx_hal_dma.o
 .comment       0x000000000000007b       0x7c Drivers/STM32L4xx_HAL_Driver/Src/stm32l4xx_hal_gpio.o
 .comment       0x000000000000007b       0x7c Drivers/STM32L4xx_HAL_Driver/Src/stm32l4xx_hal_pwr_ex.o
 .comment       0x000000000000007b       0x7c Drivers/STM32L4xx_HAL_Driver/Src/stm32l4xx_hal_rcc.o
 .comment       0x000000000000007b       0x7c Drivers/STM32L4xx_HAL_Driver/Src/stm32l4xx_hal_rcc_ex.o
 .comment       0x000000000000007b       0x7c Drivers/STM32L4xx_HAL_Driver/Src/stm32l4xx_hal_uart.o
 .comment       0x000000000000007b       0x7c Drivers/STM32L4xx_HAL_Driver/Src/stm32l4xx_hal_uart_ex.o

.debug_frame    0x0000000000000000     0x2d08
 .debug_frame   0x0000000000000000      0x1bc Core/Src/ESP8266.o
 .debug_frame   0x00000000000001bc       0x34 Core/Src/gpio.o
 .debug_frame   0x00000000000001f0       0x74 Core/Src/main.o
 .debug_frame   0x0000000000000264       0x38 Core/Src/stm32l4xx_hal_msp.o
 .debug_frame   0x000000000000029c      0x128 Core/Src/stm32l4xx_it.o
 .debug_frame   0x00000000000003c4       0x34 Core/Src/sysmem.o
 .debug_frame   0x00000000000003f8       0x58 Core/Src/system_stm32l4xx.o
 .debug_frame   0x0000000000000450       0xb8 Core/Src/test.o
 .debug_frame   0x0000000000000508       0x98 Core/Src/ultrasonic.o
 .debug_frame   0x00000000000005a0       0x90 Core/Src/usart.o
 .debug_frame   0x0000000000000630      0x498 Drivers/STM32L4xx_HAL_Driver/Src/stm32l4xx_hal.o
 .debug_frame   0x0000000000000ac8      0x498 Drivers/STM32L4xx_HAL_Driver/Src/stm32l4xx_hal_cortex.o
 .debug_frame   0x0000000000000f60      0x204 Drivers/STM32L4xx_HAL_Driver/Src/stm32l4xx_hal_dma.o
 .debug_frame   0x0000000000001164      0x14c Drivers/STM32L4xx_HAL_Driver/Src/stm32l4xx_hal_gpio.o
 .debug_frame   0x00000000000012b0      0x544 Drivers/STM32L4xx_HAL_Driver/Src/stm32l4xx_hal_pwr_ex.o
 .debug_frame   0x00000000000017f4      0x1f4 Drivers/STM32L4xx_HAL_Driver/Src/stm32l4xx_hal_rcc.o
 .debug_frame   0x00000000000019e8      0x2fc Drivers/STM32L4xx_HAL_Driver/Src/stm32l4xx_hal_rcc_ex.o
 .debug_frame   0x0000000000001ce4      0x974 Drivers/STM32L4xx_HAL_Driver/Src/stm32l4xx_hal_uart.o
 .debug_frame   0x0000000000002658      0x170 Drivers/STM32L4xx_HAL_Driver/Src/stm32l4xx_hal_uart_ex.o
 .debug_frame   0x00000000000027c8       0x20 c:/users/axel-/desktop/skolgrejer/inbyggda system/stm32cubeide_1.4.0/stm32cubeide/plugins/com.st.stm32cube.ide.mcu.externaltools.gnu-tools-for-stm32.7-2018-q2-update.win32_1.4.0.202007081208/tools/bin/../lib/gcc/arm-none-eabi/7.3.1/../../../../arm-none-eabi/lib/thumb/v7e-m/fpv4-sp/hard\libc_nano.a(lib_a-errno.o)
 .debug_frame   0x00000000000027e8       0x2c c:/users/axel-/desktop/skolgrejer/inbyggda system/stm32cubeide_1.4.0/stm32cubeide/plugins/com.st.stm32cube.ide.mcu.externaltools.gnu-tools-for-stm32.7-2018-q2-update.win32_1.4.0.202007081208/tools/bin/../lib/gcc/arm-none-eabi/7.3.1/../../../../arm-none-eabi/lib/thumb/v7e-m/fpv4-sp/hard\libc_nano.a(lib_a-init.o)
 .debug_frame   0x0000000000002814       0x20 c:/users/axel-/desktop/skolgrejer/inbyggda system/stm32cubeide_1.4.0/stm32cubeide/plugins/com.st.stm32cube.ide.mcu.externaltools.gnu-tools-for-stm32.7-2018-q2-update.win32_1.4.0.202007081208/tools/bin/../lib/gcc/arm-none-eabi/7.3.1/../../../../arm-none-eabi/lib/thumb/v7e-m/fpv4-sp/hard\libc_nano.a(lib_a-memset.o)
 .debug_frame   0x0000000000002834       0x6c c:/users/axel-/desktop/skolgrejer/inbyggda system/stm32cubeide_1.4.0/stm32cubeide/plugins/com.st.stm32cube.ide.mcu.externaltools.gnu-tools-for-stm32.7-2018-q2-update.win32_1.4.0.202007081208/tools/bin/../lib/gcc/arm-none-eabi/7.3.1/../../../../arm-none-eabi/lib/thumb/v7e-m/fpv4-sp/hard\libc_nano.a(lib_a-sprintf.o)
 .debug_frame   0x00000000000028a0       0x30 c:/users/axel-/desktop/skolgrejer/inbyggda system/stm32cubeide_1.4.0/stm32cubeide/plugins/com.st.stm32cube.ide.mcu.externaltools.gnu-tools-for-stm32.7-2018-q2-update.win32_1.4.0.202007081208/tools/bin/../lib/gcc/arm-none-eabi/7.3.1/../../../../arm-none-eabi/lib/thumb/v7e-m/fpv4-sp/hard\libc_nano.a(lib_a-strstr.o)
 .debug_frame   0x00000000000028d0       0x90 c:/users/axel-/desktop/skolgrejer/inbyggda system/stm32cubeide_1.4.0/stm32cubeide/plugins/com.st.stm32cube.ide.mcu.externaltools.gnu-tools-for-stm32.7-2018-q2-update.win32_1.4.0.202007081208/tools/bin/../lib/gcc/arm-none-eabi/7.3.1/../../../../arm-none-eabi/lib/thumb/v7e-m/fpv4-sp/hard\libc_nano.a(lib_a-nano-svfprintf.o)
 .debug_frame   0x0000000000002960       0x60 c:/users/axel-/desktop/skolgrejer/inbyggda system/stm32cubeide_1.4.0/stm32cubeide/plugins/com.st.stm32cube.ide.mcu.externaltools.gnu-tools-for-stm32.7-2018-q2-update.win32_1.4.0.202007081208/tools/bin/../lib/gcc/arm-none-eabi/7.3.1/../../../../arm-none-eabi/lib/thumb/v7e-m/fpv4-sp/hard\libc_nano.a(lib_a-nano-vfprintf_i.o)
 .debug_frame   0x00000000000029c0       0x28 c:/users/axel-/desktop/skolgrejer/inbyggda system/stm32cubeide_1.4.0/stm32cubeide/plugins/com.st.stm32cube.ide.mcu.externaltools.gnu-tools-for-stm32.7-2018-q2-update.win32_1.4.0.202007081208/tools/bin/../lib/gcc/arm-none-eabi/7.3.1/../../../../arm-none-eabi/lib/thumb/v7e-m/fpv4-sp/hard\libc_nano.a(lib_a-memcpy-stub.o)
 .debug_frame   0x00000000000029e8       0x28 c:/users/axel-/desktop/skolgrejer/inbyggda system/stm32cubeide_1.4.0/stm32cubeide/plugins/com.st.stm32cube.ide.mcu.externaltools.gnu-tools-for-stm32.7-2018-q2-update.win32_1.4.0.202007081208/tools/bin/../lib/gcc/arm-none-eabi/7.3.1/../../../../arm-none-eabi/lib/thumb/v7e-m/fpv4-sp/hard\libc_nano.a(lib_a-memmove.o)
 .debug_frame   0x0000000000002a10       0x38 c:/users/axel-/desktop/skolgrejer/inbyggda system/stm32cubeide_1.4.0/stm32cubeide/plugins/com.st.stm32cube.ide.mcu.externaltools.gnu-tools-for-stm32.7-2018-q2-update.win32_1.4.0.202007081208/tools/bin/../lib/gcc/arm-none-eabi/7.3.1/../../../../arm-none-eabi/lib/thumb/v7e-m/fpv4-sp/hard\libc_nano.a(lib_a-nano-freer.o)
 .debug_frame   0x0000000000002a48       0x2c c:/users/axel-/desktop/skolgrejer/inbyggda system/stm32cubeide_1.4.0/stm32cubeide/plugins/com.st.stm32cube.ide.mcu.externaltools.gnu-tools-for-stm32.7-2018-q2-update.win32_1.4.0.202007081208/tools/bin/../lib/gcc/arm-none-eabi/7.3.1/../../../../arm-none-eabi/lib/thumb/v7e-m/fpv4-sp/hard\libc_nano.a(lib_a-nano-mallocr.o)
 .debug_frame   0x0000000000002a74       0x3c c:/users/axel-/desktop/skolgrejer/inbyggda system/stm32cubeide_1.4.0/stm32cubeide/plugins/com.st.stm32cube.ide.mcu.externaltools.gnu-tools-for-stm32.7-2018-q2-update.win32_1.4.0.202007081208/tools/bin/../lib/gcc/arm-none-eabi/7.3.1/../../../../arm-none-eabi/lib/thumb/v7e-m/fpv4-sp/hard\libc_nano.a(lib_a-nano-reallocr.o)