ESP8266.c:20:6:init_uart_interrupt	8	static
ESP8266.c:25:6:HAL_UART_RxCpltCallback	16	static
ESP8266.c:35:21:hash	24	static
ESP8266.c:44:13:esp8266_sendCommand	16	static
ESP8266.c:70:13:esp8266_send_data	16	static
ESP8266.c:89:6:esp8266_initialize	72	static
ESP8266.c:108:6:esp8266_get_connection_command	32	static
ESP8266.c:112:6:eps8266_connection	48	static
ESP8266.c:121:6:esp8266_get_at_send_command	16	static
ESP8266.c:125:9:esp8266_http_get_request	40	static
ESP8266.c:134:13:get_return	24	static
ESP8266.c:225:13:evaluate	4	static
